Archive member included to satisfy reference by file (symbol)

build/us/libultra.a(bcopy.o)  build/us/src/game/save_file.o (bcopy)
build/us/libultra.a(osWritebackDCacheAll.o)
                              build/us/src/game/main.o (osWritebackDCacheAll)
build/us/libultra.a(bzero.o)  build/us/src/game/memory.o (bzero)
build/us/libultra.a(osInvalDCache.o)
                              build/us/src/game/memory.o (osInvalDCache)
build/us/libultra.a(osUnmapTLBAll.o)
                              build/us/src/game/main.o (osUnmapTLBAll)
build/us/libultra.a(osInvalICache.o)
                              build/us/src/game/memory.o (osInvalICache)
build/us/libultra.a(osMapTLB.o)
                              build/us/src/game/main.o (osMapTLB)
build/us/libultra.a(osWritebackDCache.o)
                              build/us/src/audio/playback.o (osWritebackDCache)
build/us/libultra.a(osContInit.o)
                              build/us/src/game/game.o (osContInit)
build/us/libultra.a(sprintf.o)
                              build/us/src/game/main.o (sprintf)
build/us/libultra.a(osViSetEvent.o)
                              build/us/src/game/main.o (osViSetEvent)
build/us/libultra.a(osViSetSpecialFeatures.o)
                              build/us/src/game/main.o (osViSetSpecialFeatures)
build/us/libultra.a(osVirtualToPhysical.o)
                              build/us/src/goddard/mario_head_6.o (osVirtualToPhysical)
build/us/libultra.a(osEepromLongWrite.o)
                              build/us/src/game/save_file.o (osEepromLongWrite)
build/us/libultra.a(osGetTime.o)
                              build/us/src/game/profiler.o (osGetTime)
build/us/libultra.a(osCreatePiManager.o)
                              build/us/src/game/main.o (osCreatePiManager)
build/us/libultra.a(guPerspectiveF.o)
                              build/us/src/game/rendering_graph_node.o (guPerspective)
build/us/libultra.a(osInitialize.o)
                              build/us/src/game/main.o (osClockRate)
build/us/libultra.a(osSpTaskLoadGo.o)
                              build/us/src/game/main.o (osSpTaskLoad)
build/us/libultra.a(osAiGetLength.o)
                              build/us/src/audio/interface_2.o (osAiGetLength)
build/us/libultra.a(osPiStartDma.o)
                              build/us/src/game/memory.o (osPiStartDma)
build/us/libultra.a(guOrthoF.o)
                              build/us/src/game/rendering_graph_node.o (guOrtho)
build/us/libultra.a(osViSetMode.o)
                              build/us/src/game/main.o (osViSetMode)
build/us/libultra.a(osContStartReadData.o)
                              build/us/libultra.a(osContInit.o) (D_80365CE0)
build/us/libultra.a(__osSiCreateAccessQueue.o)
                              build/us/libultra.a(osContInit.o) (__osSiCreateAccessQueue)
build/us/libultra.a(_Printf.o)
                              build/us/libultra.a(sprintf.o) (_Printf)
build/us/libultra.a(osEepromWrite.o)
                              build/us/libultra.a(osEepromLongWrite.o) (osEepromWrite)
build/us/libultra.a(osSetEventMesg.o)
                              build/us/src/game/main.o (osSetEventMesg)
build/us/libultra.a(sqrtf.o)  build/us/src/game/game.o (sqrtf)
build/us/libultra.a(__osSiRawStartDma.o)
                              build/us/libultra.a(osContInit.o) (__osSiRawStartDma)
build/us/libultra.a(osViSwapBuffer.o)
                              build/us/src/game/display.o (osViSwapBuffer)
build/us/libultra.a(osCreateViManager.o)
                              build/us/src/game/main.o (osViModeTable)
build/us/libultra.a(__osSpSetStatus.o)
                              build/us/libultra.a(osSpTaskLoadGo.o) (__osSpSetStatus)
build/us/libultra.a(osSetThreadPri.o)
                              build/us/src/game/main.o (osSetThreadPri)
build/us/libultra.a(guRotateF.o)
                              build/us/src/game/paintings.o (guRotate)
build/us/libultra.a(osGetThreadPri.o)
                              build/us/libultra.a(osCreatePiManager.o) (osGetThreadPri)
build/us/libultra.a(osJamMesg.o)
                              build/us/libultra.a(osPiStartDma.o) (osJamMesg)
build/us/libultra.a(osEepromLongRead.o)
                              build/us/src/game/save_file.o (osEepromLongRead)
build/us/libultra.a(osSetTimer.o)
                              build/us/libultra.a(osContInit.o) (osSetTimer)
build/us/libultra.a(__osViInit.o)
                              build/us/libultra.a(osViSetEvent.o) (D_80334914)
build/us/libultra.a(osViData.o)
                              build/us/libultra.a(__osViInit.o) (D_80334990)
build/us/libultra.a(__osSiRawReadIo.o)
                              build/us/libultra.a(osInitialize.o) (__osSiRawReadIo)
build/us/libultra.a(osCreateMesgQueue.o)
                              build/us/src/game/main.o (osCreateMesgQueue)
build/us/libultra.a(osTimer.o)
                              build/us/libultra.a(osSetTimer.o) (D_80334830)
build/us/libultra.a(__osPiCreateAccessQueue.o)
[...]
Memory Configuration

Name             Origin             Length             Attributes
*default*        0x0000000000000000 0xffffffffffffffff

Linker script and memory map

                0x0000000080000300                osTvType = 0x80000300
                0x0000000080000308                osRomBase = 0x80000308
                0x000000008000030c                osResetType = 0x8000030c
                0x000000008000031c                osAppNmiBuffer = 0x8000031c
                0x0000000080000400                gZBuffer = 0x80000400
                0x00000000a0000004                D_A0000004 = 0xa0000004
                0x00000000a0000008                D_A0000008 = 0xa0000008
                0x00000000a000000c                D_A000000C = 0xa000000c
                0x00000000a0000014                D_A0000014 = 0xa0000014
                0x00000000a0000018                D_A0000018 = 0xa0000018
                0x00000000a3f00018                D_A3F00018 = 0xa3f00018
                0x00000000a3f00024                D_A3F00024 = 0xa3f00024
                0x00000000a3f80004                D_A3F80004 = 0xa3f80004
                0x00000000a3f80008                D_A3F80008 = 0xa3f80008
                0x00000000a3f8000c                D_A3F8000C = 0xa3f8000c
                0x00000000a3f80014                D_A3F80014 = 0xa3f80014
                0x00000000a40004c0                D_A40004C0 = 0xa40004c0
                0x00000000a4000774                D_A4000774 = 0xa4000774
                0x00000000a4001000                D_A4001000 = 0xa4001000
                0x00000000a4040004                D_A4040004 = 0xa4040004
                0x00000000a4040008                D_A4040008 = 0xa4040008
                0x00000000a404000c                D_A404000C = 0xa404000c
                0x00000000a4040010                D_A4040010 = 0xa4040010
                0x00000000a4300004                D_A4300004 = 0xa4300004
                0x00000000a4300008                D_A4300008 = 0xa4300008
                0x00000000a430000c                D_A430000C = 0xa430000c
                0x00000000a4400004                D_A4400004 = 0xa4400004
                0x00000000a4400008                D_A4400008 = 0xa4400008
                0x00000000a440000c                D_A440000C = 0xa440000c
                0x00000000a4400010                D_A4400010 = 0xa4400010
                0x00000000a4400014                D_A4400014 = 0xa4400014
                0x00000000a4400018                D_A4400018 = 0xa4400018
                0x00000000a440001c                D_A440001C = 0xa440001c
                0x00000000a4400020                D_A4400020 = 0xa4400020
                0x00000000a4400024                D_A4400024 = 0xa4400024
                0x00000000a4400028                D_A4400028 = 0xa4400028
                0x00000000a440002c                D_A440002C = 0xa440002c
                0x00000000a4400030                D_A4400030 = 0xa4400030
                0x00000000a4400034                D_A4400034 = 0xa4400034
                0x00000000a4500004                D_A4500004 = 0xa4500004
                0x00000000a4500008                D_A4500008 = 0xa4500008
                0x00000000a450000c                D_A450000C = 0xa450000c
                0x00000000a4500010                D_A4500010 = 0xa4500010
                0x00000000a4500014                D_A4500014 = 0xa4500014
                0x00000000a4600004                D_A4600004 = 0xa4600004
                0x00000000a4600008                D_A4600008 = 0xa4600008
                0x00000000a460000c                D_A460000C = 0xa460000c
                0x00000000a4600010                D_A4600010 = 0xa4600010
                0x00000000a4700010                D_A4700010 = 0xa4700010
                0x00000000a4800004                D_A4800004 = 0xa4800004
                0x00000000a4800010                D_A4800010 = 0xa4800010
                0x00000000a4800018                D_A4800018 = 0xa4800018
                0x00000000b0000008                D_B0000008 = 0xb0000008
                0x0000000000000010                D_B0000010 = 0x10
                0x00000000b0000014                D_B0000014 = 0xb0000014
                0x00000000c0000008                D_C0000008 = 0xc0000008
                0x00000000c000000c                D_C000000C = 0xc000000c
                0x0000000000000000                __romPos = 0x0
                0x0000000004000000                _bootSegmentStart = ADDR (.boot)
                0x00000000007cc6c0                _bootSegmentRomStart = __romPos

.boot           0x0000000004000000     0x1000 load address 0x0000000000000000
 build/us/asm/rom_header.o(.text)
 .text          0x0000000004000000       0x40 build/us/asm/rom_header.o
 build/us/asm/boot.o(.text)
 .text          0x0000000004000040      0xfc0 build/us/asm/boot.o
                0x0000000004001000                _bootSegmentEnd = (ADDR (.boot) + SIZEOF (.boot))
                0x00000000007cd6c0                _bootSegmentRomEnd = (__romPos + SIZEOF (.boot))
                [0x00000000007cc6c0]                __romPos = (__romPos + SIZEOF (.boot))
                0x0000000080246000                _mainSegmentStart = ADDR (.main)
                0x00000000007cc6c0                _mainSegmentRomStart = __romPos

.main           0x0000000080246000    0xf4580 load address 0x0000000000001000
 build/us/asm/entry.o(.text)
 .text          0x0000000080246000       0x50 build/us/asm/entry.o
                0x0000000080246000                EntryPoint
 build/us/src/game/main.o(.text)
 .text          0x0000000080246050      0xe20 build/us/src/game/main.o
                0x0000000080246050                handle_debug_key_sequences
                0x0000000080246170                Unknown80246170
                0x00000000802461cc                Dummy802461CC
                0x00000000802461dc                Dummy802461DC
                0x00000000802461ec                Dummy802461EC
                0x00000000802461fc                setup_mesg_queues
                0x00000000802462e0                AllocPool
                0x0000000080246338                create_thread
                0x000000008024639c                handle_nmi_request
                0x00000000802463ec                receive_new_tasks
                0x000000008024651c                start_sptask
                0x000000008024659c                interrupt_gfx_sptask
                0x00000000802465ec                start_gfx_sptask
                0x0000000080246648                pretend_audio_sptask_done
                0x000000008024669c                handle_vblank
                0x00000000802467fc                handle_sp_complete
                0x000000008024694c                handle_dp_complete
                0x00000000802469b8                thread3_main
                0x0000000080246b14                set_vblank_handler
                0x0000000080246b74                SendMessage
                0x0000000080246bb4                dispatch_audio_sptask
                0x0000000080246c10                send_display_list
                0x0000000080246c9c                turn_on_audio
                0x0000000080246cb8                turn_off_audio
                0x0000000080246cf0                thread1_idle
                0x0000000080246df8                Main
 build/us/src/game/display.o(.text)
 .text          0x0000000080246e70     0x1370 build/us/src/game/display.o
                0x0000000080246e70                my_rdp_init
                0x00000000802471a4                my_rsp_init
                0x0000000080247284                clear_z_buffer
                0x00000000802473c8                display_frame_buffer
                0x00000000802474b8                clear_frame_buffer
                0x0000000080247620                clear_viewport
                0x000000008024784c                draw_screen_borders
                0x00000000802479bc                make_viewport_clip_rect
                0x0000000080247b3c                create_task_structure
                0x0000000080247ccc                init_render_image
                0x0000000080247d14                end_master_display_list
                0x0000000080247db4                func_80247D84
                0x0000000080247f08                func_80247ED8
                0x0000000080247fdc                func_80247FAC
                0x0000000080248090                display_and_vsync
 build/us/src/game/game.o(.text)
 .text          0x00000000802481e0      0xa60 build/us/src/game/game.o
                0x00000000802481e0                record_demo
                0x0000000080248304                adjust_analog_stick
                0x0000000080248498                run_demo_inputs
                0x0000000080248638                read_controller_inputs
                0x0000000080248824                init_controllers
                0x0000000080248964                setup_game_memory
                0x0000000080248af0                thread5_game_loop
 build/us/src/game/sound_init.o(.text)
 .text          0x0000000080248c40      0x9a0 build/us/src/game/sound_init.o
                0x0000000080248c40                func_80248C10
                0x0000000080248c58                func_80248C28
                0x0000000080248ce8                func_80248CB8
                0x0000000080248d78                func_80248D48
                0x0000000080248dc0                func_80248D90
                0x0000000080248e08                set_sound_mode
                0x0000000080248e54                func_80248E24
                0x0000000080248fec                func_80248FBC
                0x0000000080249070                func_80249040
                0x0000000080249178                func_80249148
                0x000000008024922c                func_802491FC
                0x000000008024927c                func_8024924C
                0x00000000802492d0                func_802492A0
                0x0000000080249310                func_802492E0
                0x000000008024934c                func_8024931C
                0x0000000080249398                func_80249368
                0x0000000080249404                func_802493D4
                0x0000000080249448                func_80249418
                0x0000000080249494                func_80249464
                0x00000000802494d8                func_802494A8
                0x0000000080249500                thread4_sound
 build/us/src/game/level_update.o(.text)
 .text          0x00000000802495e0     0x2a10 build/us/src/game/level_update.o
                0x00000000802495e0                level_control_timer
                0x00000000802496b8                pressed_paused
                0x0000000080249764                set_play_mode
                0x000000008024978c                func_8024975C
                0x00000000802497b8                func_80249788
                0x000000008024982c                nop_802497FC
                0x000000008024983c                func_8024980C
                0x000000008024995c                func_8024992C
                0x0000000080249a10                set_mario_initial_cap_powerup
                0x0000000080249ab4                set_mario_initial_action
                0x0000000080249cd8                init_mario_after_warp
                0x000000008024a124                func_8024A02C
                0x000000008024a18c                func_8024A094
                0x000000008024a1d8                func_8024A0E0
                0x000000008024a374                check_instant_warp
                0x000000008024a584                func_8024A48C
                0x000000008024a700                initiate_warp
                0x000000008024a7b4                get_painting_warp_node
                0x000000008024a85c                initiate_painting_warp
                0x000000008024a9cc                level_trigger_warp
                0x000000008024aedc                initiate_delayed_warp
                0x000000008024b13c                update_hud_values
                0x000000008024b390                basic_update
                0x000000008024b3e4                play_mode_normal
                0x000000008024b5d4                play_mode_paused
                0x000000008024b6cc                play_mode_frame_advance
                0x000000008024b798                level_set_transition
                0x000000008024b7c0                play_mode_change_area
                0x000000008024b880                play_mode_change_level
                0x000000008024b940                play_mode_unused
                0x000000008024b9b8                update_level
                0x000000008024ba8c                init_level
                0x000000008024bcd8                lvl_init_or_update
                0x000000008024bd5c                lvl_init_from_save_file
                0x000000008024be14                lvl_set_current_level
                0x000000008024bfa0                lvl_play_the_end_screen_sound
 build/us/src/game/interaction.o(.text)
 .text          0x000000008024bff0     0x4950 build/us/src/game/interaction.o
                0x000000008024bff0                get_mario_cap_flag
                0x000000008024c0b8                object_facing_mario
                0x000000008024c16c                mario_angle_to_object
                0x000000008024c1d8                determine_interaction
                0x000000008024c51c                attack_object
                0x000000008024c618                mario_stop_riding_object
                0x000000008024c66c                mario_grab_used_object
                0x000000008024c6c0                mario_drop_held_object
                0x000000008024c780                mario_throw_held_object
                0x000000008024c894                mario_stop_riding_and_holding
                0x000000008024c8fc                func_8024C75C
                0x000000008024c928                mario_blow_off_cap
                0x000000008024ca68                mario_lose_cap_to_enemy
                0x000000008024caf8                mario_retrieve_cap
                0x000000008024cb58                able_to_grab_object
                0x000000008024cbfc                mario_get_collided_object
                0x000000008024cc7c                mario_check_object_grab
                0x000000008024ce08                bully_knock_back_mario
                0x000000008024d0b4                bounce_off_object
                0x000000008024d130                hit_object_from_below
                0x000000008024d16c                unused_determine_knockback_action
                0x000000008024d2bc                determine_knockback_action
                0x000000008024d578                push_mario_out_of_object
                0x000000008024d72c                bounce_back_from_attack
                0x000000008024d804                func_8024D664
                0x000000008024d8b0                take_damage_from_interact_object
                0x000000008024d998                take_damage_and_knock_back
                0x000000008024daac                reset_mario_pitch
                0x000000008024db2c                interact_coin
                0x000000008024dbf0                interact_water_ring
                0x000000008024dc28                interact_star_or_key
                0x000000008024de4c                interact_bbh_entrance
                0x000000008024df10                interact_warp
                0x000000008024e0c4                interact_warp_door
                0x000000008024e2fc                get_door_save_file_flag
                0x000000008024e420                interact_door
                0x000000008024e6ec                interact_cannon_base
                0x000000008024e778                interact_igloo_barrier
                0x000000008024e7d4                interact_tornado
                0x000000008024e8f0                interact_whirlpool
                0x000000008024e9d0                interact_wind
                0x000000008024ead8                interact_flame
                0x000000008024ec54                interact_snufit_bullet
                0x000000008024ed84                interact_clam_or_bubba
                0x000000008024ee44                interact_bully
                0x000000008024eff8                interact_shock
                0x000000008024f134                func_8024EF8C
                0x000000008024f170                interact_mr_blizzard
                0x000000008024f1e0                interact_hit_from_below
                0x000000008024f354                interact_bounce_top
                0x000000008024f4ac                interact_unknown_08
                0x000000008024f55c                interact_damage
                0x000000008024f5cc                interact_breakable
                0x000000008024f6a4                interact_koopa_shell
                0x000000008024f7a8                check_object_grab_mario
                0x000000008024f8bc                interact_pole
                0x000000008024fa60                interact_hoot
                0x000000008024fb30                interact_cap
                0x000000008024fd2c                interact_grabbable
                0x000000008024fe6c                func_8024FC94
                0x000000008024ff04                func_8024FD2C
                0x0000000080250098                func_8024FEC0
                0x0000000080250198                interact_text
                0x0000000080250230                check_kick_or_punch_wall
                0x00000000802503f0                mario_process_interactions
                0x00000000802505c8                check_death_barrier
                0x000000008025065c                check_lava_boost
                0x0000000080250724                pss_begin_slide
                0x0000000080250778                pss_end_slide
                0x00000000802507fc                mario_handle_special_floors
 build/us/src/game/mario.o(.text)
 .text          0x0000000080250940     0x4740 build/us/src/game/mario.o
                0x0000000080250940                func_80250770
                0x000000008025097c                func_802507AC
                0x00000000802509b8                set_mario_animation
                0x0000000080250b04                func_80250934
                0x0000000080250c7c                func_80250AAC
                0x0000000080250d38                func_80250B68
                0x0000000080250e54                func_80250C84
                0x0000000080251020                func_80250E50
                0x00000000802510dc                func_80250F0C
                0x0000000080251120                func_80250F50
                0x000000008025118c                func_80250FBC
                0x0000000080251274                func_80251048
                0x0000000080251310                func_802510E4
                0x0000000080251444                func_80251218
                0x00000000802514ac                func_80251280
                0x0000000080251510                func_802512E4
                0x0000000080251574                func_80251348
                0x00000000802515d8                func_802513AC
                0x000000008025163c                func_80251410
                0x0000000080251708                mario_set_forward_vel
                0x000000008025177c                mario_get_floor_class
                0x00000000802518a8                func_8025167C
                0x0000000080251a48                func_8025181C
                0x0000000080251afc                func_802518D0
                0x0000000080251b54                mario_facing_downhill
                0x0000000080251bd4                func_802519A8
                0x0000000080251cfc                mario_floor_is_slope
                0x0000000080251e24                func_80251BF8
                0x0000000080251f24                find_floor_height_relative_polar
                0x0000000080252000                func_80251DD4
                0x00000000802521a0                func_80251F74
                0x000000008025229c                func_80252070
                0x00000000802523c8                func_8025219C
                0x0000000080252460                set_mario_action_airborne
                0x00000000802529e4                set_mario_action_moving
                0x0000000080252bd4                set_mario_action_submerged
                0x0000000080252c18                set_mario_action_cutscene
                0x0000000080252cf4                set_mario_action
                0x0000000080252e5c                func_80252C30
                0x00000000802530a0                func_80252E74
                0x0000000080253178                drop_and_set_mario_action
                0x00000000802531c4                func_80252F98
                0x0000000080253218                func_80252FEC
                0x0000000080253300                func_802530D4
                0x00000000802533e4                func_802531B8
                0x0000000080253488                func_8025325C
                0x0000000080253588                func_8025335C
                0x0000000080253720                func_802534F4
                0x0000000080253838                func_8025360C
                0x000000008025395c                func_80253730
                0x0000000080253a60                func_80253834
                0x0000000080253d58                func_80253B2C
                0x0000000080253ec0                func_80253C94
                0x0000000080254060                func_80253E34
                0x00000000802542b4                func_80254088
                0x0000000080254338                func_8025410C
                0x0000000080254390                func_80254164
                0x00000000802543e8                func_802541BC
                0x0000000080254588                func_8025435C
                0x0000000080254768                Unknown8025453C
                0x0000000080254830                func_80254604
                0x0000000080254b20                func_802548BC
                0x0000000080254f44                func_80254CE0
 build/us/src/game/mario_step.o(.text)
 .text          0x0000000080255080     0x1d80 build/us/src/game/mario_step.o
                0x0000000080255080                zero_80254E20
                0x000000008025509c                nop_80254E3C
                0x00000000802550b0                nop_80254E50
                0x00000000802550c0                transfer_bully_speed
                0x0000000080255238                init_bully_collision_data
                0x00000000802552fc                mario_bonk_reflection
                0x0000000080255414                mario_update_quicksand
                0x0000000080255654                mario_push_off_steep_floor
                0x000000008025570c                mario_update_moving_sand
                0x000000008025580c                mario_update_windy_ground
                0x00000000802559b0                stop_and_set_height_to_floor
                0x0000000080255a34                stationary_ground_step
                0x0000000080255b04                perform_ground_quarter_step
                0x0000000080255d88                perform_ground_step
                0x0000000080255ec4                check_ledge_grab
                0x00000000802560ac                perform_air_quarter_step
                0x00000000802564e0                apply_twirl_gravity
                0x0000000080256584                should_strengthen_gravity_for_jump_ascent
                0x000000008025661c                apply_gravity
                0x00000000802569f8                apply_vertical_wind
                0x0000000080256b24                perform_air_step
                0x0000000080256cd8                set_vel_from_pitch_and_yaw
                0x0000000080256d8c                set_vel_from_yaw
 build/us/src/game/mario_actions_cutscene.o(.text)
 .text          0x0000000080256e00     0x6f70 build/us/src/game/mario_actions_cutscene.o
                0x0000000080256e00                get_credits_str_width
                0x0000000080256e88                print_displaying_credits_entry
                0x0000000080257060                BehEndPeachLoop
                0x00000000802570dc                BehEndToadLoop
                0x0000000080257198                geo_switch_peach_eyes
                0x0000000080257270                Unknown80256FF8
                0x00000000802572b0                get_star_collection_dialogue
                0x000000008025733c                handle_save_menu
                0x0000000080257450                spawn_obj_at_mario_rel_yaw
                0x00000000802574e8                cutscene_take_cap_off
                0x0000000080257548                cutscene_put_cap_on
                0x00000000802575a8                mario_ready_to_speak
                0x0000000080257640                set_mario_npc_dialogue
                0x0000000080257748                act_reading_npc_dialogue
                0x0000000080257980                act_waiting_for_dialogue
                0x0000000080257a0c                act_disappeared
                0x0000000080257ab0                act_reading_automatic_dialogue
                0x0000000080257ce4                act_reading_sign
                0x0000000080257eac                act_debug_free_move
                0x0000000080258184                general_star_dance_handler
                0x0000000080258420                act_star_dance
                0x00000000802584dc                act_star_dance_water
                0x00000000802585c0                act_fall_after_star_grab
                0x00000000802586cc                common_death_handler
                0x0000000080258744                act_standing_death
                0x00000000802587ec                act_electrocution
                0x000000008025883c                act_suffocation
                0x000000008025888c                act_death_on_back
                0x00000000802588f8                act_death_on_stomach
                0x0000000080258964                act_quicksand_death
                0x0000000080258a7c                act_eaten_by_bubba
                0x0000000080258b24                launch_mario_until_land
                0x0000000080258ba8                act_unlocking_key_door
                0x0000000080258dac                act_unlocking_star_door
                0x0000000080258f94                act_entering_star_door
                0x0000000080259264                act_going_through_door
                0x00000000802593cc                act_warp_door_spawn
                0x00000000802594d4                act_emerge_from_pipe
                0x0000000080259608                act_spawn_spin_airborne
                0x0000000080259740                act_spawn_spin_landing
                0x00000000802597ac                act_exit_airborne
                0x0000000080259854                act_falling_exit_airborne
                0x00000000802598d0                act_exit_land_save_dialogue
                0x0000000080259c30                act_death_exit
                0x0000000080259ce8                act_unused_death_exit
                0x0000000080259d74                act_falling_death_exit
                0x0000000080259e00                act_special_exit_airborne
                0x0000000080259ef8                act_special_death_exit
                0x0000000080259fcc                act_spawn_no_spin_airborne
                0x000000008025a040                act_spawn_no_spin_landing
                0x000000008025a0bc                act_bbh_enter_spin
                0x000000008025a494                act_bbh_enter_jump
                0x000000008025a610                act_teleport_fade_out
                0x000000008025a6fc                act_teleport_fade_in
                0x000000008025a858                act_shocked
                0x000000008025a9ac                act_squished
                0x000000008025ae0c                act_putting_on_cap
                0x000000008025aea8                stuck_in_ground_handler
                0x000000008025affc                act_head_stuck_in_ground
                0x000000008025b050                act_butt_stuck_in_ground
                0x000000008025b0a4                act_feet_stuck_in_ground
                0x000000008025b0f8                advance_cutscene_step
                0x000000008025b11c                intro_cutscene_hide_hud_and_mario
                0x000000008025b178                intro_cutscene_peach_lakitu_scene
                0x000000008025b234                intro_cutscene_raise_pipe
                0x000000008025b2ec                intro_cutscene_jump_out_of_pipe
                0x000000008025b404                intro_cutscene_land_outside_pipe
                0x000000008025b454                intro_cutscene_lower_pipe
                0x000000008025b520                intro_cutscene_set_mario_to_idle
                0x000000008025b58c                act_intro_cutscene
                0x000000008025b654                jumbo_star_cutscene_falling
                0x000000008025b760                jumbo_star_cutscene_taking_off
                0x000000008025b9a8                jumbo_star_cutscene_flying
                0x000000008025bbec                act_jumbo_star_cutscene
                0x000000008025bc80                generate_yellow_sparkles
                0x000000008025beb8                func_8025BC14
                0x000000008025bf64                end_peach_cutscene_mario_falling
                0x000000008025c014                end_peach_cutscene_mario_landing
                0x000000008025c0c4                end_peach_cutscene_summon_jumbo_star
                0x000000008025c1c0                end_peach_cutscene_spawn_peach
                0x000000008025c498                end_peach_cutscene_descend_peach
                0x000000008025c600                end_peach_cutscene_run_to_peach
                0x000000008025c6f8                end_peach_cutscene_dialogue_1
                0x000000008025c904                end_peach_cutscene_dialogue_2
                0x000000008025ca48                end_peach_cutscene_kiss_from_peach
                0x000000008025cbdc                end_peach_cutscene_star_dance
                0x000000008025cd6c                end_peach_cutscene_dialogue_3
                0x000000008025cef0                end_peach_cutscene_run_to_castle
                0x000000008025cfe4                end_peach_cutscene_fade_out
                0x000000008025d040                act_end_peach_cutscene
                0x000000008025d1d4                act_credits_cutscene
                0x000000008025d4f0                act_end_waving_cutscene
                0x000000008025d70c                check_for_instant_quicksand
                0x000000008025d798                mario_execute_cutscene_action
 build/us/src/game/mario_actions_automatic.o(.text)
 .text          0x000000008025dd70     0x2b40 build/us/src/game/mario_actions_automatic.o
                0x000000008025dd70                add_tree_leaf_particles
                0x000000008025de1c                play_climbing_sounds
                0x000000008025df04                set_pole_position
                0x000000008025e21c                act_holding_pole
                0x000000008025e5a8                act_climbing_pole
                0x000000008025e7a4                act_grab_pole_slow
                0x000000008025e830                act_grab_pole_fast
                0x000000008025e930                act_top_of_pole_transition
                0x000000008025ea30                act_top_of_pole
                0x000000008025eb50                perform_hanging_step
                0x000000008025ecfc                update_hang_moving
                0x000000008025eed0                update_hang_stationary
                0x000000008025ef58                act_start_hanging
                0x000000008025f0b4                act_hanging
                0x000000008025f1e4                act_hang_moving
                0x000000008025f384                let_go_of_ledge
                0x000000008025f4b4                func_8025F0DC
                0x000000008025f560                func_8025F188
                0x000000008025f644                update_ledge_climb
                0x000000008025f6c0                act_ledge_grab
                0x000000008025f970                act_ledge_climb_slow
                0x000000008025fa64                act_ledge_climb_down
                0x000000008025fae8                act_ledge_climb_fast
                0x000000008025fb90                act_grabbed
                0x000000008025fc6c                act_in_cannon
                0x0000000080260154                act_tornado_twirling
                0x0000000080260568                check_common_automatic_cancels
                0x00000000802605d0                mario_execute_automatic_action
 build/us/src/game/mario_actions_stationary.o(.text)
 .text          0x00000000802608b0     0x35b0 build/us/src/game/mario_actions_stationary.o
                0x00000000802608b0                func_802604E0
                0x0000000080260aac                func_802606DC
                0x0000000080260cb4                act_idle
                0x0000000080260f94                func_80260BC4
                0x0000000080261000                act_start_sleeping
                0x0000000080261268                act_sleeping
                0x00000000802614fc                act_waking_up
                0x000000008026168c                act_shivering
                0x00000000802618d8                act_coughing
                0x00000000802619d0                func_802615C4
                0x0000000080261ad0                func_802616C4
                0x0000000080261bf8                act_standing_against_wall
                0x0000000080261cec                act_in_quicksand
                0x0000000080261db4                act_crouching
                0x0000000080261f70                act_panting
                0x0000000080262080                func_80261C74
                0x000000008026217c                func_80261D70
                0x00000000802621dc                act_braking_stop
                0x00000000802622dc                act_butt_slide_stop
                0x0000000080262398                func_80261F8C
                0x0000000080262490                act_slide_kick_slide_stop
                0x0000000080262530                act_start_crouching
                0x0000000080262650                act_stop_crouching
                0x0000000080262770                act_start_crawling
                0x0000000080262890                act_stop_crawling
                0x0000000080262980                func_80262574
                0x0000000080262bc4                func_802627B8
                0x0000000080262c34                func_80262828
                0x0000000080262d68                act_jump_land_stop
                0x0000000080262dc4                act_double_jump_land_stop
                0x0000000080262e20                act_side_flip_land_stop
                0x0000000080262e94                act_freefall_land_stop
                0x0000000080262ef0                act_triple_jump_land_stop
                0x0000000080262f50                act_backflip_land_stop
                0x0000000080262fec                act_lava_boost_land
                0x000000008026305c                act_long_jump_land_stop
                0x00000000802630f8                func_80262CEC
                0x00000000802631f0                func_80262DE4
                0x00000000802632e8                act_air_throw_land
                0x00000000802633b4                act_twirl_land
                0x000000008026350c                act_ground_pound_land
                0x00000000802635e8                act_first_person
                0x0000000080263784                func_80263378
                0x0000000080263898                mario_execute_stationary_action
 build/us/src/game/mario_actions_moving.o(.text)
 .text          0x0000000080263e60     0x60e0 build/us/src/game/mario_actions_moving.o
                0x0000000080263e60                func_80263A50
                0x0000000080263ee4                func_80263AD4
                0x0000000080264024                func_80263C14
                0x000000008026409c                begin_walking_action
                0x00000000802640fc                check_ledge_climb_down
                0x00000000802642b4                slide_bonk
                0x0000000080264340                set_triple_jump_action
                0x000000008026440c                update_sliding_angle
                0x0000000080264740                update_sliding
                0x0000000080264b54                apply_slope_accel
                0x0000000080264d80                apply_landing_accel
                0x0000000080264e18                update_shell_speed
                0x0000000080265080                apply_slope_decel
                0x00000000802651b0                update_decelerating_speed
                0x0000000080265244                update_walking_speed
                0x0000000080265458                should_begin_sliding
                0x0000000080265514                analog_stick_held_back
                0x0000000080265558                check_ground_dive_or_punch
                0x0000000080265620                begin_braking_action
                0x0000000080265700                func_802652F0
                0x0000000080265b1c                func_8026570C
                0x0000000080265d90                func_80265980
                0x0000000080265df8                func_802659E8
                0x0000000080266038                func_80265C28
                0x00000000802661cc                func_80265DBC
                0x0000000080266354                act_walking
                0x00000000802665b4                act_move_punching
                0x0000000080266734                act_hold_walking
                0x000000008026699c                act_hold_heavy_walking
                0x0000000080266af8                act_turning_around
                0x0000000080266d4c                act_finish_turning_around
                0x0000000080266e48                act_braking
                0x0000000080266fc8                act_decelerating
                0x0000000080267240                act_hold_decelerating
                0x0000000080267504                act_riding_shell_ground
                0x0000000080267728                act_crawling
                0x000000008026795c                act_burning_ground
                0x0000000080267c24                func_80267814
                0x0000000080267ce4                common_slide_action
                0x0000000080267fa4                common_slide_action_with_jump
                0x0000000080268074                act_butt_slide
                0x00000000802680d4                act_hold_butt_slide
                0x0000000080268168                act_crouch_slide
                0x0000000080268338                act_slide_kick_slide
                0x00000000802684ac                stomach_slide_action
                0x00000000802685c0                act_stomach_slide
                0x0000000080268608                act_hold_stomach_slide
                0x0000000080268684                act_dive_slide
                0x00000000802687b8                common_ground_knockback_action
                0x00000000802689f8                act_hard_backward_ground_kb
                0x0000000080268adc                act_hard_forward_ground_kb
                0x0000000080268b64                act_backward_ground_kb
                0x0000000080268bb0                act_forward_ground_kb
                0x0000000080268bfc                act_soft_backward_ground_kb
                0x0000000080268c48                act_soft_forward_ground_kb
                0x0000000080268c94                act_ground_bonk
                0x0000000080268d04                act_death_exit_land
                0x0000000080268dcc                common_landing_action
                0x0000000080268f78                common_landing_cancels
                0x0000000080269108                act_jump_land
                0x0000000080269170                act_freefall_land
                0x00000000802691d8                act_side_flip_land
                0x0000000080269264                act_hold_jump_land
                0x0000000080269300                act_hold_freefall_land
                0x000000008026939c                act_long_jump_land
                0x000000008026947c                act_double_jump_land
                0x00000000802694e4                act_triple_jump_land
                0x0000000080269588                act_backflip_land
                0x0000000080269640                quicksand_jump_land_action
                0x0000000080269788                act_quicksand_jump_land
                0x00000000802697dc                act_hold_quicksand_jump_land
                0x0000000080269830                check_common_moving_cancels
                0x0000000080269954                mario_execute_moving_action
 build/us/src/game/mario_actions_airborne.o(.text)
 .text          0x0000000080269f40     0x61d0 build/us/src/game/mario_actions_airborne.o
                0x0000000080269f40                play_flip_sounds
                0x0000000080269fc0                play_far_fall_sound
                0x000000008026a090                func_u_8026A090
                0x000000008026a12c                lava_boost_on_wall
                0x000000008026a224                check_fall_damage
                0x000000008026a400                check_kick_or_dive_in_air
                0x000000008026a494                should_get_stuck_in_ground
                0x000000008026a598                check_fall_damage_or_get_stuck
                0x000000008026a62c                check_horizontal_wind
                0x000000008026a818                update_air_with_turn
                0x000000008026aa48                update_air_without_turn
                0x000000008026acd8                update_lava_boost_or_twirling
                0x000000008026ae5c                update_flying_yaw
                0x000000008026b004                update_flying_pitch
                0x000000008026b17c                update_flying
                0x000000008026b444                common_air_action_step
                0x000000008026b6a0                act_jump
                0x000000008026b740                act_double_jump
                0x000000008026b814                act_triple_jump
                0x000000008026b90c                act_backflip
                0x000000008026b9ac                act_freefall
                0x000000008026bab8                act_hold_jump
                0x000000008026bbb4                act_hold_freefall
                0x000000008026bcc0                act_side_flip
                0x000000008026bdcc                act_wall_kick_air
                0x000000008026be78                act_long_jump
                0x000000008026bf40                act_riding_shell_air
                0x000000008026c034                act_twirling
                0x000000008026c1e0                act_dive
                0x000000008026c4b8                act_air_throw
                0x000000008026c5d0                act_water_jump
                0x000000008026c738                act_hold_water_jump
                0x000000008026c880                act_steep_jump
                0x000000008026c9fc                act_ground_pound
                0x000000008026cd0c                act_burning_jump
                0x000000008026ce50                act_burning_fall
                0x000000008026cf28                act_crazy_box_bounce
                0x000000008026d1b0                common_air_knockback_step
                0x000000008026d33c                func_8026CDFC
                0x000000008026d3c8                act_backward_air_kb
                0x000000008026d43c                act_forward_air_kb
                0x000000008026d4b0                act_hard_backward_air_kb
                0x000000008026d508                act_hard_forward_air_kb
                0x000000008026d560                act_thrown_backward
                0x000000008026d608                act_thrown_forward
                0x000000008026d6fc                act_soft_bonk
                0x000000008026d770                act_getting_blown
                0x000000008026d988                act_air_hit_wall
                0x000000008026db54                act_forward_rollout
                0x000000008026dcf4                act_backward_rollout
                0x000000008026de98                act_butt_slide_air
                0x000000008026e088                act_hold_butt_slide_air
                0x000000008026e2b4                act_lava_boost
                0x000000008026e59c                act_slide_kick
                0x000000008026e810                act_jump_kick
                0x000000008026e968                act_shot_from_cannon
                0x000000008026ec00                act_flying
                0x000000008026f158                act_riding_hoot
                0x000000008026f2ec                act_flying_triple_jump
                0x000000008026f614                act_top_of_pole_jump
                0x000000008026f660                act_vertical_wind
                0x000000008026f840                act_special_triple_jump
                0x000000008026fa18                check_common_airborne_cancels
                0x000000008026fb04                mario_execute_airborne_action
 build/us/src/game/mario_actions_submerged.o(.text)
 .text          0x0000000080270110     0x4da0 build/us/src/game/mario_actions_submerged.o
                0x0000000080270110                set_swimming_at_surface_particles
                0x00000000802701cc                swimming_near_surface
                0x0000000080270234                get_buoyancy
                0x0000000080270304                perform_water_full_step
                0x0000000080270500                apply_water_current
                0x0000000080270918                perform_water_step
                0x0000000080270a74                func_80270504
                0x0000000080270b4c                stationary_slow_down
                0x0000000080270c94                update_swimming_speed
                0x0000000080270e40                update_swimming_yaw
                0x0000000080270fd8                update_swimming_pitch
                0x00000000802710c4                common_idle_step
                0x00000000802711d4                act_water_idle
                0x00000000802712c0                act_hold_water_idle
                0x00000000802713bc                act_water_action_end
                0x00000000802714a8                act_hold_water_action_end
                0x00000000802715ec                func_8027107C
                0x000000008027163c                func_802710CC
                0x0000000080271704                common_swimming_step
                0x0000000080271918                func_802713A8
                0x000000008027197c                check_water_jump
                0x0000000080271aa0                act_breaststroke
                0x0000000080271d04                act_swimming_end
                0x0000000080271eb4                act_flutter_kick
                0x000000008027202c                act_hold_breaststroke
                0x000000008027226c                act_hold_swimming_end
                0x00000000802723f0                act_hold_flutter_kick
                0x0000000080272548                act_water_shell_swimming
                0x000000008027267c                check_water_grab
                0x0000000080272778                act_water_throw
                0x0000000080272870                act_water_punch
                0x0000000080272a60                common_water_knockback_step
                0x0000000080272b1c                act_backward_water_kb
                0x0000000080272b64                act_forward_water_kb
                0x0000000080272bac                act_water_shocked
                0x0000000080272cbc                act_drowning
                0x0000000080272dc0                act_water_death
                0x0000000080272e3c                act_water_plunge
                0x0000000080273160                act_caught_in_whirlpool
                0x0000000080273518                func_80272FA8
                0x00000000802735a4                play_metal_water_walking_sound
                0x0000000080273618                update_metal_water_walking_speed
                0x00000000802737f4                update_metal_water_jump_speed
                0x0000000080273a2c                act_metal_water_standing
                0x0000000080273bd4                act_hold_metal_water_standing
                0x0000000080273cd0                act_metal_water_walking
                0x0000000080273e74                act_hold_metal_water_walking
                0x0000000080274030                act_metal_water_jump
                0x0000000080274134                act_hold_metal_water_jump
                0x0000000080274268                act_metal_water_falling
                0x0000000080274384                act_hold_metal_water_falling
                0x00000000802744ac                act_metal_water_jump_land
                0x0000000080274580                act_hold_metal_water_jump_land
                0x0000000080274688                act_metal_water_fall_land
                0x000000008027475c                act_hold_metal_water_fall_land
                0x0000000080274864                check_common_submerged_cancels
                0x000000008027499c                mario_execute_submerged_action
 build/us/src/game/mario_actions_object.o(.text)
 .text          0x0000000080274eb0     0x1320 build/us/src/game/mario_actions_object.o
                0x0000000080274eb0                animated_stationary_ground_step
                0x0000000080274f10                mario_update_punch_sequence
                0x0000000080275328                act_punching
                0x000000008027546c                act_picking_up
                0x00000000802755fc                act_dive_picking_up
                0x00000000802756c8                act_placing_down
                0x0000000080275794                act_throwing
                0x00000000802758c0                act_heavy_throw
                0x00000000802759b4                act_stomach_slide_stop
                0x0000000080275a80                act_picking_up_bowser
                0x0000000080275b34                act_holding_bowser
                0x0000000080275e78                act_releasing_bowser
                0x0000000080275f0c                check_common_object_cancels
                0x0000000080275fe0                mario_execute_object_action
 build/us/src/game/level_geo.o(.text)
 .text          0x00000000802761d0      0x2e0 build/us/src/game/level_geo.o
                0x00000000802761d0                geo_exec_level
                0x00000000802763d4                geo_skybox_main
 build/us/src/game/mario_misc.o(.text)
 .text          0x00000000802764b0     0x1a30 build/us/src/game/mario_misc.o
                0x00000000802764b0                Geo18_802764B0
                0x000000008027657c                bhvToadMessage_faded
                0x00000000802765fc                bhvToadMessage_opaque
                0x00000000802766b4                bhvToadMessage_talking
                0x00000000802767b8                bhvToadMessage_opacifying
                0x0000000080276804                bhvToadMessage_fading
                0x000000008027684c                bhvToadMessage_loop
                0x0000000080276910                bhvToadMessage_init
                0x0000000080276aa0                bhvUnlockDoorStar_spawn_particle
                0x0000000080276bb8                bhvUnlockDoorStar_init
                0x0000000080276ccc                bhvUnlockDoorStar_loop
                0x0000000080276f90                func_802769E0
                0x00000000802770a4                Geo18_802770A4
                0x0000000080277150                geo_switch_mario_stand_run
                0x00000000802771bc                geo_switch_mario_eyes
                0x0000000080277294                Geo18_80277294
                0x00000000802773a4                Geo18_802773A4
                0x00000000802774f4                geo_switch_mario_hand
                0x00000000802775cc                Geo18_802775CC
                0x00000000802776d8                geo_switch_mario_cap_effect
                0x0000000080277740                geo_switch_mario_cap_on_off
                0x0000000080277824                Geo18_80277824
                0x000000008027795c                Geo1C_8027795C
                0x0000000080277b14                Geo18_80277B14
                0x0000000080277d6c                Geo18_80277D6C
 build/us/src/game/memory.o(.text)
 .text          0x0000000080277ee0     0x1280 build/us/src/game/memory.o
                0x0000000080277ee0                set_segment_base_addr
                0x0000000080277f20                get_segment_base_addr
                0x0000000080277f50                segmented_to_virtual
                0x0000000080277fa8                virtual_to_segmented
                0x0000000080277ff0                move_segment_table_to_dmem
                0x0000000080278074                main_pool_init
                0x0000000080278120                main_pool_alloc
                0x0000000080278238                main_pool_free
                0x0000000080278358                main_pool_realloc
                0x00000000802783c8                main_pool_available
                0x00000000802783e8                main_pool_push_state
                0x0000000080278498                main_pool_pop_state
                0x0000000080278504                dma_read
                0x0000000080278610                dynamic_dma_read
                0x000000008027868c                load_segment
                0x00000000802786f0                load_to_fixed_pool_addr
                0x00000000802787d8                load_segment_decompress
                0x00000000802788b4                func_80278304
                0x0000000080278974                load_engine_code_segment
                0x0000000080278a14                alloc_only_pool_init
                0x0000000080278ab8                alloc_only_pool_alloc
                0x0000000080278b28                alloc_only_pool_resize
                0x0000000080278b98                mem_pool_init
                0x0000000080278c58                mem_pool_alloc
                0x0000000080278d74                mem_pool_free
                0x0000000080278f2c                alloc_display_list
                0x0000000080278fa0                func_802789F0
                0x0000000080279028                func_80278A78
                0x0000000080279084                func_80278AD4
 build/us/src/game/save_file.o(.text)
 .text          0x0000000080279160     0x1670 build/us/src/game/save_file.o
                0x0000000080279160                no_op
                0x0000000080279174                read_eeprom_data
                0x0000000080279218                write_eeprom_data
                0x00000000802792c0                calc_checksum
                0x0000000080279314                verify_save_block_signature
                0x000000008027939c                add_save_block_signature
                0x00000000802793fc                restore_main_menu_data
                0x00000000802794a0                save_main_menu_data
                0x000000008027951c                wipe_main_menu_data
                0x00000000802795a0                get_coin_score_age
                0x00000000802795d4                set_coin_score_age
                0x0000000080279650                touch_coin_score_age
                0x0000000080279700                touch_high_score_ages
                0x0000000080279748                restore_save_file_data
                0x0000000080279840                save_file_do_save
                0x00000000802798fc                save_file_erase
                0x0000000080279960                save_file_copy
                0x00000000802799dc                save_file_load_all
                0x0000000080279bc8                save_file_reload
                0x0000000080279c44                save_file_collect_star_or_key
                0x0000000080279e44                save_file_exists
                0x0000000080279e80                save_file_get_max_coin_score
                0x0000000080279f80                save_file_get_course_star_count
                0x000000008027a010                save_file_get_total_star_count
                0x000000008027a0a8                save_file_set_flags
                0x000000008027a0f4                save_file_clear_flags
                0x000000008027a16c                save_file_get_flags
                0x000000008027a1c8                save_file_get_star_flags
                0x000000008027a23c                save_file_set_star_flags
                0x000000008027a310                save_file_get_course_coin_score
                0x000000008027a340                save_file_is_cannon_unlocked
                0x000000008027a390                save_file_set_cannon_unlocked
                0x000000008027a418                save_file_set_cap_pos
                0x000000008027a4ac                save_file_get_cap_pos
                0x000000008027a564                save_file_set_sound_mode
                0x000000008027a5b4                save_file_get_sound_mode
                0x000000008027a5d4                save_file_move_cap_to_default_location
                0x000000008027a698                disable_warp_checkpoint
                0x000000008027a6b0                check_if_should_set_warp_checkpoint
                0x000000008027a718                check_warp_checkpoint
 build/us/src/game/area.o(.text)
 .text          0x000000008027a7d0      0xef0 build/us/src/game/area.o
                0x000000008027a7d0                func_8027A220
                0x000000008027a83c                set_warp_transition_rgb
                0x000000008027a8b0                print_intro_text
                0x000000008027a93c                get_mario_spawn_type
                0x000000008027a9c8                area_get_warp_node
                0x000000008027aa28                func_8027A478
                0x000000008027aa74                func_8027A4C4
                0x000000008027ab04                clear_areas
                0x000000008027ad74                func_8027A7C4
                0x000000008027ae44                load_area
                0x000000008027af48                func_8027A998
                0x000000008027afbc                load_mario_area
                0x000000008027b038                func_8027AA88
                0x000000008027b0c0                change_area
                0x000000008027b164                area_update_objects
                0x000000008027b1a0                play_transition
                0x000000008027b35c                play_transition_after_delay
                0x000000008027b3b4                render_game
 build/us/src/game/rendering_graph_node.o(.text)
 .text          0x000000008027b6c0     0x2d20 build/us/src/game/rendering_graph_node.o
                0x000000008027b6c0                func_8027B110
                0x000000008027b904                func_8027B354
                0x000000008027ba00                func_8027B450
                0x000000008027ba98                func_8027B4E8
                0x000000008027bc74                func_8027B6C4
                0x000000008027bdf0                func_8027B840
                0x000000008027be84                func_8027B8D4
                0x000000008027bf58                func_8027B9A8
                0x000000008027c114                func_8027BB64
                0x000000008027c238                func_8027BC88
                0x000000008027c35c                func_8027BDAC
                0x000000008027c474                func_8027BEC4
                0x000000008027c594                func_8027BFE4
                0x000000008027c73c                func_8027C18C
                0x000000008027c7a4                func_8027C1F4
                0x000000008027c858                func_8027C2A8
                0x000000008027ca70                func_8027C4C0
                0x000000008027cf38                func_8027C988
                0x000000008027d0b8                func_8027CB08
                0x000000008027d518                func_8027CF68
                0x000000008027d6fc                func_8027D14C
                0x000000008027da10                func_8027D460
                0x000000008027da84                func_8027D4D4
                0x000000008027de68                func_8027D8B8
                0x000000008027dea8                func_8027D8F8
                0x000000008027e130                func_8027DB80
 build/us/src/game/profiler.o(.text)
 .text          0x000000008027e3e0     0x1100 build/us/src/game/profiler.o
                0x000000008027e3e0                profiler_log_thread5_time
                0x000000008027e490                profiler_log_thread4_time
                0x000000008027e520                profiler_log_gfx_time
                0x000000008027e5cc                profiler_log_vblank_time
                0x000000008027e65c                draw_profiler_bar
                0x000000008027e958                draw_reference_profiler_bars
                0x000000008027ebcc                draw_profiler_mode_1
                0x000000008027eeac                draw_profiler_mode_0
                0x000000008027f460                draw_profiler
 build/us/asm/decompress.o(.text)
 .text          0x000000008027f4e0       0xb0 build/us/asm/decompress.o
                0x000000008027f4e0                decompress
 build/us/src/game/camera.o(.text)
 .text          0x000000008027f590    0x1d1e0 build/us/src/game/camera.o
                0x000000008027f590                set_camera_shake
                0x000000008027f8b8                set_camera_shake_2
                0x000000008027f9f0                func_8027F440
                0x000000008027fb74                unused_set_camera_shake
                0x000000008027fc18                func_8027F668
                0x000000008027fe20                copy_mario_position_shifted_up
                0x000000008027ff00                unused_8027F950
                0x000000008027fff8                func_8027FA48
                0x0000000080280368                func_8027FDB8
                0x00000000802804f4                func_8027FF44
                0x00000000802806a4                find_in_bounds_yaw_wdw_bob_thi
                0x0000000080280810                CameraChange01
                0x0000000080280970                CameraChange0E
                0x0000000080280b00                func_80280550
                0x0000000080281188                func_80280BD8
                0x00000000802813bc                func_80280E0C
                0x00000000802813ec                func_80280E3C
                0x000000008028146c                func_80280EBC
                0x0000000080281588                update_bowser_level_camera
                0x00000000802816a0                CameraChange02
                0x00000000802817fc                func_8028124C
                0x0000000080281904                CameraChange0C
                0x0000000080282280                CameraChange0D
                0x00000000802826a0                CameraChange0B
                0x0000000080282c0c                CameraChange05
                0x0000000080282c28                unused_80282678
                0x0000000080282c3c                func_8028268C
                0x0000000080282c7c                func_802826CC
                0x0000000080282ce0                func_80282730
                0x0000000080282d78                CameraChange03
                0x0000000080283340                func_80282D90
                0x0000000080283578                func_80282FC8
                0x00000000802839e4                update_behind_mario_camera
                0x0000000080283a18                camera_change_nop
                0x0000000080283a34                update_water_surface_camera
                0x0000000080283a68                CameraChange040710
                0x0000000080283af8                func_80283548
                0x0000000080284cb8                func_80284708
                0x0000000080284cfc                camera_lakitu_zoom_distance
                0x0000000080284d38                camera_mario_zoom_distance
                0x0000000080284d74                CameraChange11
                0x00000000802850ac                func_80284AFC
                0x00000000802850ec                CameraChange090F
                0x000000008028517c                unused_80284BCC
                0x00000000802851dc                func_80284C2C
                0x000000008028526c                func_80284CBC
                0x00000000802852f4                func_80284D44
                0x0000000080285370                exit_c_up_mode
                0x0000000080285808                CameraChange06
                0x00000000802858a4                func_802852F4
                0x0000000080285a2c                func_8028547C
                0x0000000080285d20                update_c_up_camera
                0x0000000080285ed8                CameraChange0A
                0x0000000080285f60                update_cannon_camera
                0x000000008028603c                func_80285A8C
                0x0000000080286088                set_camera_preset
                0x0000000080286188                func_80285BD8
                0x0000000080286420                func_80285E70
                0x00000000802868f8                update_camera
                0x0000000080286f68                reset_camera
                0x000000008028724c                init_camera
                0x00000000802879ec                func_80287404
                0x0000000080287bc4                select_mario_cam_mode
                0x0000000080287be0                func_802875F8
                0x0000000080287cb8                func_802876D0
                0x0000000080287d30                Geo0F_80287D30
                0x0000000080287dc0                dummy_802877D8
                0x0000000080287dd4                dummy_802877EC
                0x0000000080287de8                vec3f_sub
                0x0000000080287e28                object_pos_to_vec3f
                0x0000000080287e50                vec3f_to_object_pos
                0x0000000080287e78                unused_object_angle_to_vec3s
                0x0000000080287ea0                func_802878B8
                0x00000000802882e4                func_80287CFC
                0x0000000080288624                select_or_activate_mario_cam
                0x0000000080288718                test_or_set_mario_cam_active
                0x0000000080288888                func_802882A0
                0x00000000802889b0                func_802883C8
                0x0000000080288ce4                find_c_buttons_pressed
                0x0000000080288e68                update_camera_status
                0x0000000080288f5c                find_and_return_count_wall_collisions
                0x0000000080289198                vec3f_compare
                0x0000000080289214                vec3f_rotate_into_yaw_range
                0x00000000802892d8                is_within_100_units_of_mario
                0x000000008028935c                func_80288D74
                0x00000000802893f4                approach_f32_exponential_bool
                0x0000000080289488                approach_f32_exponential
                0x00000000802894b4                approach_s16_exponential_bool
                0x000000008028956c                approach_s16_exponential
                0x0000000080289610                approach_vec3f_exponential
                0x0000000080289684                func_8028909C
                0x00000000802896f8                approach_vec3s_exponential
                0x000000008028976c                camera_approach_s16_symmetric_bool
                0x000000008028984c                camera_approach_s16_symmetric
                0x000000008028993c                func_80289354
                0x00000000802899cc                camera_approach_f32_symmetric_bool
                0x0000000080289b0c                camera_approach_f32_symmetric
                0x0000000080289c00                func_80289618
                0x0000000080289d20                func_80289738
                0x0000000080289f88                clamp_positions_and_find_yaw_angle
                0x000000008028a080                func_80289A98
                0x000000008028a0f4                is_pos_less_than_bounds
                0x000000008028a4ec                is_behind_surface
                0x000000008028a6bc                func_8028A0D4
                0x000000008028a7ec                is_mario_behind_surface
                0x000000008028a834                scale_along_line
                0x000000008028a8e8                check_if_vector_fits_in_bounds
                0x000000008028aa28                calculate_verticle_angle
                0x000000008028aad8                calculate_yaw
                0x000000008028ab60                calculate_angles
                0x000000008028ac28                calc_abs_dist
                0x000000008028accc                calc_hor_dist
                0x000000008028ad4c                rotate_in_xz
                0x000000008028ae1c                rotate_in_yz
                0x000000008028aef0                set_camera_pitch_shake
                0x000000008028af4c                set_camera_yaw_shake
                0x000000008028b00c                set_camera_roll_shake
                0x000000008028b068                func_8028AA80
                0x000000008028b11c                Unknown8028AB34
                0x000000008028b1d0                func_8028ABE8
                0x000000008028b218                func_8028AC30
                0x000000008028b32c                func_8028AD44
                0x000000008028b438                func_8028AE50
                0x000000008028b50c                func_8028AF24
                0x000000008028b724                func_8028B13C
                0x000000008028b754                func_8028B16C
                0x000000008028b784                play_camera_buzz_if_cdown
                0x000000008028b7c4                play_camera_buzz_if_cbutton
                0x000000008028b804                play_camera_buzz_if_c_sideways
                0x000000008028b850                play_sound_cbutton_up
                0x000000008028b884                play_sound_cbutton_down
                0x000000008028b8b8                play_sound_cbutton_side
                0x000000008028b8ec                play_sound_button_change_blocked
                0x000000008028b920                play_sound_rbutton_changed
                0x000000008028b954                func_8028B36C
                0x000000008028b9c4                func_8028B3DC
                0x000000008028bd34                stop_mario
                0x000000008028bd98                func_8028B7A4
                0x000000008028c038                func_8028BA38
                0x000000008028c13c                set_camera_cutscene_table
                0x000000008028c18c                determine_star_fadeout_cutscene_table
                0x000000008028c26c                return_table_door_push_or_pull
                0x000000008028c2c8                return_cutscene_table
                0x000000008028c7a0                func_8028C1A0
                0x000000008028c8f0                func_8028C2F0
                0x000000008028c9ac                Unknown8028C3AC
                0x000000008028c9cc                func_8028C3CC
                0x000000008028cb08                unused_8028C508
                0x000000008028cbf0                func_8028C5F0
                0x000000008028cd94                func_8028C794
                0x000000008028cdec                determine_pushing_or_pulling_door
                0x000000008028ce24                func_8028C824
                0x000000008028d41c                Unknown8028CE1C
                0x000000008028d44c                set_camera_preset_fixed_ref_point
                0x000000008028d5ac                set_camera_preset_bowser_level
                0x000000008028d5fc                set_camera_preset_boss_fight
                0x000000008028d658                set_camera_preset_close_cam
                0x000000008028d698                set_camera_preset_open_camera
                0x000000008028d79c                parallel_tracking_init
                0x000000008028d888                func_8028D288
                0x000000008028d92c                func_8028D32C
                0x000000008028da18                CameraRR00
                0x000000008028da50                CameraRR04
                0x000000008028daec                CameraRR02
                0x000000008028db38                CameraRR0305
                0x000000008028dbb4                CameraRR01
                0x000000008028dbf4                CameraCotMC00
                0x000000008028dc1c                CameraSL00
                0x000000008028dc70                CameraSL01
                0x000000008028dca4                func_8028D6A4
                0x000000008028dd48                CameraHMC00
                0x000000008028de2c                CameraHMC02
                0x000000008028de5c                CameraHMC03
                0x000000008028de90                CameraHMC04
                0x000000008028dec4                CameraHMC05
                0x000000008028def8                CameraSSL00
                0x000000008028df24                CameraSSL0102
                0x000000008028df6c                CameraSSL03
                0x000000008028dfb4                CameraTHI00
                0x000000008028dfe8                CameraTHI01
                0x000000008028e01c                CameraRR07
                0x000000008028e064                CameraRR08
                0x000000008028e098                CameraHMC01
                0x000000008028e0ec                CameraInside20
                0x000000008028e164                CameraInside1E
                0x000000008028e210                CameraInside1F
                0x000000008028e298                CameraInside01
                0x000000008028e300                CameraInside1213
                0x000000008028e334                CameraUnused
                0x000000008028e38c                CameraInside00
                0x000000008028e3b8                CameraInside0E
                0x000000008028e3f0                CameraInside0F
                0x000000008028e41c                bbh_room_6_camera
                0x000000008028e450                CameraBBH24
                0x000000008028e47c                CameraBBH2E2F
                0x000000008028e524                bbh_room_1_camera
                0x000000008028e55c                CameraBBH01
                0x000000008028e594                bbh_room_2_lower_camera
                0x000000008028e5cc                bbh_room_4_camera
                0x000000008028e604                bbh_room_8_camera
                0x000000008028e63c                bbh_room_5_library_camera
                0x000000008028e674                bbh_room_5_library_to_hidden_transition
                0x000000008028e6c4                bbh_room_5_hidden_to_library_transition
                0x000000008028e714                bbh_room_5_hidden_camera
                0x000000008028e758                bbh_room_3_camera
                0x000000008028e790                bbh_room_7_mr_i_camera
                0x000000008028e7c8                bbh_room_7_mr_i_to_coffins_transition
                0x000000008028e818                bbh_room_7_coffins_to_mr_i_transition
                0x000000008028e868                CameraBBH3033
                0x000000008028e8a0                CameraBBH34
                0x000000008028e8cc                CameraBBH38
                0x000000008028e930                bbh_room_12_upper_camera
                0x000000008028e974                CameraBBH00
                0x000000008028e9a0                bbh_room_2_library_camera
                0x000000008028e9d8                bbh_room_2_library_to_trapdoor_transition
                0x000000008028ea28                bbh_room_2_trapdoor_camera
                0x000000008028ea60                bbh_room_2_trapdoor_transition
                0x000000008028eab0                bbh_room_9_attic_camera
                0x000000008028eae8                bbh_room_9_attic_transition
                0x000000008028eb38                bbh_room_9_mr_i_transition
                0x000000008028eb88                bbh_room_13_balcony_camera
                0x000000008028ebc0                bbh_room_0_camera
                0x000000008028ec04                CameraCCM00
                0x000000008028ec2c                CameraCCM01
                0x000000008028ec58                func_8028E634
                0x000000008028ed30                func_8028E70C
                0x000000008028ed98                func_8028E774
                0x000000008028eeb0                func_8028E88C
                0x000000008028f670                resolve_geometry_collisions
                0x000000008028f914                func_8028F2F0
                0x000000008028fc9c                find_mario_relative_geometry
                0x000000008028fe24                func_8028F800
                0x000000008028fe58                func_8028F834
                0x000000008028fe84                unused_8028F860
                0x000000008028ff04                func_8028F8E0
                0x000000008028ffc8                func_8028F9A4
                0x000000008029000c                func_8028F9E8
                0x0000000080290098                func_8028FA74
                0x00000000802900e0                func_8028FABC
                0x0000000080290104                func_8028FAE0
                0x0000000080290168                cap_switch_save
                0x00000000802901a4                func_8028FB80
                0x00000000802901fc                func_8028FBD8
                0x00000000802903b8                func_8028FD94
                0x000000008029040c                unused_8028FDE8
                0x0000000080290440                Cutscene26Todo0
                0x0000000080290474                unused_8028FE50
                0x00000000802904a8                CutsceneIntroPeach0_2
                0x00000000802904e4                CutsceneIntroPeach2_1
                0x000000008029051c                func_8028FEDC
                0x000000008029053c                move_credits_camera
                0x0000000080290784                func_80290144
                0x00000000802907f4                func_802901B4
                0x0000000080290864                func_80290224
                0x00000000802908e8                func_802902A8
                0x0000000080290938                unused_vec3s_to_vec3f
                0x0000000080290984                unused_vec3f_to_vec3s
                0x00000000802909d0                func_80290390
                0x0000000080290a5c                CutsceneEnterSomething8029041C
                0x0000000080290a90                unused_80290450
                0x0000000080290abc                func_8029047C
                0x0000000080290b54                func_80290514
                0x0000000080290ba4                func_80290564
                0x0000000080290bd8                func_80290598
                0x0000000080290c08                unused_802905C8
                0x0000000080290c1c                Cutscene0FTodo0
                0x0000000080290c30                Cutscene0FTodo1
                0x0000000080290c44                CutscenePeachEnd0_1
                0x0000000080290c9c                CutscenePeachEnd0_2
                0x0000000080290d90                CutscenePeachEnd0
                0x0000000080290e00                CutscenePeachEnd2
                0x0000000080290e74                CutscenePeachEndCommon367A
                0x0000000080290eb0                CutscenePeachEnd3_1
                0x0000000080290f1c                CutscenePeachEnd3
                0x0000000080290f8c                CutscenePeachEnd1
                0x0000000080291074                CutscenePeachEnd4_1
                0x0000000080291108                CutscenePeachEnd4
                0x00000000802911c8                CutscenePeachEnd5_1
                0x0000000080291208                CutscenePeachEnd5_2
                0x000000008029127c                CutscenePeachEnd5_3
                0x00000000802912b8                CutscenePeachEnd5_4
                0x0000000080291354                CutscenePeachEnd5
                0x000000008029142c                CutscenePeachEnd6
                0x00000000802914cc                CutscenePeachEnd7_1
                0x0000000080291514                CutscenePeachEnd7
                0x00000000802915d4                CutscenePeachEnd8
                0x0000000080291654                CutscenePeachEnd9_1
                0x00000000802916b8                CutscenePeachEnd9_2
                0x0000000080291774                CutscenePeachEnd9
                0x00000000802917e4                CutscenePeachEndA_1
                0x000000008029184c                CutscenePeachEndA_2
                0x0000000080291870                CutscenePeachEndA
                0x0000000080291924                CutscenePeachEndB
                0x0000000080291964                CutsceneGrandStar0_1
                0x00000000802919dc                CutsceneGrandStar0_2
                0x0000000080291ab4                CutsceneGrandStar0_4
                0x0000000080291b18                CutsceneGrandStar0_5
                0x0000000080291b68                CutsceneGrandStar0_6
                0x0000000080291bf4                CutsceneGrandStar0_7
                0x0000000080291c3c                CutsceneGrandStar0_3
                0x0000000080291cd0                CutsceneGrandStar0
                0x0000000080291db0                CutsceneGrandStar1_1
                0x0000000080291e84                CutsceneGrandStar1_2
                0x0000000080291f18                CutsceneGrandStar1_3
                0x0000000080292038                CutsceneGrandStar1_4
                0x0000000080292164                CutsceneGrandStar1
                0x00000000802921fc                func_80291BBC
                0x000000008029228c                CutsceneDanceCommon
                0x0000000080292324                CutsceneStarDance1_4
                0x0000000080292370                CutsceneStarDance1_5
                0x00000000802923b8                CutsceneStarDance1_6
                0x0000000080292400                dummy_80291DC0
                0x0000000080292414                CutsceneStarDance1_1
                0x000000008029244c                CutsceneStarDance1_3
                0x0000000080292484                CutsceneStarDance1_2
                0x00000000802924b8                CutsceneStarDance1
                0x0000000080292628                func_80291FE8
                0x00000000802926dc                CutsceneStarDance3_1
                0x00000000802927d0                CutsceneStarDance3_2
                0x0000000080292868                CutsceneStarDance3_3
                0x0000000080292974                CutsceneStarDance3_4
                0x0000000080292a20                CutsceneStarDance3_5
                0x0000000080292a4c                CutsceneStarDance3_6
                0x0000000080292a80                CutsceneStarDance3
                0x0000000080292c00                CutsceneStarDance2_1
                0x0000000080292d80                CutsceneStarDance2_3
                0x0000000080292e2c                CutsceneStarDance2_2
                0x0000000080292ec4                func_80292884
                0x0000000080292f40                CutsceneStarDance2_4
                0x0000000080292f98                CutsceneStarDance2_5
                0x0000000080292fe4                CutsceneStarDance2_6
                0x0000000080293018                CutsceneStarDance2
                0x00000000802930f0                CutsceneKeyDance0_6
                0x0000000080293164                CutsceneKeyDance0_2
                0x00000000802931c0                CutsceneKeyDance0_3
                0x0000000080293220                CutsceneKeyDance0_4
                0x000000008029328c                CutsceneKeyDance0_5
                0x00000000802932f4                CutsceneKeyDance0_7
                0x0000000080293328                CutsceneKeyDance0_8
                0x0000000080293354                CutsceneKeyDance0_1
                0x000000008029338c                CutsceneKeyDance0
                0x0000000080293488                CutsceneEnterBowserPlatform0_4
                0x00000000802934b4                CutsceneEnterBowserPlatform0_3
                0x00000000802934d8                CutsceneEnterBowserPlatform0_5
                0x0000000080293548                CutsceneEnterBowserPlatform0_8
                0x00000000802935e0                CutsceneEnterBowserPlatform0_9
                0x0000000080293624                CutsceneEnterBowserPlatform0_7
                0x000000008029369c                CutsceneEnterBowserPlatform0_6
                0x00000000802936dc                CutsceneEnterBowserPlatform0_1
                0x0000000080293708                func_802930C8
                0x0000000080293734                CutsceneEnterBowserPlatform0_2
                0x00000000802937e8                bowser_fight_intro_dialogue
                0x000000008029386c                CutsceneEnterBowserPlatform1
                0x00000000802938c8                CutsceneEnterBowserPlatform2
                0x0000000080293944                CutsceneEnterBowserPlatform0
                0x0000000080293abc                CutsceneStarSpawn0_1
                0x0000000080293ae8                CutsceneStarSpawn0_2
                0x0000000080293b70                CutsceneStarSpawn1_1
                0x0000000080293bf4                CutsceneStarSpawn1_2
                0x0000000080293c2c                CutsceneStarSpawn0
                0x0000000080293cb0                CutsceneStarSpawn1
                0x0000000080293d5c                CutsceneStarSpawn2
                0x0000000080293d90                CutsceneExitWaterfall0_1
                0x0000000080293dd4                Cutscene80293794
                0x0000000080293e7c                CutsceneExitWaterfall0
                0x0000000080293ed8                CutsceneFallCommon1
                0x0000000080293f2c                CutsceneFallToCastleGrounds0_1
                0x0000000080293f70                CutsceneFallToCastleGrounds0
                0x0000000080293fcc                CutsceneSpecialStarSpawn0_1
                0x0000000080294024                CutsceneSpecialStarSpawn0_3
                0x0000000080294088                CutsceneSpecialStarSpawn0_4
                0x00000000802940cc                CutsceneSpecialStarSpawn0_5
                0x000000008029410c                CutsceneSpecialStarSpawn0_2
                0x00000000802942cc                CutsceneSpecialStarSpawn0_6
                0x00000000802942f0                CutsceneSpecialStarSpawn0
                0x00000000802943d4                CutsceneSpecialStarSpawn1
                0x0000000080294428                func_80293DE8
                0x0000000080294718                CutscenePrepareCannon0_1
                0x00000000802947a4                CutscenePrepareCannon0_2
                0x000000008029480c                func_802941CC
                0x00000000802948a0                CutscenePrepareCannon0_3
                0x0000000080294a14                CutscenePrepareCannon0
                0x0000000080294a94                CutscenePrepareCannon1
                0x0000000080294ae8                func_802944A8
                0x0000000080294b78                func_80294538
                0x0000000080294bb4                CutsceneDeath1_1
                0x0000000080294c28                CutsceneDeath1_2
                0x0000000080294c5c                CutsceneDeath1
                0x0000000080294cc4                CutsceneDeath2_1
                0x0000000080294d48                CutsceneDeath2_2
                0x0000000080294d88                unused_80294748
                0x0000000080294db4                CutsceneDeath2
                0x0000000080294e24                CutsceneBBHDeath0_1
                0x0000000080294ea8                CutsceneBBHDeath0_2
                0x0000000080294ee8                CutsceneBBHDeath0
                0x0000000080294f58                CutsceneQuicksandDeath0_1
                0x0000000080294f94                CutsceneQuicksandDeath0_2
                0x0000000080294fec                CutsceneQuicksandDeath0
                0x00000000802950b0                Cutscene1ATodo0_3
                0x0000000080295140                Cutscene1ATodo0_2
                0x00000000802951f0                Cutscene1ATodo0_1
                0x0000000080295270                Cutscene1ATodo0
                0x0000000080295310                CutsceneEnterPool0_1
                0x00000000802953dc                CutsceneEnterPool0_2
                0x0000000080295418                CutsceneEnterPool0
                0x0000000080295480                Cutscene26Todo1_1
                0x00000000802954ec                Cutscene26Todo1_5
                0x0000000080295518                Cutscene26Todo1_2
                0x0000000080295580                Cutscene26Todo1_3
                0x0000000080295670                Cutscene26Todo1_4
                0x0000000080295740                Cutscene26Todo1_7
                0x000000008029576c                Cutscene26Todo1_6
                0x00000000802957c8                Cutscene26Todo1
                0x0000000080295894                Cutscene26Todo2
                0x00000000802958d4                CutsceneEnterPyramidTop0_1
                0x0000000080295930                CutsceneEnterPyramidTop0
                0x00000000802959cc                unused_8029538C
                0x0000000080295a58                CutsceneDialog0_1
                0x0000000080295bf0                CutsceneDialog0_2
                0x0000000080295e24                CutsceneDialog0_3
                0x0000000080295e8c                CutsceneDialog0
                0x0000000080295fb0                CutsceneDialog1
                0x0000000080295fd8                CutsceneDialog2
                0x0000000080296020                CutsceneReadMessage0_1
                0x00000000802960b0                unused_80295A28
                0x0000000080296160                CutsceneReadMessage0
                0x00000000802962c8                CutsceneReadMessage1
                0x00000000802962f0                CutsceneReadMessage2
                0x0000000080296318                CutsceneExitSuccess1
                0x00000000802963b8                CutsceneExitSuccess2
                0x000000008029652c                CutsceneExitSuccess4
                0x000000008029665c                CutsceneExitSuccess3
                0x000000008029669c                CutsceneExitBowserSuccess0_1
                0x00000000802966e4                CutsceneExitSuccess5
                0x0000000080296710                CutsceneExitBowserSuccess0
                0x00000000802967c4                CutsceneExitNonPainting1
                0x000000008029685c                CutsceneBBHExitSuccess0_1
                0x00000000802968a0                CutsceneBBHExitSuccess0
                0x000000008029695c                CutsceneNonPaintingDeath0_1
                0x00000000802969f8                Cutscene1CTodo_0
                0x0000000080296a64                CutsceneNonPaintingDeath0_2
                0x0000000080296b30                CutsceneNonPaintingDeath0
                0x0000000080296bc8                CutsceneCapSwitchPress0_1
                0x0000000080296c4c                CutsceneCapSwitchPress0_4
                0x0000000080296d60                CutsceneCapSwitchPress0_5
                0x0000000080296da8                CutsceneCapSwitchPress0_2
                0x0000000080296eb4                CutsceneCapSwitchPress0_3
                0x0000000080296f38                CutsceneCapSwitchPress0_6
                0x0000000080296f70                unused_802968E8
                0x0000000080296fa8                CutsceneCapSwitchPress0
                0x0000000080297148                CutsceneUnlockKeyDoor0_1
                0x000000008029720c                CutsceneUnlockKeyDoor0_2
                0x0000000080297290                CutsceneUnlockKeyDoor0_5
                0x00000000802972ec                CutsceneUnlockKeyDoor0_6
                0x0000000080297300                CutsceneUnlockKeyDoor0_3
                0x0000000080297384                CutsceneUnlockKeyDoor0_4
                0x00000000802973b0                CutsceneUnlockKeyDoor0
                0x0000000080297464                func_80296DDC