Archive member included to satisfy reference by file (symbol)

build/us/libultra.a(osInvalICache.o)
                              build/us/src/game/memory.o (osInvalICache)
build/us/libultra.a(bcopy.o)  build/us/src/game/save_file.o (bcopy)
build/us/libultra.a(osWritebackDCacheAll.o)
                              build/us/src/game/main.o (osWritebackDCacheAll)
build/us/libultra.a(parameters.o)
                              build/us/src/buffers/zbuffer.o (osTvType)
build/us/libultra.a(bzero.o)  build/us/src/game/memory.o (bzero)
build/us/libultra.a(osInvalDCache.o)
                              build/us/src/game/memory.o (osInvalDCache)
build/us/libultra.a(sqrtf.o)  build/us/src/game/game_init.o (sqrtf)
build/us/libultra.a(osUnmapTLBAll.o)
                              build/us/src/game/main.o (osUnmapTLBAll)
build/us/libultra.a(osMapTLB.o)
                              build/us/src/game/main.o (osMapTLB)
build/us/libultra.a(osWritebackDCache.o)
                              build/us/src/audio/playback.o (osWritebackDCache)
build/us/libultra.a(osCreatePiManager.o)
                              build/us/src/game/main.o (osCreatePiManager)
build/us/libultra.a(osSpTaskLoadGo.o)
                              build/us/src/game/main.o (osSpTaskLoad)
build/us/libultra.a(osContInit.o)
                              build/us/src/game/game_init.o (osContInit)
build/us/libultra.a(osEepromProbe.o)
                              build/us/src/game/game_init.o (osEepromProbe)
build/us/libultra.a(osAiGetLength.o)
                              build/us/src/audio/external.o (osAiGetLength)
build/us/libultra.a(guTranslateF.o)
                              build/us/src/game/paintings.o (guTranslate)
build/us/libultra.a(alBnkfNew.o)
                              build/us/src/audio/load.o (alSeqFileNew)
build/us/libultra.a(osContStartReadData.o)
                              build/us/libultra.a(osContInit.o) (_osContCmdBuf)
build/us/libultra.a(osViTable.o)
                              build/us/src/buffers/zbuffer.o (osViModeTable)
build/us/libultra.a(osSpTaskYield.o)
                              build/us/src/game/main.o (osSpTaskYield)
build/us/libultra.a(osViBlack.o)
                              build/us/src/game/main.o (osViBlack)
build/us/libultra.a(__osSiCreateAccessQueue.o)
                              build/us/libultra.a(osContInit.o) (__osSiCreateAccessQueue)
build/us/libultra.a(osVirtualToPhysical.o)
                              build/us/libultra.a(osSpTaskLoadGo.o) (osVirtualToPhysical)
build/us/libultra.a(osEepromWrite.o)
                              build/us/libultra.a(osEepromProbe.o) (__osEepStatus)
build/us/libultra.a(osSetEventMesg.o)
                              build/us/src/game/main.o (osSetEventMesg)
build/us/libultra.a(__osSiRawStartDma.o)
                              build/us/libultra.a(osContInit.o) (__osSiRawStartDma)
build/us/libultra.a(osViSwapBuffer.o)
                              build/us/src/game/game_init.o (osViSwapBuffer)
build/us/libultra.a(osCreateViManager.o)
                              build/us/src/game/main.o (osCreateViManager)
build/us/libultra.a(osSetThreadPri.o)
                              build/us/src/game/main.o (osSetThreadPri)
build/us/libultra.a(osTimer.o)
                              build/us/libultra.a(osCreateViManager.o) (_osCurrentTime)
build/us/libultra.a(osSendMesg.o)
                              build/us/src/game/main.o (osSendMesg)
build/us/libultra.a(osGetThreadPri.o)
                              build/us/libultra.a(osCreatePiManager.o) (osGetThreadPri)
build/us/libultra.a(__osSpRawStartDma.o)
                              build/us/libultra.a(osSpTaskLoadGo.o) (__osSpRawStartDma)
build/us/libultra.a(osCreateMesgQueue.o)
                              build/us/src/game/main.o (osCreateMesgQueue)
build/us/libultra.a(osSpTaskYielded.o)
                              build/us/src/game/main.o (osSpTaskYielded)
build/us/libultra.a(__osPiCreateAccessQueue.o)
                              build/us/libultra.a(osCreatePiManager.o) (gOsPiMessageQueue)
build/us/libultra.a(__osViInit.o)
                              build/us/libultra.a(osViBlack.o) (D_80334914)
build/us/libultra.a(__osSpDeviceBusy.o)
                              build/us/libultra.a(osSpTaskLoadGo.o) (__osSpDeviceBusy)
build/us/libultra.a(osPiStartDma.o)
                              build/us/src/game/memory.o (osPiStartDma)
build/us/libultra.a(guPerspectiveF.o)
                              build/us/src/game/rendering_graph_node.o (guPerspective)
build/us/libultra.a(osPiRawStartDma.o)
                              build/us/libultra.a(osCreatePiManager.o) (osPiRawStartDma)
build/us/libultra.a(osCreateThread.o)
                              build/us/src/game/main.o (osCreateThread)
build/us/libultra.a(guOrthoF.o)
                              build/us/src/game/rendering_graph_node.o (guOrtho)
build/us/libultra.a(osAiSetNextBuffer.o)
[...]
Memory Configuration

Name             Origin             Length             Attributes
*default*        0x0000000000000000 0xffffffffffffffff

Linker script and memory map

                0x0000000080000000                EXCEPTION_TLB_MISS = 0x80000000
                0x00000000a4000000                SP_DMEM = 0xa4000000
                0x00000000a40004c0                SP_DMEM_UNK0 = 0xa40004c0
                0x00000000a4000774                SP_DMEM_UNK1 = 0xa4000774
                0x00000000a4001000                SP_IMEM = 0xa4001000
                0x00000000a4040010                SP_STATUS_REG = 0xa4040010
                0x00000000a4080000                SP_PC = 0xa4080000
                0x00000000a4300000                MI_MODE_REG = 0xa4300000
                0x00000000a4300004                MI_VERSION_REG = 0xa4300004
                0x00000000a4300008                MI_INTR_REG = 0xa4300008
                0x00000000a430000c                MI_INTR_MASK_REG = 0xa430000c
                0x00000000a4400010                VI_CURRENT_REG = 0xa4400010
                0x00000000a450000c                AI_STATUS_REG = 0xa450000c
                0x00000000a4600000                PI_DRAM_ADDR_REG = 0xa4600000
                0x00000000a4600004                PI_CART_ADDR_REG = 0xa4600004
                0x00000000a460000c                PI_WR_LEN_REG = 0xa460000c
                0x00000000a4600010                PI_STATUS_REG = 0xa4600010
                0x00000000a4700000                RI_MODE_REG = 0xa4700000
                0x00000000a4700010                RI_REFRESH_REG = 0xa4700010
                0x00000000a4800018                SI_STATUS_REG = 0xa4800018
                0x00000000b0000008                D_B0000008 = 0xb0000008
                0x00000000b0000010                D_B0000010 = 0xb0000010
                0x00000000b0000014                D_B0000014 = 0xb0000014
                0x00000000c0000000                D_C0000000 = 0xc0000000
                0x00000000c0000008                D_C0000008 = 0xc0000008
                0x00000000c000000c                D_C000000C = 0xc000000c
                0x00000000802f69cc                func_sh_802F69CC = 0x802f69cc
                0x0000000080302ef0                osMotorStop = 0x80302ef0
                0x0000000080303090                osMotorStart = 0x80303090
                0x00000000803033ac                osMotorInit = 0x803033ac
                0x00000000803016a0                func_sh_803016A0 = 0x803016a0
                0x00000000803016d0                func_sh_803016D0 = 0x803016d0
                0x0000000080301820                func_sh_80301820 = 0x80301820
                0x00000000007cc6c0                __romPos = 0x0
                0x0000000004000000                _bootSegmentStart = ADDR (.boot)
                0x0000000000000000                _bootSegmentRomStart = __romPos

.boot           0x0000000004000000     0x1000 load address 0x0000000000000000
 build/us/asm/rom_header.o(.text)
 .text          0x0000000004000000       0x40 build/us/asm/rom_header.o
 build/us/asm/boot.o(.text)
 .text          0x0000000004000040      0xfc0 build/us/asm/boot.o
                0x0000000004000040                ipl3_entry
                0x0000000004000b70                ipl3_font
                0x0000000004001000                _bootSegmentEnd = (ADDR (.boot) + SIZEOF (.boot))
                0x0000000000001000                _bootSegmentRomEnd = (__romPos + SIZEOF (.boot))
                0x00000000007cc6c0                __romPos = (__romPos + SIZEOF (.boot))
                0x0000000080000400                . = 0x80000400
                0x0000000080000400                _zbufferSegmentNoloadStart = ADDR (.zbuffer.noload)

.zbuffer.noload
                0x0000000080000400    0x25800 load address 0x000000007c000400
 build/us/src/buffers/zbuffer.o(.bss*)
 .bss           0x0000000080000400    0x25800 build/us/src/buffers/zbuffer.o
                0x0000000080000400                gZBuffer
                0x0000000080246000                _mainSegmentStart = ADDR (.main)
                0x0000000000001000                _mainSegmentRomStart = __romPos

.main           0x0000000080246000    0xf4580 load address 0x0000000000001000
 build/us/asm/entry.o(.text)
 .text          0x0000000080246000       0x50 build/us/asm/entry.o
                0x0000000080246000                entry_point
 build/us/src/game/crash_screen.o(.text)
 build/us/src/game/main.o(.text)
 .text          0x0000000080246050      0xe20 build/us/src/game/main.o
                0x0000000080246050                handle_debug_key_sequences
                0x0000000080246170                unknown_main_func
                0x00000000802461cc                stub_main_1
                0x00000000802461dc                stub_main_2
                0x00000000802461ec                stub_main_3
                0x00000000802461fc                setup_mesg_queues
                0x00000000802462e0                alloc_pool
                0x0000000080246338                create_thread
                0x000000008024639c                handle_nmi_request
                0x00000000802463ec                receive_new_tasks
                0x000000008024651c                start_sptask
                0x000000008024659c                interrupt_gfx_sptask
                0x00000000802465ec                start_gfx_sptask
                0x0000000080246648                pretend_audio_sptask_done
                0x000000008024669c                handle_vblank
                0x00000000802467fc                handle_sp_complete
                0x000000008024694c                handle_dp_complete
                0x00000000802469b8                thread3_main
                0x0000000080246b14                set_vblank_handler
                0x0000000080246b74                send_sp_task_message
                0x0000000080246bb4                dispatch_audio_sptask
                0x0000000080246c10                send_display_list
                0x0000000080246c9c                turn_on_audio
                0x0000000080246cb8                turn_off_audio
                0x0000000080246cf0                thread1_idle
                0x0000000080246df8                main_func
 build/us/src/game/game_init.o(.text)
 .text          0x0000000080246e70     0x1dd0 build/us/src/game/game_init.o
                0x0000000080246e70                my_rdp_init
                0x00000000802471a4                my_rsp_init
                0x0000000080247284                clear_z_buffer
                0x00000000802473c8                display_frame_buffer
                0x00000000802474b8                clear_frame_buffer
                0x0000000080247620                clear_viewport
                0x000000008024784c                draw_screen_borders
                0x00000000802479bc                make_viewport_clip_rect
                0x0000000080247b3c                create_task_structure
                0x0000000080247ccc                init_render_image
                0x0000000080247d14                end_master_display_list
                0x0000000080247db4                draw_reset_bars
                0x0000000080247f08                rendering_init
                0x0000000080247fdc                config_gfx_pool
                0x0000000080248090                display_and_vsync
                0x00000000802481e0                record_demo
                0x0000000080248304                adjust_analog_stick
                0x0000000080248498                run_demo_inputs
                0x0000000080248638                read_controller_inputs
                0x0000000080248824                init_controllers
                0x0000000080248964                setup_game_memory
                0x0000000080248af0                thread5_game_loop
 build/us/src/game/sound_init.o(.text)
 .text          0x0000000080248c40      0x9a0 build/us/src/game/sound_init.o
                0x0000000080248c40                reset_volume
                0x0000000080248c58                lower_background_noise
                0x0000000080248ce8                raise_background_noise
                0x0000000080248d78                disable_background_sound
                0x0000000080248dc0                enable_background_sound
                0x0000000080248e08                set_sound_mode
                0x0000000080248e54                play_menu_sounds
                0x0000000080248fec                play_painting_eject_sound
                0x0000000080249070                play_infinite_stairs_music
                0x0000000080249178                set_background_music
                0x000000008024922c                fadeout_music
                0x000000008024927c                fadeout_level_music
                0x00000000802492d0                play_cutscene_music
                0x0000000080249310                play_shell_music
                0x000000008024934c                stop_shell_music
                0x0000000080249398                play_cap_music
                0x0000000080249404                fadeout_cap_music
                0x0000000080249448                stop_cap_music
                0x0000000080249494                play_menu_sounds_extra
                0x00000000802494d8                audio_game_loop_tick
                0x0000000080249500                thread4_sound
 build/us/src/game/level_update.o(.text)
 .text          0x00000000802495e0     0x2a10 build/us/src/game/level_update.o
                0x00000000802495e0                level_control_timer
                0x00000000802496b8                pressed_pause
                0x0000000080249764                set_play_mode
                0x000000008024978c                warp_special
                0x00000000802497b8                fade_into_special_warp
                0x000000008024982c                stub_level_update_1
                0x000000008024983c                load_level_init_text
                0x000000008024995c                init_door_warp
                0x0000000080249a10                set_mario_initial_cap_powerup
                0x0000000080249ab4                set_mario_initial_action
                0x0000000080249cd8                init_mario_after_warp
                0x000000008024a124                warp_area
                0x000000008024a18c                warp_level
                0x000000008024a1d8                warp_credits
                0x000000008024a374                check_instant_warp
                0x000000008024a584                music_changed_through_warp
                0x000000008024a700                initiate_warp
                0x000000008024a7b4                get_painting_warp_node
                0x000000008024a85c                initiate_painting_warp
                0x000000008024a9cc                level_trigger_warp
                0x000000008024aedc                initiate_delayed_warp
                0x000000008024b13c                update_hud_values
                0x000000008024b390                basic_update
                0x000000008024b3e4                play_mode_normal
                0x000000008024b5d4                play_mode_paused
                0x000000008024b6cc                play_mode_frame_advance
                0x000000008024b798                level_set_transition
                0x000000008024b7c0                play_mode_change_area
                0x000000008024b880                play_mode_change_level
                0x000000008024b940                play_mode_unused
                0x000000008024b9b8                update_level
                0x000000008024ba8c                init_level
                0x000000008024bcd8                lvl_init_or_update
                0x000000008024bd5c                lvl_init_from_save_file
                0x000000008024be14                lvl_set_current_level
                0x000000008024bfa0                lvl_play_the_end_screen_sound
 build/us/src/game/interaction.o(.text)
 .text          0x000000008024bff0     0x4950 build/us/src/game/interaction.o
                0x000000008024bff0                get_mario_cap_flag
                0x000000008024c0b8                object_facing_mario
                0x000000008024c16c                mario_obj_angle_to_object
                0x000000008024c1d8                determine_interaction
                0x000000008024c51c                attack_object
                0x000000008024c618                mario_stop_riding_object
                0x000000008024c66c                mario_grab_used_object
                0x000000008024c6c0                mario_drop_held_object
                0x000000008024c780                mario_throw_held_object
                0x000000008024c894                mario_stop_riding_and_holding
                0x000000008024c8fc                does_mario_have_normal_cap_on_head
                0x000000008024c928                mario_blow_off_cap
                0x000000008024ca68                mario_lose_cap_to_enemy
                0x000000008024caf8                mario_retrieve_cap
                0x000000008024cb58                able_to_grab_object
                0x000000008024cbfc                mario_get_collided_object
                0x000000008024cc7c                mario_check_object_grab
                0x000000008024ce08                bully_knock_back_mario
                0x000000008024d0b4                bounce_off_object
                0x000000008024d130                hit_object_from_below
                0x000000008024d16c                unused_determine_knockback_action
                0x000000008024d2bc                determine_knockback_action
                0x000000008024d578                push_mario_out_of_object
                0x000000008024d72c                bounce_back_from_attack
                0x000000008024d804                should_push_or_pull_door
                0x000000008024d8b0                take_damage_from_interact_object
                0x000000008024d998                take_damage_and_knock_back
                0x000000008024daac                reset_mario_pitch
                0x000000008024db2c                interact_coin
                0x000000008024dbf0                interact_water_ring
                0x000000008024dc28                interact_star_or_key
                0x000000008024de4c                interact_bbh_entrance
                0x000000008024df10                interact_warp
                0x000000008024e0c4                interact_warp_door
                0x000000008024e2fc                get_door_save_file_flag
                0x000000008024e420                interact_door
                0x000000008024e6ec                interact_cannon_base
                0x000000008024e778                interact_igloo_barrier
                0x000000008024e7d4                interact_tornado
                0x000000008024e8f0                interact_whirlpool
                0x000000008024e9d0                interact_strong_wind
                0x000000008024ead8                interact_flame
                0x000000008024ec54                interact_snufit_bullet
                0x000000008024ed84                interact_clam_or_bubba
                0x000000008024ee44                interact_bully
                0x000000008024eff8                interact_shock
                0x000000008024f134                interact_stub
                0x000000008024f170                interact_mr_blizzard
                0x000000008024f1e0                interact_hit_from_below
                0x000000008024f354                interact_bounce_top
                0x000000008024f4ac                interact_unknown_08
                0x000000008024f55c                interact_damage
                0x000000008024f5cc                interact_breakable
                0x000000008024f6a4                interact_koopa_shell
                0x000000008024f7a8                check_object_grab_mario
                0x000000008024f8bc                interact_pole
                0x000000008024fa60                interact_hoot
                0x000000008024fb30                interact_cap
                0x000000008024fd2c                interact_grabbable
                0x000000008024fe6c                mario_can_talk
                0x000000008024ff04                check_read_sign
                0x0000000080250098                check_npc_talk
                0x0000000080250198                interact_text
                0x0000000080250230                check_kick_or_punch_wall
                0x00000000802503f0                mario_process_interactions
                0x00000000802505c8                check_death_barrier
                0x000000008025065c                check_lava_boost
                0x0000000080250724                pss_begin_slide
                0x0000000080250778                pss_end_slide
                0x00000000802507fc                mario_handle_special_floors
 build/us/src/game/mario.o(.text)
 .text          0x0000000080250940     0x4740 build/us/src/game/mario.o
                0x0000000080250940                is_anim_at_end
                0x000000008025097c                is_anim_past_end
                0x00000000802509b8                set_mario_animation
                0x0000000080250b04                set_mario_anim_with_accel
                0x0000000080250c7c                set_anim_to_frame
                0x0000000080250d38                is_anim_past_frame
                0x0000000080250e54                find_mario_anim_flags_and_translation
                0x0000000080251020                update_mario_pos_for_anim
                0x00000000802510dc                return_mario_anim_y_translation
                0x0000000080251120                play_sound_if_no_flag
                0x000000008025118c                play_mario_jump_sound
                0x0000000080251274                adjust_sound_for_speed
                0x0000000080251310                play_sound_and_spawn_particles
                0x0000000080251444                play_mario_action_sound
                0x00000000802514ac                play_mario_landing_sound
                0x0000000080251510                play_mario_landing_sound_once
                0x0000000080251574                play_mario_heavy_landing_sound
                0x00000000802515d8                play_mario_heavy_landing_sound_once
                0x000000008025163c                play_mario_sound
                0x0000000080251708                mario_set_forward_vel
                0x000000008025177c                mario_get_floor_class
                0x00000000802518a8                mario_get_terrain_sound_addend
                0x0000000080251a48                resolve_and_return_wall_collisions
                0x0000000080251afc                vec3f_find_ceil
                0x0000000080251b54                mario_facing_downhill
                0x0000000080251bd4                mario_floor_is_slippery
                0x0000000080251cfc                mario_floor_is_slope
                0x0000000080251e24                mario_floor_is_steep
                0x0000000080251f24                find_floor_height_relative_polar
                0x0000000080252000                find_floor_slope
                0x00000000802521a0                update_mario_sound_and_camera
                0x000000008025229c                set_steep_jump_action
                0x00000000802523c8                set_mario_y_vel_based_on_fspeed
                0x0000000080252460                set_mario_action_airborne
                0x00000000802529e4                set_mario_action_moving
                0x0000000080252bd4                set_mario_action_submerged
                0x0000000080252c18                set_mario_action_cutscene
                0x0000000080252cf4                set_mario_action
                0x0000000080252e5c                set_jump_from_landing
                0x00000000802530a0                set_jumping_action
                0x0000000080253178                drop_and_set_mario_action
                0x00000000802531c4                hurt_and_set_mario_action
                0x0000000080253218                check_common_action_exits
                0x0000000080253300                check_common_hold_action_exits
                0x00000000802533e4                transition_submerged_to_walking
                0x0000000080253488                set_water_plunge_action
                0x0000000080253588                squish_mario_model
                0x0000000080253720                debug_print_speed_action_normal
                0x0000000080253838                update_mario_button_inputs
                0x000000008025395c                update_mario_joystick_inputs
                0x0000000080253a60                update_mario_geometry_inputs
                0x0000000080253d58                update_mario_inputs
                0x0000000080253ec0                set_submerged_cam_preset_and_spawn_bubbles
                0x0000000080254060                update_mario_health
                0x00000000802542b4                update_mario_info_for_cam
                0x0000000080254338                mario_reset_bodystate
                0x0000000080254390                sink_mario_in_quicksand
                0x00000000802543e8                update_and_return_cap_flags
                0x0000000080254588                mario_update_hitbox_and_cap_model
                0x0000000080254768                debug_update_mario_cap
                0x0000000080254830                execute_mario_action
                0x0000000080254b20                init_mario
                0x0000000080254f44                init_mario_from_save_file
 build/us/src/game/mario_step.o(.text)
 .text          0x0000000080255080     0x1d80 build/us/src/game/mario_step.o
                0x0000000080255080                get_additive_y_vel_for_jumps
                0x000000008025509c                stub_mario_step_1
                0x00000000802550b0                stub_mario_step_2
                0x00000000802550c0                transfer_bully_speed
                0x0000000080255238                init_bully_collision_data
                0x00000000802552fc                mario_bonk_reflection
                0x0000000080255414                mario_update_quicksand
                0x0000000080255654                mario_push_off_steep_floor
                0x000000008025570c                mario_update_moving_sand
                0x000000008025580c                mario_update_windy_ground
                0x00000000802559b0                stop_and_set_height_to_floor
                0x0000000080255a34                stationary_ground_step
                0x0000000080255b04                perform_ground_quarter_step
                0x0000000080255d88                perform_ground_step
                0x0000000080255ec4                check_ledge_grab
                0x00000000802560ac                perform_air_quarter_step
                0x00000000802564e0                apply_twirl_gravity
                0x0000000080256584                should_strengthen_gravity_for_jump_ascent
                0x000000008025661c                apply_gravity
                0x00000000802569f8                apply_vertical_wind
                0x0000000080256b24                perform_air_step
                0x0000000080256cd8                set_vel_from_pitch_and_yaw
                0x0000000080256d8c                set_vel_from_yaw
 build/us/src/game/mario_actions_cutscene.o(.text)
 .text          0x0000000080256e00     0x6f70 build/us/src/game/mario_actions_cutscene.o
                0x0000000080256e00                get_credits_str_width
                0x0000000080256e88                print_displaying_credits_entry
                0x0000000080257060                bhv_end_peach_loop
                0x00000000802570dc                bhv_end_toad_loop
                0x0000000080257198                geo_switch_peach_eyes
                0x0000000080257270                stub_is_textbox_active
                0x00000000802572b0                get_star_collection_dialog
                0x000000008025733c                handle_save_menu
                0x0000000080257450                spawn_obj_at_mario_rel_yaw
                0x00000000802574e8                cutscene_take_cap_off
                0x0000000080257548                cutscene_put_cap_on
                0x00000000802575a8                mario_ready_to_speak
                0x0000000080257640                set_mario_npc_dialog
                0x0000000080257748                act_reading_npc_dialog
                0x0000000080257980                act_waiting_for_dialog
                0x0000000080257a0c                act_disappeared
                0x0000000080257ab0                act_reading_automatic_dialog
                0x0000000080257ce4                act_reading_sign
                0x0000000080257eac                act_debug_free_move
                0x0000000080258184                general_star_dance_handler
                0x0000000080258420                act_star_dance
                0x00000000802584dc                act_star_dance_water
                0x00000000802585c0                act_fall_after_star_grab
                0x00000000802586cc                common_death_handler
                0x0000000080258744                act_standing_death
                0x00000000802587ec                act_electrocution
                0x000000008025883c                act_suffocation
                0x000000008025888c                act_death_on_back
                0x00000000802588f8                act_death_on_stomach
                0x0000000080258964                act_quicksand_death
                0x0000000080258a7c                act_eaten_by_bubba
                0x0000000080258b24                launch_mario_until_land
                0x0000000080258ba8                act_unlocking_key_door
                0x0000000080258dac                act_unlocking_star_door
                0x0000000080258f94                act_entering_star_door
                0x0000000080259264                act_going_through_door
                0x00000000802593cc                act_warp_door_spawn
                0x00000000802594d4                act_emerge_from_pipe
                0x0000000080259608                act_spawn_spin_airborne
                0x0000000080259740                act_spawn_spin_landing
                0x00000000802597ac                act_exit_airborne
                0x0000000080259854                act_falling_exit_airborne
                0x00000000802598d0                act_exit_land_save_dialog
                0x0000000080259c30                act_death_exit
                0x0000000080259ce8                act_unused_death_exit
                0x0000000080259d74                act_falling_death_exit
                0x0000000080259e00                act_special_exit_airborne
                0x0000000080259ef8                act_special_death_exit
                0x0000000080259fcc                act_spawn_no_spin_airborne
                0x000000008025a040                act_spawn_no_spin_landing
                0x000000008025a0bc                act_bbh_enter_spin
                0x000000008025a494                act_bbh_enter_jump
                0x000000008025a610                act_teleport_fade_out
                0x000000008025a6fc                act_teleport_fade_in
                0x000000008025a858                act_shocked
                0x000000008025a9ac                act_squished
                0x000000008025ae0c                act_putting_on_cap
                0x000000008025aea8                stuck_in_ground_handler
                0x000000008025affc                act_head_stuck_in_ground
                0x000000008025b050                act_butt_stuck_in_ground
                0x000000008025b0a4                act_feet_stuck_in_ground
                0x000000008025b0f8                advance_cutscene_step
                0x000000008025b11c                intro_cutscene_hide_hud_and_mario
                0x000000008025b178                intro_cutscene_peach_lakitu_scene
                0x000000008025b234                intro_cutscene_raise_pipe
                0x000000008025b2ec                intro_cutscene_jump_out_of_pipe
                0x000000008025b404                intro_cutscene_land_outside_pipe
                0x000000008025b454                intro_cutscene_lower_pipe
                0x000000008025b520                intro_cutscene_set_mario_to_idle
                0x000000008025b58c                act_intro_cutscene
                0x000000008025b654                jumbo_star_cutscene_falling
                0x000000008025b760                jumbo_star_cutscene_taking_off
                0x000000008025b9a8                jumbo_star_cutscene_flying
                0x000000008025bbec                act_jumbo_star_cutscene
                0x000000008025bc80                generate_yellow_sparkles
                0x000000008025beb8                end_obj_set_visual_pos
                0x000000008025bf64                end_peach_cutscene_mario_falling
                0x000000008025c014                end_peach_cutscene_mario_landing
                0x000000008025c0c4                end_peach_cutscene_summon_jumbo_star
                0x000000008025c1c0                end_peach_cutscene_spawn_peach
                0x000000008025c498                end_peach_cutscene_descend_peach
                0x000000008025c600                end_peach_cutscene_run_to_peach
                0x000000008025c6f8                end_peach_cutscene_dialog_1
                0x000000008025c904                end_peach_cutscene_dialog_2
                0x000000008025ca48                end_peach_cutscene_kiss_from_peach
                0x000000008025cbdc                end_peach_cutscene_star_dance
                0x000000008025cd6c                end_peach_cutscene_dialog_3
                0x000000008025cef0                end_peach_cutscene_run_to_castle
                0x000000008025cfe4                end_peach_cutscene_fade_out
                0x000000008025d040                act_end_peach_cutscene
                0x000000008025d1d4                act_credits_cutscene
                0x000000008025d4f0                act_end_waving_cutscene
                0x000000008025d70c                check_for_instant_quicksand
                0x000000008025d798                mario_execute_cutscene_action
 build/us/src/game/mario_actions_automatic.o(.text)
 .text          0x000000008025dd70     0x2b40 build/us/src/game/mario_actions_automatic.o
                0x000000008025dd70                add_tree_leaf_particles
                0x000000008025de1c                play_climbing_sounds
                0x000000008025df04                set_pole_position
                0x000000008025e21c                act_holding_pole
                0x000000008025e5a8                act_climbing_pole
                0x000000008025e7a4                act_grab_pole_slow
                0x000000008025e830                act_grab_pole_fast
                0x000000008025e930                act_top_of_pole_transition
                0x000000008025ea30                act_top_of_pole
                0x000000008025eb50                perform_hanging_step
                0x000000008025ecfc                update_hang_moving
                0x000000008025eed0                update_hang_stationary
                0x000000008025ef58                act_start_hanging
                0x000000008025f0b4                act_hanging
                0x000000008025f1e4                act_hang_moving
                0x000000008025f384                let_go_of_ledge
                0x000000008025f4b4                climb_up_ledge
                0x000000008025f560                update_ledge_climb_camera
                0x000000008025f644                update_ledge_climb
                0x000000008025f6c0                act_ledge_grab
                0x000000008025f970                act_ledge_climb_slow
                0x000000008025fa64                act_ledge_climb_down
                0x000000008025fae8                act_ledge_climb_fast
                0x000000008025fb90                act_grabbed
                0x000000008025fc6c                act_in_cannon
                0x0000000080260154                act_tornado_twirling
                0x0000000080260568                check_common_automatic_cancels
                0x00000000802605d0                mario_execute_automatic_action
 build/us/src/game/mario_actions_stationary.o(.text)
 .text          0x00000000802608b0     0x35b0 build/us/src/game/mario_actions_stationary.o
                0x00000000802608b0                check_common_idle_cancels
                0x0000000080260aac                check_common_hold_idle_cancels
                0x0000000080260cb4                act_idle
                0x0000000080260f94                play_anim_sound
                0x0000000080261000                act_start_sleeping
                0x0000000080261268                act_sleeping
                0x00000000802614fc                act_waking_up
                0x000000008026168c                act_shivering
                0x00000000802618d8                act_coughing
                0x00000000802619d0                act_hold_idle
                0x0000000080261ad0                act_hold_heavy_idle
                0x0000000080261bf8                act_standing_against_wall
                0x0000000080261cec                act_in_quicksand
                0x0000000080261db4                act_crouching
                0x0000000080261f70                act_panting
                0x0000000080262080                act_hold_panting_unused
                0x000000008026217c                stopping_step
                0x00000000802621dc                act_braking_stop
                0x00000000802622dc                act_butt_slide_stop
                0x0000000080262398                act_hold_butt_slide_stop
                0x0000000080262490                act_slide_kick_slide_stop
                0x0000000080262530                act_start_crouching
                0x0000000080262650                act_stop_crouching
                0x0000000080262770                act_start_crawling
                0x0000000080262890                act_stop_crawling
                0x0000000080262980                act_shockwave_bounce
                0x0000000080262bc4                landing_step
                0x0000000080262c34                check_common_landing_cancels
                0x0000000080262d68                act_jump_land_stop
                0x0000000080262dc4                act_double_jump_land_stop
                0x0000000080262e20                act_side_flip_land_stop
                0x0000000080262e94                act_freefall_land_stop
                0x0000000080262ef0                act_triple_jump_land_stop
                0x0000000080262f50                act_backflip_land_stop
                0x0000000080262fec                act_lava_boost_land
                0x000000008026305c                act_long_jump_land_stop
                0x00000000802630f8                act_hold_jump_land_stop
                0x00000000802631f0                act_hold_freefall_land_stop
                0x00000000802632e8                act_air_throw_land
                0x00000000802633b4                act_twirl_land
                0x000000008026350c                act_ground_pound_land
                0x00000000802635e8                act_first_person
                0x0000000080263784                check_common_stationary_cancels
                0x0000000080263898                mario_execute_stationary_action
 build/us/src/game/mario_actions_moving.o(.text)
 .text          0x0000000080263e60     0x60e0 build/us/src/game/mario_actions_moving.o
                0x0000000080263e60                tilt_body_running
                0x0000000080263ee4                play_step_sound
                0x0000000080264024                align_with_floor
                0x000000008026409c                begin_walking_action
                0x00000000802640fc                check_ledge_climb_down
                0x00000000802642b4                slide_bonk
                0x0000000080264340                set_triple_jump_action
                0x000000008026440c                update_sliding_angle
                0x0000000080264740                update_sliding
                0x0000000080264b54                apply_slope_accel
                0x0000000080264d80                apply_landing_accel
                0x0000000080264e18                update_shell_speed
                0x0000000080265080                apply_slope_decel
                0x00000000802651b0                update_decelerating_speed
                0x0000000080265244                update_walking_speed
                0x0000000080265458                should_begin_sliding
                0x0000000080265514                analog_stick_held_back
                0x0000000080265558                check_ground_dive_or_punch
                0x0000000080265620                begin_braking_action
                0x0000000080265700                anim_and_audio_for_walk
                0x0000000080265b1c                anim_and_audio_for_hold_walk
                0x0000000080265d90                anim_and_audio_for_heavy_walk
                0x0000000080265df8                push_or_sidle_wall
                0x0000000080266038                tilt_body_walking
                0x00000000802661cc                tilt_body_ground_shell
                0x0000000080266354                act_walking
                0x00000000802665b4                act_move_punching
                0x0000000080266734                act_hold_walking
                0x000000008026699c                act_hold_heavy_walking
                0x0000000080266af8                act_turning_around
                0x0000000080266d4c                act_finish_turning_around
                0x0000000080266e48                act_braking
                0x0000000080266fc8                act_decelerating
                0x0000000080267240                act_hold_decelerating
                0x0000000080267504                act_riding_shell_ground
                0x0000000080267728                act_crawling
                0x000000008026795c                act_burning_ground
                0x0000000080267c24                tilt_body_butt_slide
                0x0000000080267ce4                common_slide_action
                0x0000000080267fa4                common_slide_action_with_jump
                0x0000000080268074                act_butt_slide
                0x00000000802680d4                act_hold_butt_slide
                0x0000000080268168                act_crouch_slide
                0x0000000080268338                act_slide_kick_slide
                0x00000000802684ac                stomach_slide_action
                0x00000000802685c0                act_stomach_slide
                0x0000000080268608                act_hold_stomach_slide
                0x0000000080268684                act_dive_slide
                0x00000000802687b8                common_ground_knockback_action
                0x00000000802689f8                act_hard_backward_ground_kb
                0x0000000080268adc                act_hard_forward_ground_kb
                0x0000000080268b64                act_backward_ground_kb
                0x0000000080268bb0                act_forward_ground_kb
                0x0000000080268bfc                act_soft_backward_ground_kb
                0x0000000080268c48                act_soft_forward_ground_kb
                0x0000000080268c94                act_ground_bonk
                0x0000000080268d04                act_death_exit_land
                0x0000000080268dcc                common_landing_action
                0x0000000080268f78                common_landing_cancels
                0x0000000080269108                act_jump_land
                0x0000000080269170                act_freefall_land
                0x00000000802691d8                act_side_flip_land
                0x0000000080269264                act_hold_jump_land
                0x0000000080269300                act_hold_freefall_land
                0x000000008026939c                act_long_jump_land
                0x000000008026947c                act_double_jump_land
                0x00000000802694e4                act_triple_jump_land
                0x0000000080269588                act_backflip_land
                0x0000000080269640                quicksand_jump_land_action
                0x0000000080269788                act_quicksand_jump_land
                0x00000000802697dc                act_hold_quicksand_jump_land
                0x0000000080269830                check_common_moving_cancels
                0x0000000080269954                mario_execute_moving_action
 build/us/src/game/mario_actions_airborne.o(.text)
 .text          0x0000000080269f40     0x61d0 build/us/src/game/mario_actions_airborne.o
                0x0000000080269f40                play_flip_sounds
                0x0000000080269fc0                play_far_fall_sound
                0x000000008026a090                play_knockback_sound
                0x000000008026a12c                lava_boost_on_wall
                0x000000008026a224                check_fall_damage
                0x000000008026a400                check_kick_or_dive_in_air
                0x000000008026a494                should_get_stuck_in_ground
                0x000000008026a598                check_fall_damage_or_get_stuck
                0x000000008026a62c                check_horizontal_wind
                0x000000008026a818                update_air_with_turn
                0x000000008026aa48                update_air_without_turn
                0x000000008026acd8                update_lava_boost_or_twirling
                0x000000008026ae5c                update_flying_yaw
                0x000000008026b004                update_flying_pitch
                0x000000008026b17c                update_flying
                0x000000008026b444                common_air_action_step
                0x000000008026b6a0                act_jump
                0x000000008026b740                act_double_jump
                0x000000008026b814                act_triple_jump
                0x000000008026b90c                act_backflip
                0x000000008026b9ac                act_freefall
                0x000000008026bab8                act_hold_jump
                0x000000008026bbb4                act_hold_freefall
                0x000000008026bcc0                act_side_flip
                0x000000008026bdcc                act_wall_kick_air
                0x000000008026be78                act_long_jump
                0x000000008026bf40                act_riding_shell_air
                0x000000008026c034                act_twirling
                0x000000008026c1e0                act_dive
                0x000000008026c4b8                act_air_throw
                0x000000008026c5d0                act_water_jump
                0x000000008026c738                act_hold_water_jump
                0x000000008026c880                act_steep_jump
                0x000000008026c9fc                act_ground_pound
                0x000000008026cd0c                act_burning_jump
                0x000000008026ce50                act_burning_fall
                0x000000008026cf28                act_crazy_box_bounce
                0x000000008026d1b0                common_air_knockback_step
                0x000000008026d33c                check_wall_kick
                0x000000008026d3c8                act_backward_air_kb
                0x000000008026d43c                act_forward_air_kb
                0x000000008026d4b0                act_hard_backward_air_kb
                0x000000008026d508                act_hard_forward_air_kb
                0x000000008026d560                act_thrown_backward
                0x000000008026d608                act_thrown_forward
                0x000000008026d6fc                act_soft_bonk
                0x000000008026d770                act_getting_blown
                0x000000008026d988                act_air_hit_wall
                0x000000008026db54                act_forward_rollout
                0x000000008026dcf4                act_backward_rollout
                0x000000008026de98                act_butt_slide_air
                0x000000008026e088                act_hold_butt_slide_air
                0x000000008026e2b4                act_lava_boost
                0x000000008026e59c                act_slide_kick
                0x000000008026e810                act_jump_kick
                0x000000008026e968                act_shot_from_cannon
                0x000000008026ec00                act_flying
                0x000000008026f158                act_riding_hoot
                0x000000008026f2ec                act_flying_triple_jump
                0x000000008026f614                act_top_of_pole_jump
                0x000000008026f660                act_vertical_wind
                0x000000008026f840                act_special_triple_jump
                0x000000008026fa18                check_common_airborne_cancels
                0x000000008026fb04                mario_execute_airborne_action
 build/us/src/game/mario_actions_submerged.o(.text)
 .text          0x0000000080270110     0x4da0 build/us/src/game/mario_actions_submerged.o
                0x0000000080270110                set_swimming_at_surface_particles
                0x00000000802701cc                swimming_near_surface
                0x0000000080270234                get_buoyancy
                0x0000000080270304                perform_water_full_step
                0x0000000080270500                apply_water_current
                0x0000000080270918                perform_water_step
                0x0000000080270a74                update_water_pitch
                0x0000000080270b4c                stationary_slow_down
                0x0000000080270c94                update_swimming_speed
                0x0000000080270e40                update_swimming_yaw
                0x0000000080270fd8                update_swimming_pitch
                0x00000000802710c4                common_idle_step
                0x00000000802711d4                act_water_idle
                0x00000000802712c0                act_hold_water_idle
                0x00000000802713bc                act_water_action_end
                0x00000000802714a8                act_hold_water_action_end
                0x00000000802715ec                reset_float_globals
                0x000000008027163c                float_surface_gfx
                0x0000000080271704                common_swimming_step
                0x0000000080271918                play_swimming_noise
                0x000000008027197c                check_water_jump
                0x0000000080271aa0                act_breaststroke
                0x0000000080271d04                act_swimming_end
                0x0000000080271eb4                act_flutter_kick
                0x000000008027202c                act_hold_breaststroke
                0x000000008027226c                act_hold_swimming_end
                0x00000000802723f0                act_hold_flutter_kick
                0x0000000080272548                act_water_shell_swimming
                0x000000008027267c                check_water_grab
                0x0000000080272778                act_water_throw
                0x0000000080272870                act_water_punch
                0x0000000080272a60                common_water_knockback_step
                0x0000000080272b1c                act_backward_water_kb
                0x0000000080272b64                act_forward_water_kb
                0x0000000080272bac                act_water_shocked
                0x0000000080272cbc                act_drowning
                0x0000000080272dc0                act_water_death
                0x0000000080272e3c                act_water_plunge
                0x0000000080273160                act_caught_in_whirlpool
                0x0000000080273518                play_metal_water_jumping_sound
                0x00000000802735a4                play_metal_water_walking_sound
                0x0000000080273618                update_metal_water_walking_speed
                0x00000000802737f4                update_metal_water_jump_speed
                0x0000000080273a2c                act_metal_water_standing
                0x0000000080273bd4                act_hold_metal_water_standing
                0x0000000080273cd0                act_metal_water_walking
                0x0000000080273e74                act_hold_metal_water_walking
                0x0000000080274030                act_metal_water_jump
                0x0000000080274134                act_hold_metal_water_jump
                0x0000000080274268                act_metal_water_falling
                0x0000000080274384                act_hold_metal_water_falling
                0x00000000802744ac                act_metal_water_jump_land
                0x0000000080274580                act_hold_metal_water_jump_land
                0x0000000080274688                act_metal_water_fall_land
                0x000000008027475c                act_hold_metal_water_fall_land
                0x0000000080274864                check_common_submerged_cancels
                0x000000008027499c                mario_execute_submerged_action
 build/us/src/game/mario_actions_object.o(.text)
 .text          0x0000000080274eb0     0x1320 build/us/src/game/mario_actions_object.o
                0x0000000080274eb0                animated_stationary_ground_step
                0x0000000080274f10                mario_update_punch_sequence
                0x0000000080275328                act_punching
                0x000000008027546c                act_picking_up
                0x00000000802755fc                act_dive_picking_up
                0x00000000802756c8                act_placing_down
                0x0000000080275794                act_throwing
                0x00000000802758c0                act_heavy_throw
                0x00000000802759b4                act_stomach_slide_stop
                0x0000000080275a80                act_picking_up_bowser
                0x0000000080275b34                act_holding_bowser
                0x0000000080275e78                act_releasing_bowser
                0x0000000080275f0c                check_common_object_cancels
                0x0000000080275fe0                mario_execute_object_action
 build/us/src/game/level_geo.o(.text)
 .text          0x00000000802761d0      0x2e0 build/us/src/game/level_geo.o
                0x00000000802761d0                geo_envfx_main
                0x00000000802763d4                geo_skybox_main
 build/us/src/game/mario_misc.o(.text)
 .text          0x00000000802764b0     0x1a30 build/us/src/game/mario_misc.o
                0x00000000802764b0                geo_draw_mario_head_goddard
                0x000000008027657c                toad_message_faded
                0x00000000802765fc                toad_message_opaque
                0x00000000802766b4                toad_message_talking
                0x00000000802767b8                toad_message_opacifying
                0x0000000080276804                toad_message_fading
                0x000000008027684c                bhv_toad_message_loop
                0x0000000080276910                bhv_toad_message_init
                0x0000000080276aa0                star_door_unlock_spawn_particles
                0x0000000080276bb8                bhv_unlock_door_star_init
                0x0000000080276ccc                bhv_unlock_door_star_loop
                0x0000000080276f90                make_gfx_mario_alpha
                0x00000000802770a4                geo_mirror_mario_set_alpha
                0x0000000080277150                geo_switch_mario_stand_run
                0x00000000802771bc                geo_switch_mario_eyes
                0x0000000080277294                geo_mario_tilt_torso
                0x00000000802773a4                geo_mario_head_rotation
                0x00000000802774f4                geo_switch_mario_hand
                0x00000000802775cc                geo_mario_hand_foot_scaler
                0x00000000802776d8                geo_switch_mario_cap_effect
                0x0000000080277740                geo_switch_mario_cap_on_off
                0x0000000080277824                geo_mario_rotate_wing_cap_wings
                0x000000008027795c                geo_switch_mario_hand_grab_pos
                0x0000000080277b14                geo_render_mirror_mario
                0x0000000080277d6c                geo_mirror_mario_backface_culling
 build/us/src/game/memory.o(.text)
 .text          0x0000000080277ee0     0x1280 build/us/src/game/memory.o
                0x0000000080277ee0                set_segment_base_addr
                0x0000000080277f20                get_segment_base_addr
                0x0000000080277f50                segmented_to_virtual
                0x0000000080277fa8                virtual_to_segmented
                0x0000000080277ff0                move_segment_table_to_dmem
                0x0000000080278074                main_pool_init
                0x0000000080278120                main_pool_alloc
                0x0000000080278238                main_pool_free
                0x0000000080278358                main_pool_realloc
                0x00000000802783c8                main_pool_available
                0x00000000802783e8                main_pool_push_state
                0x0000000080278498                main_pool_pop_state
                0x0000000080278504                dma_read
                0x0000000080278610                dynamic_dma_read
                0x000000008027868c                load_segment
                0x00000000802786f0                load_to_fixed_pool_addr
                0x00000000802787d8                load_segment_decompress
                0x00000000802788b4                load_segment_decompress_heap
                0x0000000080278974                load_engine_code_segment
                0x0000000080278a14                alloc_only_pool_init
                0x0000000080278ab8                alloc_only_pool_alloc
                0x0000000080278b28                alloc_only_pool_resize
                0x0000000080278b98                mem_pool_init
                0x0000000080278c58                mem_pool_alloc
                0x0000000080278d74                mem_pool_free
                0x0000000080278f2c                alloc_display_list
                0x0000000080278fa0                func_802789F0
                0x0000000080279028                func_80278A78
                0x0000000080279084                load_patchable_table
 build/us/src/game/save_file.o(.text)
 .text          0x0000000080279160     0x1670 build/us/src/game/save_file.o
                0x0000000080279160                stub_save_file_1
                0x0000000080279174                read_eeprom_data
                0x0000000080279218                write_eeprom_data
                0x00000000802792c0                calc_checksum
                0x0000000080279314                verify_save_block_signature
                0x000000008027939c                add_save_block_signature
                0x00000000802793fc                restore_main_menu_data
                0x00000000802794a0                save_main_menu_data
                0x000000008027951c                wipe_main_menu_data
                0x00000000802795a0                get_coin_score_age
                0x00000000802795d4                set_coin_score_age
                0x0000000080279650                touch_coin_score_age
                0x0000000080279700                touch_high_score_ages
                0x0000000080279748                restore_save_file_data
                0x0000000080279840                save_file_do_save
                0x00000000802798fc                save_file_erase
                0x0000000080279960                save_file_copy
                0x00000000802799dc                save_file_load_all
                0x0000000080279bc8                save_file_reload
                0x0000000080279c44                save_file_collect_star_or_key
                0x0000000080279e44                save_file_exists
                0x0000000080279e80                save_file_get_max_coin_score
                0x0000000080279f80                save_file_get_course_star_count
                0x000000008027a010                save_file_get_total_star_count
                0x000000008027a0a8                save_file_set_flags
                0x000000008027a0f4                save_file_clear_flags
                0x000000008027a16c                save_file_get_flags
                0x000000008027a1c8                save_file_get_star_flags
                0x000000008027a23c                save_file_set_star_flags
                0x000000008027a310                save_file_get_course_coin_score
                0x000000008027a340                save_file_is_cannon_unlocked
                0x000000008027a390                save_file_set_cannon_unlocked
                0x000000008027a418                save_file_set_cap_pos
                0x000000008027a4ac                save_file_get_cap_pos
                0x000000008027a564                save_file_set_sound_mode
                0x000000008027a5b4                save_file_get_sound_mode
                0x000000008027a5d4                save_file_move_cap_to_default_location
                0x000000008027a698                disable_warp_checkpoint
                0x000000008027a6b0                check_if_should_set_warp_checkpoint
                0x000000008027a718                check_warp_checkpoint
 build/us/src/game/area.o(.text)
 .text          0x000000008027a7d0      0xef0 build/us/src/game/area.o
                0x000000008027a7d0                override_viewport_and_clip
                0x000000008027a83c                set_warp_transition_rgb
                0x000000008027a8b0                print_intro_text
                0x000000008027a93c                get_mario_spawn_type
                0x000000008027a9c8                area_get_warp_node
                0x000000008027aa28                area_get_warp_node_from_params
                0x000000008027aa74                load_obj_warp_nodes
                0x000000008027ab04                clear_areas
                0x000000008027ad74                clear_area_graph_nodes
                0x000000008027ae44                load_area
                0x000000008027af48                unload_area
                0x000000008027afbc                load_mario_area
                0x000000008027b038                unload_mario_area
                0x000000008027b0c0                change_area
                0x000000008027b164                area_update_objects
                0x000000008027b1a0                play_transition
                0x000000008027b35c                play_transition_after_delay
                0x000000008027b3b4                render_game
 build/us/src/game/rendering_graph_node.o(.text)
 .text          0x000000008027b6c0     0x2d20 build/us/src/game/rendering_graph_node.o
                0x000000008027b6c0                geo_process_master_list_sub
                0x000000008027b904                geo_append_display_list
                0x000000008027ba00                geo_process_master_list
                0x000000008027ba98                geo_process_ortho_projection
                0x000000008027bc74                geo_process_perspective
                0x000000008027bdf0                geo_process_level_of_detail
                0x000000008027be84                geo_process_switch
                0x000000008027bf58                geo_process_camera
                0x000000008027c114                geo_process_translation_rotation
                0x000000008027c238                geo_process_translation
                0x000000008027c35c                geo_process_rotation
                0x000000008027c474                geo_process_scale
                0x000000008027c594                geo_process_billboard
                0x000000008027c73c                geo_process_display_list
                0x000000008027c7a4                geo_process_generated_list
                0x000000008027c858                geo_process_background
                0x000000008027ca70                geo_process_animated_part
                0x000000008027cf38                geo_set_animation_globals
                0x000000008027d0b8                geo_process_shadow
                0x000000008027d518                obj_is_in_view
                0x000000008027d6fc                geo_process_object
                0x000000008027da10                geo_process_object_parent
                0x000000008027da84                geo_process_held_object
                0x000000008027de68                geo_try_process_children
                0x000000008027dea8                geo_process_node_and_siblings
                0x000000008027e130                geo_process_root
 build/us/src/game/profiler.o(.text)
 .text          0x000000008027e3e0     0x1100 build/us/src/game/profiler.o
                0x000000008027e3e0                profiler_log_thread5_time
                0x000000008027e490                profiler_log_thread4_time
                0x000000008027e520                profiler_log_gfx_time
                0x000000008027e5cc                profiler_log_vblank_time
                0x000000008027e65c                draw_profiler_bar
                0x000000008027e958                draw_reference_profiler_bars
                0x000000008027ebcc                draw_profiler_mode_1
                0x000000008027eeac                draw_profiler_mode_0
                0x000000008027f460                draw_profiler
 build/us/asm/decompress.o(.text)
 .text          0x000000008027f4e0       0xb0 build/us/asm/decompress.o
                0x000000008027f4e0                decompress
 build/us/src/game/camera.o(.text)
 .text          0x000000008027f590    0x1d1e0 build/us/src/game/camera.o
                0x000000008027f590                set_camera_shake_from_hit
                0x000000008027f8b8                set_environmental_camera_shake
                0x000000008027f9f0                set_camera_shake_from_point
                0x000000008027fb74                unused_set_camera_pitch_shake_env
                0x000000008027fc18                calc_y_to_curr_floor
                0x000000008027fe20                focus_on_mario
                0x000000008027ff00                set_pos_to_mario
                0x000000008027fff8                set_camera_height
                0x0000000080280368                look_down_slopes
                0x00000000802804f4                pan_ahead_of_player
                0x00000000802806a4                find_in_bounds_yaw_wdw_bob_thi
                0x0000000080280810                update_radial_camera
                0x0000000080280970                update_8_directions_camera
                0x0000000080280b00                radial_camera_move
                0x0000000080281188                lakitu_zoom
                0x00000000802813bc                radial_camera_input_default
                0x00000000802813ec                update_yaw_and_dist_from_c_up
                0x000000008028146c                mode_radial_camera
                0x0000000080281588                mode_8_directions_camera
                0x00000000802816a0                update_outward_radial_camera
                0x00000000802817fc                mode_outward_radial_camera
                0x0000000080281904                update_parallel_tracking_camera
                0x0000000080282280                update_fixed_camera
                0x00000000802826a0                update_boss_fight_camera
                0x0000000080282c0c                unused_update_mode_5_camera
                0x0000000080282c28                stub_camera_1
                0x0000000080282c3c                mode_boss_fight_camera
                0x0000000080282c7c                mode_parallel_tracking_camera
                0x0000000080282ce0                mode_fixed_camera
                0x0000000080282d78                update_behind_mario_camera
                0x0000000080283340                mode_behind_mario
                0x0000000080283578                update_slide_camera
                0x00000000802839e4                mode_behind_mario_camera
                0x0000000080283a18                nop_update_water_camera
                0x0000000080283a34                mode_water_surface_camera
                0x0000000080283a68                update_mario_camera
                0x0000000080283af8                update_default_camera
                0x0000000080284cb8                mode_default_camera
                0x0000000080284cfc                mode_lakitu_camera
                0x0000000080284d38                mode_mario_camera
                0x0000000080284d74                update_spiral_stairs_camera
                0x00000000802850ac                mode_spiral_stairs_camera
                0x00000000802850ec                update_slide_or_0f_camera
                0x000000008028517c                unused_mode_0f_camera
                0x00000000802851dc                mode_slide_camera
                0x000000008028526c                store_lakitu_cam_info_for_c_up
                0x00000000802852f4                set_mode_c_up
                0x0000000080285370                exit_c_up
                0x0000000080285808                update_c_up
                0x00000000802858a4                move_mario_head_c_up
                0x0000000080285a2c                move_into_c_up
                0x0000000080285d20                mode_c_up_camera
                0x0000000080285ed8                update_in_cannon
                0x0000000080285f60                mode_cannon_camera
                0x000000008028603c                transition_next_state
                0x0000000080286088                transition_to_camera_mode
                0x0000000080286188                set_camera_mode
                0x0000000080286420                update_lakitu
                0x00000000802868f8                update_camera
                0x0000000080286f68                reset_camera
                0x000000008028724c                init_camera
                0x00000000802879ec                zoom_out_if_paused_and_outside
                0x0000000080287bc4                select_mario_cam_mode
                0x0000000080287be0                create_camera
                0x0000000080287cb8                update_graph_node_camera
                0x0000000080287d30                geo_camera_main
                0x0000000080287dc0                stub_camera_2
                0x0000000080287dd4                stub_camera_3
                0x0000000080287de8                vec3f_sub
                0x0000000080287e28                object_pos_to_vec3f
                0x0000000080287e50                vec3f_to_object_pos
                0x0000000080287e78                unused_object_angle_to_vec3s
                0x0000000080287ea0                evaluate_cubic_spline
                0x00000000802882e4                move_point_along_spline
                0x0000000080288624                cam_select_alt_mode
                0x0000000080288718                set_cam_angle
                0x0000000080288888                set_handheld_shake
                0x00000000802889b0                shake_camera_handheld
                0x0000000080288ce4                find_c_buttons_pressed
                0x0000000080288e68                update_camera_hud_status
                0x0000000080288f5c                collide_with_walls
                0x0000000080289198                vec3f_compare
                0x0000000080289214                clamp_pitch
                0x00000000802892d8                is_within_100_units_of_mario
                0x000000008028935c                set_or_approach_f32_asymptotic
                0x00000000802893f4                approach_f32_asymptotic_bool
                0x0000000080289488                approach_f32_asymptotic
                0x00000000802894b4                approach_s16_asymptotic_bool
                0x000000008028956c                approach_s16_asymptotic
                0x0000000080289610                approach_vec3f_asymptotic
                0x0000000080289684                set_or_approach_vec3f_asymptotic
                0x00000000802896f8                approach_vec3s_asymptotic
                0x000000008028976c                camera_approach_s16_symmetric_bool
                0x000000008028984c                camera_approach_s16_symmetric
                0x000000008028993c                set_or_approach_s16_symmetric
                0x00000000802899cc                camera_approach_f32_symmetric_bool
                0x0000000080289b0c                camera_approach_f32_symmetric
                0x0000000080289c00                random_vec3s
                0x0000000080289d20                reduce_by_dist_from_camera
                0x0000000080289f88                clamp_positions_and_find_yaw
                0x000000008028a080                calc_avoid_yaw
                0x000000008028a0f4                is_surf_within_bounding_box
                0x000000008028a4ec                is_behind_surface
                0x000000008028a6bc                is_range_behind_surface
                0x000000008028a7ec                is_mario_behind_surface
                0x000000008028a834                scale_along_line
                0x000000008028a8e8                is_pos_in_bounds
                0x000000008028aa28                calculate_pitch
                0x000000008028aad8                calculate_yaw
                0x000000008028ab60                calculate_angles
                0x000000008028ac28                calc_abs_dist
                0x000000008028accc                calc_hor_dist
                0x000000008028ad4c                rotate_in_xz
                0x000000008028ae1c                rotate_in_yz
                0x000000008028aef0                set_camera_pitch_shake
                0x000000008028af4c                set_camera_yaw_shake
                0x000000008028b00c                set_camera_roll_shake
                0x000000008028b068                set_pitch_shake_from_point
                0x000000008028b11c                set_yaw_shake_from_point
                0x000000008028b1d0                increment_shake_offset
                0x000000008028b218                shake_camera_pitch
                0x000000008028b32c                shake_camera_yaw
                0x000000008028b438                shake_camera_roll
                0x000000008028b50c                offset_yaw_outward_radial
                0x000000008028b724                cutscene_intro_peach_play_message_music
                0x000000008028b754                cutscene_intro_peach_play_lakitu_flying_music
                0x000000008028b784                play_camera_buzz_if_cdown
                0x000000008028b7c4                play_camera_buzz_if_cbutton
                0x000000008028b804                play_camera_buzz_if_c_sideways
                0x000000008028b850                play_sound_cbutton_up
                0x000000008028b884                play_sound_cbutton_down
                0x000000008028b8b8                play_sound_cbutton_side
                0x000000008028b8ec                play_sound_button_change_blocked
                0x000000008028b920                play_sound_rbutton_changed
                0x000000008028b954                play_sound_if_cam_switched_to_lakitu_or_mario
                0x000000008028b9c4                radial_camera_input
                0x000000008028bd34                trigger_cutscene_dialog
                0x000000008028bd98                handle_c_button_movement
                0x000000008028c038                clear_cutscene_vars
                0x000000008028c13c                start_cutscene
                0x000000008028c18c                determine_dance_cutscene
                0x000000008028c26c                open_door_cutscene
                0x000000008028c2c8                get_cutscene_from_mario_status
                0x000000008028c7a0                warp_camera
                0x000000008028c8f0                approach_camera_height
                0x000000008028c9ac                stub_camera_4
                0x000000008028c9cc                set_focus_rel_mario
                0x000000008028cb08                unused_set_pos_rel_mario
                0x000000008028cbf0                offset_rotated
                0x000000008028cd94                offset_rotated_coords
                0x000000008028cdec                determine_pushing_or_pulling_door
                0x000000008028ce24                next_lakitu_state
                0x000000008028d41c                stop_transitional_movement
                0x000000008028d44c                set_camera_mode_fixed
                0x000000008028d5ac                set_camera_mode_8_directions
                0x000000008028d5fc                set_camera_mode_boss_fight
                0x000000008028d658                set_camera_mode_close_cam
                0x000000008028d698                set_camera_mode_radial
                0x000000008028d79c                parallel_tracking_init
                0x000000008028d888                set_fixed_cam_axis_sa_lobby
                0x000000008028d92c                check_blocking_area_processing
                0x000000008028da18                cam_rr_exit_building_side
                0x000000008028da50                cam_rr_exit_building_top
                0x000000008028daec                cam_rr_enter_building_window
                0x000000008028db38                cam_rr_enter_building
                0x000000008028dbb4                cam_rr_enter_building_side
                0x000000008028dbf4                cam_cotmc_exit_waterfall
                0x000000008028dc1c                cam_sl_snowman_head_8dir
                0x000000008028dc70                cam_sl_free_roam
                0x000000008028dca4                move_camera_through_floor_while_descending
                0x000000008028dd48                cam_hmc_enter_maze
                0x000000008028de2c                cam_hmc_elevator_black_hole
                0x000000008028de5c                cam_hmc_elevator_maze_emergency_exit
                0x000000008028de90                cam_hmc_elevator_lake
                0x000000008028dec4                cam_hmc_elevator_maze
                0x000000008028def8                cam_ssl_enter_pyramid_top
                0x000000008028df24                cam_ssl_pyramid_center
                0x000000008028df6c                cam_ssl_boss_room
                0x000000008028dfb4                cam_thi_move_cam_through_tunnel
                0x000000008028dfe8                cam_thi_look_through_tunnel
                0x000000008028e01c                cam_bob_tower
                0x000000008028e064                cam_bob_default_free_roam
                0x000000008028e098                cam_castle_hmc_start_pool_cutscene
                0x000000008028e0ec                cam_castle_lobby_entrance
                0x000000008028e164                cam_castle_look_upstairs
                0x000000008028e210                cam_castle_basement_look_downstairs
                0x000000008028e298                cam_castle_enter_lobby
                0x000000008028e300                cam_castle_enter_spiral_stairs
                0x000000008028e334                cam_castle_leave_spiral_stairs
                0x000000008028e38c                cam_castle_close_mode
                0x000000008028e3b8                cam_castle_leave_lobby_sliding_door
                0x000000008028e3f0                cam_castle_enter_lobby_sliding_door
                0x000000008028e41c                cam_bbh_room_6
                0x000000008028e450                cam_bbh_fall_off_roof
                0x000000008028e47c                cam_bbh_fall_into_pool
                0x000000008028e524                cam_bbh_room_1
                0x000000008028e55c                cam_bbh_leave_front_door
                0x000000008028e594                cam_bbh_room_2_lower
                0x000000008028e5cc                cam_bbh_room_4
                0x000000008028e604                cam_bbh_room_8
                0x000000008028e63c                cam_bbh_room_5_library
                0x000000008028e674                cam_bbh_room_5_library_to_hidden_transition
                0x000000008028e6c4                cam_bbh_room_5_hidden_to_library_transition
                0x000000008028e714                cam_bbh_room_5_hidden
                0x000000008028e758                cam_bbh_room_3
                0x000000008028e790                cam_bbh_room_7_mr_i
                0x000000008028e7c8                cam_bbh_room_7_mr_i_to_coffins_transition
                0x000000008028e818                cam_bbh_room_7_coffins_to_mr_i_transition
                0x000000008028e868                cam_bbh_elevator_room_lower
                0x000000008028e8a0                cam_bbh_room_0_back_entrance
                0x000000008028e8cc                cam_bbh_elevator
                0x000000008028e930                cam_bbh_room_12_upper
                0x000000008028e974                cam_bbh_enter_front_door
                0x000000008028e9a0                cam_bbh_room_2_library
                0x000000008028e9d8                cam_bbh_room_2_library_to_trapdoor_transition
                0x000000008028ea28                cam_bbh_room_2_trapdoor
                0x000000008028ea60                cam_bbh_room_2_trapdoor_transition
                0x000000008028eab0                cam_bbh_room_9_attic
                0x000000008028eae8                cam_bbh_room_9_attic_transition
                0x000000008028eb38                cam_bbh_room_9_mr_i_transition
                0x000000008028eb88                cam_bbh_room_13_balcony
                0x000000008028ebc0                cam_bbh_room_0
                0x000000008028ec04                cam_ccm_enter_slide_shortcut
                0x000000008028ec2c                cam_ccm_leave_slide_shortcut
                0x000000008028ec58                surface_type_modes
                0x000000008028ed30                set_mode_if_not_set_by_surface
                0x000000008028ed98                surface_type_modes_thi
                0x000000008028eeb0                camera_course_processing
                0x000000008028f670                resolve_geometry_collisions
                0x000000008028f914                rotate_camera_around_walls
                0x000000008028fc9c                find_mario_floor_and_ceil
                0x000000008028fe24                start_object_cutscene
                0x000000008028fe58                start_object_cutscene_without_focus
                0x000000008028fe84                unused_dialog_cutscene_response
                0x000000008028ff04                cutscene_object_with_dialog
                0x000000008028ffc8                cutscene_object_without_dialog
                0x000000008029000c                cutscene_object
                0x0000000080290098                update_camera_yaw
                0x00000000802900e0                cutscene_reset_spline
                0x0000000080290104                stop_cutscene_and_retrieve_stored_info
                0x0000000080290168                cap_switch_save
                0x00000000802901a4                init_spline_point
                0x00000000802901fc                copy_spline_segment
                0x00000000802903b8                cutscene_common_set_dialog_state
                0x000000008029040c                unused_cutscene_mario_dialog_looking_down
                0x0000000080290440                cutscene_mario_dialog
                0x0000000080290474                unused_cutscene_mario_dialog_looking_up
                0x00000000802904a8                cutscene_intro_peach_start_letter_music
                0x00000000802904e4                cutscene_intro_peach_start_flying_music
                0x000000008029051c                reset_pan_distance
                0x000000008029053c                player2_rotate_cam
                0x0000000080290784                store_info_cannon
                0x00000000802907f4                retrieve_info_cannon
                0x0000000080290864                store_info_star
                0x00000000802908e8                retrieve_info_star
                0x0000000080290938                unused_vec3s_to_vec3f
                0x0000000080290984                unused_vec3f_to_vec3s
                0x00000000802909d0                pan_camera
                0x0000000080290a5c                cutscene_shake_explosion
                0x0000000080290a90                unused_start_bowser_bounce_shake
                0x0000000080290abc                rotate_and_move_vec3f
                0x0000000080290b54                set_flag_post_door
                0x0000000080290ba4                cutscene_soften_music
                0x0000000080290bd8                cutscene_unsoften_music
                0x0000000080290c08                stub_camera_5
                0x0000000080290c1c                cutscene_unused_start
                0x0000000080290c30                cutscene_unused_loop
                0x0000000080290c44                cutscene_ending_mario_fall_start
                0x0000000080290c9c                cutscene_ending_mario_fall_focus_mario
                0x0000000080290d90                cutscene_ending_mario_fall
                0x0000000080290e00                cutscene_ending_mario_land_closeup
                0x0000000080290e74                cutscene_ending_reset_spline
                0x0000000080290eb0                cutscene_ending_fly_up_to_window
                0x0000000080290f1c                cutscene_ending_stars_free_peach
                0x0000000080290f8c                cutscene_ending_mario_land
                0x0000000080291074                cutscene_ending_peach_appear_closeup
                0x0000000080291108                cutscene_ending_peach_appears
                0x00000000802911c8                cutscene_ending_peach_descends_start
                0x0000000080291208                cutscene_ending_follow_peach_descent
                0x000000008029127c                cutscene_ending_peach_descent_lower_focus
                0x00000000802912b8                cutscene_ending_peach_descent_back_to_mario
                0x0000000080291354                cutscene_ending_peach_descends
                0x000000008029142c                cutscene_ending_mario_to_peach
                0x00000000802914cc                cutscene_ending_look_up_at_castle
                0x0000000080291514                cutscene_ending_peach_wakeup
                0x00000000802915d4                cutscene_ending_dialog
                0x0000000080291654                cutscene_ending_kiss_closeup
                0x00000000802916b8                cutscene_ending_kiss_here_we_go
                0x0000000080291774                cutscene_ending_kiss
                0x00000000802917e4                cutscene_ending_look_at_sky
                0x000000008029184c                cutscene_ending_zoom_fov
                0x0000000080291870                cutscene_ending_cake_for_mario
                0x0000000080291924                cutscene_ending_stop
                0x0000000080291964                cutscene_grand_star_start
                0x00000000802919dc                cutscene_grand_star_front_of_mario
                0x0000000080291ab4                cutscene_grand_star_mario_jump
                0x0000000080291b18                cutscene_grand_star_accel_cvar2
                0x0000000080291b68                cutscene_grand_star_approach_mario
                0x0000000080291bf4                cutscene_grand_star_move_cvar2
                0x0000000080291c3c                cutscene_grand_star_focus_mario
                0x0000000080291cd0                cutscene_grand_star
                0x0000000080291db0                cutscene_grand_star_fly_start
                0x0000000080291e84                cutscene_grand_star_fly_move_to_mario
                0x0000000080291f18                cutscene_grand_star_fly_mario_offscreen
                0x0000000080292038                cutscene_grand_star_fly_app_cvars
                0x0000000080292164                cutscene_grand_star_fly
                0x00000000802921fc                focus_in_front_of_mario
                0x000000008029228c                cutscene_dance_move_to_mario
                0x0000000080292324                cutscene_dance_rotate
                0x0000000080292370                cutscene_dance_rotate_move_back
                0x00000000802923b8                cutscene_dance_rotate_move_towards_mario
                0x0000000080292400                cutscene_dance_unused
                0x0000000080292414                cutscene_dance_default_focus_mario
                0x000000008029244c                cutscene_dance_rotate_focus_mario
                0x0000000080292484                cutscene_dance_shake_fov
                0x00000000802924b8                cutscene_dance_default_rotate
                0x0000000080292628                star_dance_bound_yaw
                0x00000000802926dc                cutscene_dance_closeup_start
                0x00000000802927d0                cutscene_dance_closeup_focus_mario
                0x0000000080292868                cutscene_dance_closeup_fly_above
                0x0000000080292974                cutscene_dance_closeup_fly_closer
                0x0000000080292a20                cutscene_dance_closeup_zoom
                0x0000000080292a4c                cutscene_dance_closeup_shake_fov
                0x0000000080292a80                cutscene_dance_closeup
                0x0000000080292c00                cutscene_dance_fly_away_start
                0x0000000080292d80                cutscene_dance_fly_away_approach_mario
                0x0000000080292e2c                cutscene_dance_fly_away_focus_mario
                0x0000000080292ec4                cutscene_pan_cvar9
                0x0000000080292f40                cutscene_dance_fly_rotate_around_mario
                0x0000000080292f98                cutscene_dance_fly_away_rotate_while_flying
                0x0000000080292fe4                cutscene_dance_fly_away_shake_fov
                0x0000000080293018                cutscene_dance_fly_away
                0x00000000802930f0                cutscene_key_dance_jump_cvar
                0x0000000080293164                cutscene_key_dance_jump_closeup
                0x00000000802931c0                cutscene_key_dance_jump_lower_left
                0x0000000080293220                cutscene_key_dance_jump_above
                0x000000008029328c                cutscene_key_dance_jump_last
                0x00000000802932f4                cutscene_key_dance_shake_fov
                0x0000000080293328                cutscene_key_dance_handheld_shake
                0x0000000080293354                cutscene_key_dance_focus_mario
                0x000000008029338c                cutscene_key_dance
                0x0000000080293488                cutscene_bowser_area_shake_fov
                0x00000000802934b4                cutscene_bowser_area_start_bowser_walking
                0x00000000802934d8                cutscene_bowser_arena_set_pos
                0x0000000080293548                cutscene_bowser_arena_focus_sine
                0x00000000802935e0                cutscene_bowser_arena_set_focus
                0x0000000080293624                cutscene_bowser_arena_adjust_offsets
                0x000000008029369c                cutscene_bowser_arena_pan_left
                0x00000000802936dc                cutscene_bowser_arena_mario_dialog
                0x0000000080293708                cutscene_stop_dialog
                0x0000000080293734                cutscene_bowser_arena_start
                0x00000000802937e8                bowser_fight_intro_dialog
                0x000000008029386c                cutscene_bowser_arena_dialog
                0x00000000802938c8                cutscene_bowser_arena_end
                0x0000000080293944                cutscene_bowser_arena
                0x0000000080293abc                cutscene_star_spawn_store_info
                0x0000000080293ae8                cutscene_star_spawn_focus_star
                0x0000000080293b70                cutscene_star_spawn_update_boss_fight
                0x0000000080293bf4                cutscene_star_spawn_fly_back
                0x0000000080293c2c                cutscene_star_spawn
                0x0000000080293cb0                cutscene_star_spawn_back
                0x0000000080293d5c                cutscene_star_spawn_end
                0x0000000080293d90                cutscene_exit_waterfall_warp
                0x0000000080293dd4                cutscene_exit_to_castle_grounds_focus_mario
                0x0000000080293e7c                cutscene_exit_waterfall
                0x0000000080293ed8                cutscene_exit_to_castle_grounds_end
                0x0000000080293f2c                cutscene_exit_fall_to_castle_grounds_warp
                0x0000000080293f70                cutscene_exit_fall_to_castle_grounds
                0x0000000080293fcc                cutscene_red_coin_star_start
                0x0000000080294024                cutscene_red_coin_star_focus_xz
                0x0000000080294088                cutscene_red_coin_star_focus_y
                0x00000000802940cc                cutscene_red_coin_star_look_up_at_star
                0x000000008029410c                cutscene_red_coin_star_warp
                0x00000000802942cc                cutscene_red_coin_star_set_fov
                0x00000000802942f0                cutscene_red_coin_star
                0x00000000802943d4                cutscene_red_coin_star_end
                0x0000000080294428                cutscene_goto_cvar_pos
                0x0000000080294718                cutscene_prepare_cannon_start
                0x00000000802947a4                cutscene_prepare_cannon_fly_to_cannon
                0x000000008029480c                cannon_approach_prev
                0x00000000802948a0                cutscene_prepare_cannon_fly_back
                0x0000000080294a14                cutscene_prepare_cannon
                0x0000000080294a94                cutscene_prepare_cannon_end
                0x0000000080294ae8                water_death_move_to_mario_side
                0x0000000080294b78                death_goto_mario
                0x0000000080294bb4                cutscene_death_standing_start
                0x0000000080294c28                cutscene_death_standing_goto_mario
                0x0000000080294c5c                cutscene_death_standing
                0x0000000080294cc4                cutscene_death_stomach_start
                0x0000000080294d48                cutscene_death_stomach_goto_mario
                0x0000000080294d88                unused_water_death_move_to_side_of_mario
                0x0000000080294db4                cutscene_death_stomach
                0x0000000080294e24                cutscene_bbh_death_start
                0x0000000080294ea8                cutscene_bbh_death_goto_mario
                0x0000000080294ee8                cutscene_bbh_death
                0x0000000080294f58                cutscene_quicksand_death_start
                0x0000000080294f94                cutscene_quicksand_death_goto_mario
                0x0000000080294fec                cutscene_quicksand_death
                0x00000000802950b0                cutscene_suffocation_fly_away
                0x0000000080295140                cutscene_suffocation_stay_above_gas
                0x00000000802951f0                cutscene_suffocation_rotate
                0x0000000080295270                cutscene_suffocation
                0x0000000080295310                cutscene_enter_pool_start
                0x00000000802953dc                cutscene_enter_pool_loop
                0x0000000080295418                cutscene_enter_pool
                0x0000000080295480                cutscene_pyramid_top_explode_start
                0x00000000802954ec                cutscene_pyramid_top_explode_zoom_in
                0x0000000080295518                cutscene_pyramid_top_explode_focus
                0x0000000080295580                cutscene_pyramid_top_explode_warp
                0x0000000080295670                cutscene_pyramid_top_explode_closeup
                0x0000000080295740                cutscene_pyramid_top_explode_cam_shake
                0x000000008029576c                cutscene_pyramid_top_explode_warp_back
                0x00000000802957c8                cutscene_pyramid_top_explode
                0x0000000080295894                cutscene_pyramid_top_explode_end