Archive member included to satisfy reference by file (symbol)

build/jp/libultra.a(bcopy.o)  build/jp/src/game/save_file.o (bcopy)
build/jp/libultra.a(osWritebackDCacheAll.o)
                              build/jp/src/game/main.o (osWritebackDCacheAll)
build/jp/libultra.a(bzero.o)  build/jp/src/game/memory.o (bzero)
build/jp/libultra.a(osInvalDCache.o)
                              build/jp/src/game/memory.o (osInvalDCache)
build/jp/libultra.a(osUnmapTLBAll.o)
                              build/jp/src/game/main.o (osUnmapTLBAll)
build/jp/libultra.a(osInvalICache.o)
                              build/jp/src/game/memory.o (osInvalICache)
build/jp/libultra.a(osMapTLB.o)
                              build/jp/src/game/main.o (osMapTLB)
build/jp/libultra.a(osWritebackDCache.o)
                              build/jp/src/audio/playback.o (osWritebackDCache)
build/jp/libultra.a(osSendMesg.o)
                              build/jp/src/game/main.o (osSendMesg)
build/jp/libultra.a(osContInit.o)
                              build/jp/src/game/game.o (osContInit)
build/jp/libultra.a(sprintf.o)
                              build/jp/src/game/main.o (sprintf)
build/jp/libultra.a(osViSetEvent.o)
                              build/jp/src/game/main.o (osViSetEvent)
build/jp/libultra.a(osViSetSpecialFeatures.o)
                              build/jp/src/game/main.o (osViSetSpecialFeatures)
build/jp/libultra.a(osVirtualToPhysical.o)
                              build/jp/src/goddard/mario_head_6.o (osVirtualToPhysical)
build/jp/libultra.a(osEepromLongWrite.o)
                              build/jp/src/game/save_file.o (osEepromLongWrite)
build/jp/libultra.a(osGetTime.o)
                              build/jp/src/game/profiler.o (osGetTime)
build/jp/libultra.a(osCreatePiManager.o)
                              build/jp/src/game/main.o (osCreatePiManager)
build/jp/libultra.a(guPerspectiveF.o)
                              build/jp/src/game/rendering_graph_node.o (guPerspective)
build/jp/libultra.a(osInitialize.o)
                              build/jp/src/game/main.o (osClockRate)
build/jp/libultra.a(osSpTaskLoadGo.o)
                              build/jp/src/game/main.o (osSpTaskLoad)
build/jp/libultra.a(osAiGetLength.o)
                              build/jp/src/audio/interface_2.o (osAiGetLength)
build/jp/libultra.a(osPiStartDma.o)
                              build/jp/src/game/memory.o (osPiStartDma)
build/jp/libultra.a(guOrthoF.o)
                              build/jp/src/game/rendering_graph_node.o (guOrtho)
build/jp/libultra.a(osViSetMode.o)
                              build/jp/src/game/main.o (osViSetMode)
build/jp/libultra.a(osContStartReadData.o)
                              build/jp/libultra.a(osContInit.o) (D_80365CE0)
build/jp/libultra.a(__osSiCreateAccessQueue.o)
                              build/jp/libultra.a(osContInit.o) (__osSiCreateAccessQueue)
build/jp/libultra.a(_Printf.o)
                              build/jp/libultra.a(sprintf.o) (_Printf)
build/jp/libultra.a(osEepromWrite.o)
                              build/jp/libultra.a(osEepromLongWrite.o) (osEepromWrite)
build/jp/libultra.a(osSetEventMesg.o)
                              build/jp/src/game/main.o (osSetEventMesg)
build/jp/libultra.a(sqrtf.o)  build/jp/src/game/game.o (sqrtf)
build/jp/libultra.a(__osSiRawStartDma.o)
                              build/jp/libultra.a(osContInit.o) (__osSiRawStartDma)
build/jp/libultra.a(osViSwapBuffer.o)
                              build/jp/src/game/display.o (osViSwapBuffer)
build/jp/libultra.a(osCreateViManager.o)
                              build/jp/src/game/main.o (osViModeTable)
build/jp/libultra.a(__osSpSetStatus.o)
                              build/jp/libultra.a(osSpTaskLoadGo.o) (__osSpSetStatus)
build/jp/libultra.a(osSetThreadPri.o)
                              build/jp/src/game/main.o (osSetThreadPri)
build/jp/libultra.a(guRotateF.o)
                              build/jp/src/game/paintings.o (guRotate)
build/jp/libultra.a(osGetThreadPri.o)
                              build/jp/libultra.a(osCreatePiManager.o) (osGetThreadPri)
build/jp/libultra.a(osJamMesg.o)
                              build/jp/libultra.a(osPiStartDma.o) (osJamMesg)
build/jp/libultra.a(osEepromLongRead.o)
                              build/jp/src/game/save_file.o (osEepromLongRead)
build/jp/libultra.a(osSetTimer.o)
                              build/jp/libultra.a(osContInit.o) (osSetTimer)
build/jp/libultra.a(__osViInit.o)
                              build/jp/libultra.a(osViSetEvent.o) (D_80334914)
build/jp/libultra.a(osViData.o)
                              build/jp/libultra.a(__osViInit.o) (D_80334990)
build/jp/libultra.a(__osSiRawReadIo.o)
                              build/jp/libultra.a(osInitialize.o) (__osSiRawReadIo)
build/jp/libultra.a(osCreateMesgQueue.o)
                              build/jp/src/game/main.o (osCreateMesgQueue)
build/jp/libultra.a(osTimer.o)
[...]
Memory Configuration

Name             Origin             Length             Attributes
*default*        0x0000000000000000 0xffffffffffffffff

Linker script and memory map

                0x0000000080000300                osTvType = 0x80000300
                0x0000000080000308                osRomBase = 0x80000308
                0x000000008000030c                osResetType = 0x8000030c
                0x000000008000031c                osAppNmiBuffer = 0x8000031c
                0x0000000080000400                gZBuffer = 0x80000400
                0x00000000a0000004                D_A0000004 = 0xa0000004
                0x00000000a0000008                D_A0000008 = 0xa0000008
                0x00000000a000000c                D_A000000C = 0xa000000c
                0x00000000a0000014                D_A0000014 = 0xa0000014
                0x00000000a0000018                D_A0000018 = 0xa0000018
                0x00000000a3f00018                D_A3F00018 = 0xa3f00018
                0x00000000a3f00024                D_A3F00024 = 0xa3f00024
                0x00000000a3f80004                D_A3F80004 = 0xa3f80004
                0x00000000a3f80008                D_A3F80008 = 0xa3f80008
                0x00000000a3f8000c                D_A3F8000C = 0xa3f8000c
                0x00000000a3f80014                D_A3F80014 = 0xa3f80014
                0x00000000a40004c0                D_A40004C0 = 0xa40004c0
                0x00000000a4000774                D_A4000774 = 0xa4000774
                0x00000000a4001000                D_A4001000 = 0xa4001000
                0x00000000a4040004                D_A4040004 = 0xa4040004
                0x00000000a4040008                D_A4040008 = 0xa4040008
                0x00000000a404000c                D_A404000C = 0xa404000c
                0x00000000a4040010                D_A4040010 = 0xa4040010
                0x00000000a4300004                D_A4300004 = 0xa4300004
                0x00000000a4300008                D_A4300008 = 0xa4300008
                0x00000000a430000c                D_A430000C = 0xa430000c
                0x00000000a4400004                D_A4400004 = 0xa4400004
                0x00000000a4400008                D_A4400008 = 0xa4400008
                0x00000000a440000c                D_A440000C = 0xa440000c
                0x00000000a4400010                D_A4400010 = 0xa4400010
                0x00000000a4400014                D_A4400014 = 0xa4400014
                0x00000000a4400018                D_A4400018 = 0xa4400018
                0x00000000a440001c                D_A440001C = 0xa440001c
                0x00000000a4400020                D_A4400020 = 0xa4400020
                0x00000000a4400024                D_A4400024 = 0xa4400024
                0x00000000a4400028                D_A4400028 = 0xa4400028
                0x00000000a440002c                D_A440002C = 0xa440002c
                0x00000000a4400030                D_A4400030 = 0xa4400030
                0x00000000a4400034                D_A4400034 = 0xa4400034
                0x00000000a4500004                D_A4500004 = 0xa4500004
                0x00000000a4500008                D_A4500008 = 0xa4500008
                0x00000000a450000c                D_A450000C = 0xa450000c
                0x00000000a4500010                D_A4500010 = 0xa4500010
                0x00000000a4500014                D_A4500014 = 0xa4500014
                0x00000000a4600004                D_A4600004 = 0xa4600004
                0x00000000a4600008                D_A4600008 = 0xa4600008
                0x00000000a460000c                D_A460000C = 0xa460000c
                0x00000000a4600010                D_A4600010 = 0xa4600010
                0x00000000a4700010                D_A4700010 = 0xa4700010
                0x00000000a4800004                D_A4800004 = 0xa4800004
                0x00000000a4800010                D_A4800010 = 0xa4800010
                0x00000000a4800018                D_A4800018 = 0xa4800018
                0x00000000b0000008                D_B0000008 = 0xb0000008
                0x0000000000000010                D_B0000010 = 0x10
                0x00000000b0000014                D_B0000014 = 0xb0000014
                0x00000000c0000008                D_C0000008 = 0xc0000008
                0x00000000c000000c                D_C000000C = 0xc000000c
                0x0000000000000000                __romPos = 0x0
                0x0000000004000000                _bootSegmentStart = ADDR (.boot)
                0x0000000000761be0                _bootSegmentRomStart = __romPos

.boot           0x0000000004000000     0x1000 load address 0x0000000000000000
 build/jp/asm/rom_header.o(.text)
 .text          0x0000000004000000       0x40 build/jp/asm/rom_header.o
 build/jp/asm/boot.o(.text)
 .text          0x0000000004000040      0xfc0 build/jp/asm/boot.o
                0x0000000004001000                _bootSegmentEnd = (ADDR (.boot) + SIZEOF (.boot))
                0x0000000000762be0                _bootSegmentRomEnd = (__romPos + SIZEOF (.boot))
                [0x0000000000761be0]                __romPos = (__romPos + SIZEOF (.boot))
                0x0000000080246000                _mainSegmentStart = ADDR (.main)
                0x0000000000761be0                _mainSegmentRomStart = __romPos

.main           0x0000000080246000    0xf3210 load address 0x0000000000001000
 build/jp/asm/entry.o(.text)
 .text          0x0000000080246000       0x50 build/jp/asm/entry.o
                0x0000000080246000                EntryPoint
 build/jp/src/game/main.o(.text)
 .text          0x0000000080246050      0xdf0 build/jp/src/game/main.o
                0x0000000080246050                handle_debug_key_sequences
                0x0000000080246170                Unknown80246170
                0x00000000802461cc                Dummy802461CC
                0x00000000802461dc                Dummy802461DC
                0x00000000802461ec                Dummy802461EC
                0x00000000802461fc                setup_mesg_queues
                0x00000000802462e0                AllocPool
                0x0000000080246338                create_thread
                0x000000008024639c                handle_nmi_request
                0x00000000802463ec                receive_new_tasks
                0x000000008024651c                start_sptask
                0x000000008024659c                interrupt_gfx_sptask
                0x00000000802465ec                start_gfx_sptask
                0x0000000080246648                pretend_audio_sptask_done
                0x000000008024669c                handle_vblank
                0x00000000802467fc                handle_sp_complete
                0x000000008024694c                handle_dp_complete
                0x00000000802469b8                thread3_main
                0x0000000080246b14                set_vblank_handler
                0x0000000080246b74                SendMessage
                0x0000000080246bb4                dispatch_audio_sptask
                0x0000000080246c10                send_display_list
                0x0000000080246c9c                turn_on_audio
                0x0000000080246cb8                turn_off_audio
                0x0000000080246cf0                thread1_idle
                0x0000000080246dc4                Main
 build/jp/src/game/display.o(.text)
 .text          0x0000000080246e40     0x1370 build/jp/src/game/display.o
                0x0000000080246e40                my_rdp_init
                0x0000000080247174                my_rsp_init
                0x0000000080247254                clear_z_buffer
                0x0000000080247398                display_frame_buffer
                0x0000000080247488                clear_frame_buffer
                0x00000000802475f0                clear_viewport
                0x000000008024781c                draw_screen_borders
                0x000000008024798c                make_viewport_clip_rect
                0x0000000080247b0c                create_task_structure
                0x0000000080247c9c                init_render_image
                0x0000000080247ce4                end_master_display_list
                0x0000000080247d84                func_80247D84
                0x0000000080247ed8                func_80247ED8
                0x0000000080247fac                func_80247FAC
                0x0000000080248060                display_and_vsync
 build/jp/src/game/game.o(.text)
 .text          0x00000000802481b0      0xa60 build/jp/src/game/game.o
                0x00000000802481b0                record_demo
                0x00000000802482d4                adjust_analog_stick
                0x0000000080248468                run_demo_inputs
                0x0000000080248608                read_controller_inputs
                0x00000000802487f4                init_controllers
                0x0000000080248934                setup_game_memory
                0x0000000080248ac0                thread5_game_loop
 build/jp/src/game/sound_init.o(.text)
 .text          0x0000000080248c10      0x9a0 build/jp/src/game/sound_init.o
                0x0000000080248c10                func_80248C10
                0x0000000080248c28                func_80248C28
                0x0000000080248cb8                func_80248CB8
                0x0000000080248d48                func_80248D48
                0x0000000080248d90                func_80248D90
                0x0000000080248dd8                set_sound_mode
                0x0000000080248e24                func_80248E24
                0x0000000080248fbc                func_80248FBC
                0x0000000080249040                func_80249040
                0x0000000080249148                func_80249148
                0x00000000802491fc                func_802491FC
                0x000000008024924c                func_8024924C
                0x00000000802492a0                func_802492A0
                0x00000000802492e0                func_802492E0
                0x000000008024931c                func_8024931C
                0x0000000080249368                func_80249368
                0x00000000802493d4                func_802493D4
                0x0000000080249418                func_80249418
                0x0000000080249464                func_80249464
                0x00000000802494a8                func_802494A8
                0x00000000802494d0                thread4_sound
 build/jp/src/game/level_update.o(.text)
 .text          0x00000000802495b0     0x28a0 build/jp/src/game/level_update.o
                0x00000000802495b0                level_control_timer
                0x0000000080249688                pressed_paused
                0x0000000080249734                set_play_mode
                0x000000008024975c                func_8024975C
                0x0000000080249788                func_80249788
                0x00000000802497fc                nop_802497FC
                0x000000008024980c                func_8024980C
                0x000000008024992c                func_8024992C
                0x00000000802499e0                set_mario_initial_cap_powerup
                0x0000000080249a84                set_mario_initial_action
                0x0000000080249ca8                init_mario_after_warp
                0x000000008024a02c                func_8024A02C
                0x000000008024a094                func_8024A094
                0x000000008024a0e0                func_8024A0E0
                0x000000008024a27c                check_instant_warp
                0x000000008024a48c                func_8024A48C
                0x000000008024a594                initiate_warp
                0x000000008024a648                get_painting_warp_node
                0x000000008024a6f0                initiate_painting_warp
                0x000000008024a860                level_trigger_warp
                0x000000008024ad5c                initiate_delayed_warp
                0x000000008024afbc                update_hud_values
                0x000000008024b1f0                basic_update
                0x000000008024b244                play_mode_normal
                0x000000008024b434                play_mode_paused
                0x000000008024b52c                play_mode_frame_advance
                0x000000008024b5f8                level_set_transition
                0x000000008024b620                play_mode_change_area
                0x000000008024b6e0                play_mode_change_level
                0x000000008024b7a0                play_mode_unused
                0x000000008024b818                update_level
                0x000000008024b8ec                init_level
                0x000000008024bb38                lvl_init_or_update
                0x000000008024bbbc                lvl_init_from_save_file
                0x000000008024bc74                lvl_set_current_level
                0x000000008024be00                lvl_play_the_end_screen_sound
 build/jp/src/game/interaction.o(.text)
 .text          0x000000008024be50     0x4920 build/jp/src/game/interaction.o
                0x000000008024be50                get_mario_cap_flag
                0x000000008024bf18                object_facing_mario
                0x000000008024bfcc                mario_angle_to_object
                0x000000008024c038                determine_interaction
                0x000000008024c37c                attack_object
                0x000000008024c478                mario_stop_riding_object
                0x000000008024c4cc                mario_grab_used_object
                0x000000008024c520                mario_drop_held_object
                0x000000008024c5e0                mario_throw_held_object
                0x000000008024c6f4                mario_stop_riding_and_holding
                0x000000008024c75c                func_8024C75C
                0x000000008024c788                mario_blow_off_cap
                0x000000008024c8c8                mario_lose_cap_to_enemy
                0x000000008024c958                mario_retrieve_cap
                0x000000008024c9b8                able_to_grab_object
                0x000000008024ca5c                mario_get_collided_object
                0x000000008024cadc                mario_check_object_grab
                0x000000008024cc68                bully_knock_back_mario
                0x000000008024cf14                bounce_off_object
                0x000000008024cf90                hit_object_from_below
                0x000000008024cfcc                unused_determine_knockback_action
                0x000000008024d11c                determine_knockback_action
                0x000000008024d3d8                push_mario_out_of_object
                0x000000008024d58c                bounce_back_from_attack
                0x000000008024d664                func_8024D664
                0x000000008024d710                take_damage_from_interact_object
                0x000000008024d7f8                take_damage_and_knock_back
                0x000000008024d90c                reset_mario_pitch
                0x000000008024d98c                interact_coin
                0x000000008024da50                interact_water_ring
                0x000000008024da88                interact_star_or_key
                0x000000008024dca4                interact_bbh_entrance
                0x000000008024dd68                interact_warp
                0x000000008024df1c                interact_warp_door
                0x000000008024e154                get_door_save_file_flag
                0x000000008024e278                interact_door
                0x000000008024e544                interact_cannon_base
                0x000000008024e5d0                interact_igloo_barrier
                0x000000008024e62c                interact_tornado
                0x000000008024e748                interact_whirlpool
                0x000000008024e828                interact_wind
                0x000000008024e930                interact_flame
                0x000000008024eaac                interact_snufit_bullet
                0x000000008024ebdc                interact_clam_or_bubba
                0x000000008024ec9c                interact_bully
                0x000000008024ee50                interact_shock
                0x000000008024ef8c                func_8024EF8C
                0x000000008024efc8                interact_mr_blizzard
                0x000000008024f038                interact_hit_from_below
                0x000000008024f194                interact_bounce_top
                0x000000008024f2d4                interact_unknown_08
                0x000000008024f384                interact_damage
                0x000000008024f3f4                interact_breakable
                0x000000008024f4cc                interact_koopa_shell
                0x000000008024f5d0                check_object_grab_mario
                0x000000008024f6e4                interact_pole
                0x000000008024f888                interact_hoot
                0x000000008024f958                interact_cap
                0x000000008024fb54                interact_grabbable
                0x000000008024fc94                func_8024FC94
                0x000000008024fd2c                func_8024FD2C
                0x000000008024fec0                func_8024FEC0
                0x000000008024ffc0                interact_text
                0x0000000080250058                check_kick_or_punch_wall
                0x0000000080250218                mario_process_interactions
                0x00000000802503f0                check_death_barrier
                0x0000000080250484                check_lava_boost
                0x000000008025054c                pss_begin_slide
                0x00000000802505a0                pss_end_slide
                0x0000000080250624                mario_handle_special_floors
 build/jp/src/game/mario.o(.text)
 .text          0x0000000080250770     0x46b0 build/jp/src/game/mario.o
                0x0000000080250770                func_80250770
                0x00000000802507ac                func_802507AC
                0x00000000802507e8                func_802507E8
                0x0000000080250934                func_80250934
                0x0000000080250aac                func_80250AAC
                0x0000000080250b68                func_80250B68
                0x0000000080250c84                func_80250C84
                0x0000000080250e50                func_80250E50
                0x0000000080250f0c                func_80250F0C
                0x0000000080250f50                func_80250F50
                0x0000000080250fbc                func_80250FBC
                0x0000000080251048                func_80251048
                0x00000000802510e4                func_802510E4
                0x0000000080251218                func_80251218
                0x0000000080251280                func_80251280
                0x00000000802512e4                func_802512E4
                0x0000000080251348                func_80251348
                0x00000000802513ac                func_802513AC
                0x0000000080251410                func_80251410
                0x00000000802514dc                mario_set_forward_vel
                0x0000000080251550                mario_get_floor_class
                0x000000008025167c                func_8025167C
                0x000000008025181c                func_8025181C
                0x00000000802518d0                func_802518D0
                0x0000000080251928                mario_facing_downhill
                0x00000000802519a8                func_802519A8
                0x0000000080251ad0                mario_floor_is_slope
                0x0000000080251bf8                func_80251BF8
                0x0000000080251cf8                find_floor_height_relative_polar
                0x0000000080251dd4                func_80251DD4
                0x0000000080251f74                func_80251F74
                0x0000000080252070                func_80252070
                0x000000008025219c                func_8025219C
                0x0000000080252234                set_mario_action_airborne
                0x00000000802527b8                set_mario_action_moving
                0x00000000802529a8                set_mario_action_submerged
                0x00000000802529ec                set_mario_action_cutscene
                0x0000000080252ac8                set_mario_action
                0x0000000080252c30                func_80252C30
                0x0000000080252e74                func_80252E74
                0x0000000080252f4c                drop_and_set_mario_action
                0x0000000080252f98                func_80252F98
                0x0000000080252fec                func_80252FEC
                0x00000000802530d4                func_802530D4
                0x00000000802531b8                func_802531B8
                0x000000008025325c                func_8025325C
                0x000000008025335c                func_8025335C
                0x00000000802534f4                func_802534F4
                0x000000008025360c                func_8025360C
                0x0000000080253730                func_80253730
                0x0000000080253834                func_80253834
                0x0000000080253b2c                func_80253B2C
                0x0000000080253c94                func_80253C94
                0x0000000080253e34                func_80253E34
                0x0000000080254088                func_80254088
                0x000000008025410c                func_8025410C
                0x0000000080254164                func_80254164
                0x00000000802541bc                func_802541BC
                0x000000008025435c                func_8025435C
                0x000000008025453c                Unknown8025453C
                0x0000000080254604                func_80254604
                0x00000000802548bc                func_802548BC
                0x0000000080254ce0                func_80254CE0
 build/jp/src/game/mario_step.o(.text)
 .text          0x0000000080254e20     0x1e00 build/jp/src/game/mario_step.o
                0x0000000080254e20                zero_80254E20
                0x0000000080254e3c                nop_80254E3C
                0x0000000080254e50                nop_80254E50
                0x0000000080254e60                transfer_bully_speed
                0x0000000080254fd8                init_bully_collision_data
                0x000000008025509c                mario_bonk_reflection
                0x00000000802551b4                mario_update_quicksand
                0x00000000802553f4                mario_push_off_steep_floor
                0x00000000802554ac                mario_update_moving_sand
                0x00000000802555ac                mario_update_windy_ground
                0x0000000080255788                stop_and_set_height_to_floor
                0x000000008025580c                stationary_ground_step
                0x00000000802558dc                perform_ground_quarter_step
                0x0000000080255b60                perform_ground_step
                0x0000000080255c9c                check_ledge_grab
                0x0000000080255e84                perform_air_quarter_step
                0x00000000802562b8                apply_twirl_gravity
                0x000000008025635c                should_strengthen_gravity_for_jump_ascent
                0x00000000802563f4                apply_gravity
                0x00000000802567d0                apply_vertical_wind
                0x0000000080256940                perform_air_step
                0x0000000080256af4                set_vel_from_pitch_and_yaw
                0x0000000080256ba8                set_vel_from_yaw
 build/jp/src/game/mario_actions_cutscene.o(.text)
 .text          0x0000000080256c20     0x6dd0 build/jp/src/game/mario_actions_cutscene.o
                0x0000000080256c20                get_credits_str_width
                0x0000000080256ca8                print_displaying_credits_entry
                0x0000000080256de8                BehEndPeachLoop
                0x0000000080256e64                BehEndToadLoop
                0x0000000080256f20                geo_switch_peach_eyes
                0x0000000080256ff8                Unknown80256FF8
                0x0000000080257038                get_star_collection_dialogue
                0x00000000802570c4                handle_save_menu
                0x00000000802571d8                spawn_obj_at_mario_rel_yaw
                0x0000000080257270                cutscene_take_cap_off
                0x00000000802572d0                cutscene_put_cap_on
                0x0000000080257330                mario_ready_to_speak
                0x00000000802573c8                set_mario_npc_dialogue
                0x00000000802574d0                act_reading_npc_dialogue
                0x0000000080257708                act_waiting_for_dialogue
                0x0000000080257794                act_disappeared
                0x0000000080257838                act_reading_automatic_dialogue
                0x0000000080257a6c                act_reading_sign
                0x0000000080257c34                act_debug_free_move
                0x0000000080257f0c                general_star_dance_handler
                0x00000000802581a8                act_star_dance
                0x0000000080258264                act_star_dance_water
                0x0000000080258348                act_fall_after_star_grab
                0x0000000080258454                common_death_handler
                0x00000000802584cc                act_standing_death
                0x0000000080258574                act_electrocution
                0x00000000802585c4                act_suffocation
                0x0000000080258614                act_death_on_back
                0x0000000080258680                act_death_on_stomach
                0x00000000802586ec                act_quicksand_death
                0x0000000080258804                act_eaten_by_bubba
                0x00000000802588ac                launch_mario_until_land
                0x0000000080258930                act_unlocking_key_door
                0x0000000080258b34                act_unlocking_star_door
                0x0000000080258d1c                act_entering_star_door
                0x0000000080258fec                act_going_through_door
                0x0000000080259154                act_warp_door_spawn
                0x000000008025925c                act_emerge_from_pipe
                0x0000000080259390                act_spawn_spin_airborne
                0x00000000802594c8                act_spawn_spin_landing
                0x0000000080259534                act_exit_airborne
                0x00000000802595dc                act_falling_exit_airborne
                0x0000000080259658                act_exit_land_save_dialogue
                0x00000000802599b8                act_death_exit
                0x0000000080259a70                act_unused_death_exit
                0x0000000080259afc                act_falling_death_exit
                0x0000000080259b88                act_special_exit_airborne
                0x0000000080259c80                act_special_death_exit
                0x0000000080259d54                act_spawn_no_spin_airborne
                0x0000000080259dc8                act_spawn_no_spin_landing
                0x0000000080259e44                act_bbh_enter_spin
                0x000000008025a21c                act_bbh_enter_jump
                0x000000008025a398                act_teleport_fade_out
                0x000000008025a484                act_teleport_fade_in
                0x000000008025a5e0                act_shocked
                0x000000008025a734                act_squished
                0x000000008025ab94                act_putting_on_cap
                0x000000008025ac30                stuck_in_ground_handler
                0x000000008025ad84                act_head_stuck_in_ground
                0x000000008025add8                act_butt_stuck_in_ground
                0x000000008025ae2c                act_feet_stuck_in_ground
                0x000000008025ae80                advance_cutscene_step
                0x000000008025aea4                intro_cutscene_hide_hud_and_mario
                0x000000008025af00                intro_cutscene_peach_lakitu_scene
                0x000000008025afbc                intro_cutscene_raise_pipe
                0x000000008025b074                intro_cutscene_jump_out_of_pipe
                0x000000008025b160                intro_cutscene_land_outside_pipe
                0x000000008025b1b0                intro_cutscene_lower_pipe
                0x000000008025b27c                intro_cutscene_set_mario_to_idle
                0x000000008025b2e8                act_intro_cutscene
                0x000000008025b3b0                jumbo_star_cutscene_falling
                0x000000008025b4bc                jumbo_star_cutscene_taking_off
                0x000000008025b704                jumbo_star_cutscene_flying
                0x000000008025b948                act_jumbo_star_cutscene
                0x000000008025b9dc                generate_yellow_sparkles
                0x000000008025bc14                func_8025BC14
                0x000000008025bcc0                end_peach_cutscene_mario_falling
                0x000000008025bd70                end_peach_cutscene_mario_landing
                0x000000008025be20                end_peach_cutscene_summon_jumbo_star
                0x000000008025bf1c                end_peach_cutscene_spawn_peach
                0x000000008025c1f4                end_peach_cutscene_descend_peach
                0x000000008025c35c                end_peach_cutscene_run_to_peach
                0x000000008025c454                end_peach_cutscene_dialogue_1
                0x000000008025c620                end_peach_cutscene_dialogue_2
                0x000000008025c71c                end_peach_cutscene_kiss_from_peach
                0x000000008025c8b0                end_peach_cutscene_star_dance
                0x000000008025ca34                end_peach_cutscene_dialogue_3
                0x000000008025cb88                end_peach_cutscene_run_to_castle
                0x000000008025cc64                end_peach_cutscene_fade_out
                0x000000008025ccc0                act_end_peach_cutscene
                0x000000008025ce54                act_credits_cutscene
                0x000000008025d170                act_end_waving_cutscene
                0x000000008025d38c                check_for_instant_quicksand
                0x000000008025d418                mario_execute_cutscene_action
 build/jp/src/game/mario_actions_automatic.o(.text)
 .text          0x000000008025d9f0     0x2af0 build/jp/src/game/mario_actions_automatic.o
                0x000000008025d9f0                add_tree_leaf_particles
                0x000000008025da9c                play_climbing_sounds
                0x000000008025db84                set_pole_position
                0x000000008025de9c                act_holding_pole
                0x000000008025e218                act_climbing_pole
                0x000000008025e3cc                act_grab_pole_slow
                0x000000008025e458                act_grab_pole_fast
                0x000000008025e558                act_top_of_pole_transition
                0x000000008025e658                act_top_of_pole
                0x000000008025e778                perform_hanging_step
                0x000000008025e924                update_hang_moving
                0x000000008025eaf8                update_hang_stationary
                0x000000008025eb80                act_start_hanging
                0x000000008025ecdc                act_hanging
                0x000000008025ee0c                act_hang_moving
                0x000000008025efac                let_go_of_ledge
                0x000000008025f0dc                func_8025F0DC
                0x000000008025f188                func_8025F188
                0x000000008025f26c                update_ledge_climb
                0x000000008025f2e8                act_ledge_grab
                0x000000008025f598                act_ledge_climb_slow
                0x000000008025f68c                act_ledge_climb_down
                0x000000008025f710                act_ledge_climb_fast
                0x000000008025f7b8                act_grabbed
                0x000000008025f894                act_in_cannon
                0x000000008025fd7c                act_tornado_twirling
                0x0000000080260190                check_common_automatic_cancels
                0x00000000802601f8                mario_execute_automatic_action
 build/jp/src/game/mario_actions_stationary.o(.text)
 .text          0x00000000802604e0     0x3570 build/jp/src/game/mario_actions_stationary.o
                0x00000000802604e0                func_802604E0
                0x00000000802606dc                func_802606DC
                0x00000000802608e4                act_idle
                0x0000000080260bc4                func_80260BC4
                0x0000000080260c30                act_start_sleeping
                0x0000000080260e38                act_sleeping
                0x0000000080261108                act_waking_up
                0x0000000080261280                act_shivering
                0x00000000802614cc                act_coughing
                0x00000000802615c4                func_802615C4
                0x00000000802616c4                func_802616C4
                0x00000000802617ec                act_standing_against_wall
                0x00000000802618e0                act_in_quicksand
                0x00000000802619a8                act_crouching
                0x0000000080261b64                act_panting
                0x0000000080261c74                func_80261C74
                0x0000000080261d70                func_80261D70
                0x0000000080261dd0                act_braking_stop
                0x0000000080261ed0                act_butt_slide_stop
                0x0000000080261f8c                func_80261F8C
                0x0000000080262084                act_slide_kick_slide_stop
                0x0000000080262124                act_start_crouching
                0x0000000080262244                func_80262244
                0x0000000080262364                act_start_crawling
                0x0000000080262484                func_80262484
                0x0000000080262574                func_80262574
                0x00000000802627b8                func_802627B8
                0x0000000080262828                func_80262828
                0x000000008026295c                act_jump_land_stop
                0x00000000802629b8                act_double_jump_land_stop
                0x0000000080262a14                act_side_flip_land_stop
                0x0000000080262a88                act_freefall_land_stop
                0x0000000080262ae4                act_triple_jump_land_stop
                0x0000000080262b44                act_backflip_land_stop
                0x0000000080262be0                act_lava_boost_land
                0x0000000080262c50                act_long_jump_land_stop
                0x0000000080262cec                func_80262CEC
                0x0000000080262de4                func_80262DE4
                0x0000000080262edc                act_air_throw_land
                0x0000000080262fa8                act_twirl_land
                0x0000000080263100                act_ground_pound_land
                0x00000000802631dc                act_first_person
                0x0000000080263378                func_80263378
                0x000000008026348c                mario_execute_stationary_action
 build/jp/src/game/mario_actions_moving.o(.text)
 .text          0x0000000080263a50     0x6080 build/jp/src/game/mario_actions_moving.o
                0x0000000080263a50                func_80263A50
                0x0000000080263ad4                func_80263AD4
                0x0000000080263c14                func_80263C14
                0x0000000080263c8c                begin_walking_action
                0x0000000080263cec                check_ledge_climb_down
                0x0000000080263ea4                slide_bonk
                0x0000000080263f30                set_triple_jump_action
                0x0000000080263ffc                update_sliding_angle
                0x0000000080264330                update_sliding
                0x0000000080264744                apply_slope_accel
                0x0000000080264970                apply_landing_accel
                0x0000000080264a08                update_shell_speed
                0x0000000080264c70                apply_slope_decel
                0x0000000080264da0                update_decelerating_speed
                0x0000000080264e34                update_walking_speed
                0x0000000080265048                should_begin_sliding
                0x0000000080265104                analog_stick_held_back
                0x0000000080265148                check_ground_dive_or_punch
                0x0000000080265210                begin_braking_action
                0x00000000802652f0                func_802652F0
                0x000000008026570c                func_8026570C
                0x0000000080265980                func_80265980
                0x00000000802659e8                func_802659E8
                0x0000000080265c28                func_80265C28
                0x0000000080265dbc                func_80265DBC
                0x0000000080265f44                act_walking
                0x00000000802661a4                act_move_punching
                0x0000000080266324                act_hold_walking
                0x000000008026658c                act_hold_heavy_walking
                0x00000000802666e8                act_turning_around
                0x000000008026693c                act_finish_turning_around
                0x0000000080266a38                act_braking
                0x0000000080266bb8                act_decelerating
                0x0000000080266e30                act_hold_decelerating
                0x00000000802670f4                act_riding_shell_ground
                0x0000000080267318                act_crawling
                0x000000008026754c                act_burning_ground
                0x0000000080267814                func_80267814
                0x00000000802678d4                common_slide_action
                0x0000000080267b74                common_slide_action_with_jump
                0x0000000080267c44                act_butt_slide
                0x0000000080267ca4                act_hold_butt_slide
                0x0000000080267d38                act_crouch_slide
                0x0000000080267f08                act_slide_kick_slide
                0x000000008026807c                stomach_slide_action
                0x0000000080268190                act_stomach_slide
                0x00000000802681d8                act_hold_stomach_slide
                0x0000000080268254                act_dive_slide
                0x0000000080268388                common_ground_knockback_action
                0x00000000802685c8                act_hard_backward_ground_kb
                0x0000000080268670                act_hard_forward_ground_kb
                0x00000000802686f8                act_backward_ground_kb
                0x0000000080268744                act_forward_ground_kb
                0x0000000080268790                act_soft_backward_ground_kb
                0x00000000802687dc                act_soft_forward_ground_kb
                0x0000000080268828                act_ground_bonk
                0x0000000080268898                act_death_exit_land
                0x0000000080268960                common_landing_action
                0x0000000080268b0c                common_landing_cancels
                0x0000000080268c9c                act_jump_land
                0x0000000080268d04                act_freefall_land
                0x0000000080268d6c                act_side_flip_land
                0x0000000080268df8                act_hold_jump_land
                0x0000000080268e94                act_hold_freefall_land
                0x0000000080268f30                act_long_jump_land
                0x0000000080269010                act_double_jump_land
                0x0000000080269078                act_triple_jump_land
                0x000000008026911c                act_backflip_land
                0x00000000802691d4                quicksand_jump_land_action
                0x000000008026931c                act_quicksand_jump_land
                0x0000000080269370                act_hold_quicksand_jump_land
                0x00000000802693c4                check_common_moving_cancels
                0x00000000802694e8                mario_execute_moving_action
 build/jp/src/game/mario_actions_airborne.o(.text)
 .text          0x0000000080269ad0     0x60d0 build/jp/src/game/mario_actions_airborne.o
                0x0000000080269ad0                play_flip_sounds
                0x0000000080269b50                play_far_fall_sound
                0x0000000080269c20                lava_boost_on_wall
                0x0000000080269d18                check_fall_damage
                0x0000000080269ef4                check_kick_or_dive_in_air
                0x0000000080269f88                should_get_stuck_in_ground
                0x000000008026a08c                check_fall_damage_or_get_stuck
                0x000000008026a120                check_horizontal_wind
                0x000000008026a324                update_air_with_turn
                0x000000008026a554                update_air_without_turn
                0x000000008026a7e4                update_lava_boost_or_twirling
                0x000000008026a968                update_flying_yaw
                0x000000008026ab10                update_flying_pitch
                0x000000008026ac88                update_flying
                0x000000008026af50                common_air_action_step
                0x000000008026b1ac                act_jump
                0x000000008026b24c                act_double_jump
                0x000000008026b320                act_triple_jump
                0x000000008026b41c                act_backflip
                0x000000008026b4bc                act_freefall
                0x000000008026b5c8                act_hold_jump
                0x000000008026b6c4                act_hold_freefall
                0x000000008026b7d0                act_side_flip
                0x000000008026b8dc                act_wall_kick_air
                0x000000008026b988                act_long_jump
                0x000000008026ba50                act_riding_shell_air
                0x000000008026bb44                act_twirling
                0x000000008026bcf0                act_dive
                0x000000008026bfc8                act_air_throw
                0x000000008026c0e0                act_water_jump
                0x000000008026c23c                act_hold_water_jump
                0x000000008026c384                act_steep_jump
                0x000000008026c500                act_ground_pound
                0x000000008026c810                act_burning_jump
                0x000000008026c954                act_burning_fall
                0x000000008026ca2c                act_crazy_box_bounce
                0x000000008026ccb4                common_air_knockback_step
                0x000000008026cdfc                func_8026CDFC
                0x000000008026ce88                act_backward_air_kb
                0x000000008026cf08                act_forward_air_kb
                0x000000008026cf88                act_hard_backward_air_kb
                0x000000008026cfec                act_hard_forward_air_kb
                0x000000008026d050                act_thrown_backward
                0x000000008026d0f8                act_thrown_forward
                0x000000008026d1ec                act_soft_bonk
                0x000000008026d26c                act_getting_blown
                0x000000008026d498                act_air_hit_wall
                0x000000008026d664                act_forward_rollout
                0x000000008026d804                act_backward_rollout
                0x000000008026d9a8                act_butt_slide_air
                0x000000008026db98                act_hold_butt_slide_air
                0x000000008026ddc4                act_lava_boost
                0x000000008026e0ac                act_slide_kick
                0x000000008026e320                act_jump_kick
                0x000000008026e478                act_shot_from_cannon
                0x000000008026e710                act_flying
                0x000000008026ec2c                act_riding_hoot
                0x000000008026edc0                act_flying_triple_jump
                0x000000008026f0a8                act_top_of_pole_jump
                0x000000008026f0f4                act_vertical_wind
                0x000000008026f2d4                act_special_triple_jump
                0x000000008026f4ac                check_common_airborne_cancels
                0x000000008026f598                mario_execute_airborne_action
 build/jp/src/game/mario_actions_submerged.o(.text)
 .text          0x000000008026fba0     0x4da0 build/jp/src/game/mario_actions_submerged.o
                0x000000008026fba0                set_swimming_at_surface_particles
                0x000000008026fc5c                swimming_near_surface
                0x000000008026fcc4                get_buoyancy
                0x000000008026fd94                perform_water_full_step
                0x000000008026ff90                apply_water_current
                0x00000000802703a8                perform_water_step
                0x0000000080270504                func_80270504
                0x00000000802705dc                stationary_slow_down
                0x0000000080270724                update_swimming_speed
                0x00000000802708d0                update_swimming_yaw
                0x0000000080270a68                update_swimming_pitch
                0x0000000080270b54                common_idle_step
                0x0000000080270c64                act_water_idle
                0x0000000080270d50                act_hold_water_idle
                0x0000000080270e4c                act_water_action_end
                0x0000000080270f38                act_hold_water_action_end
                0x000000008027107c                func_8027107C
                0x00000000802710cc                func_802710CC
                0x0000000080271194                common_swimming_step
                0x00000000802713a8                func_802713A8
                0x000000008027140c                check_water_jump
                0x0000000080271530                act_breaststroke
                0x0000000080271794                act_swimming_end
                0x0000000080271944                act_flutter_kick
                0x0000000080271abc                act_hold_breaststroke
                0x0000000080271cfc                act_hold_swimming_end
                0x0000000080271e80                act_hold_flutter_kick
                0x0000000080271fd8                act_water_shell_swimming
                0x000000008027210c                check_water_grab
                0x0000000080272208                act_water_throw
                0x0000000080272300                act_water_punch
                0x00000000802724f0                common_water_knockback_step
                0x00000000802725ac                act_backward_water_kb
                0x00000000802725f4                act_forward_water_kb
                0x000000008027263c                act_water_shocked
                0x000000008027274c                act_drowning
                0x0000000080272850                act_water_death
                0x00000000802728cc                act_water_plunge
                0x0000000080272bf0                act_caught_in_whirlpool
                0x0000000080272fa8                func_80272FA8
                0x0000000080273034                play_metal_water_walking_sound
                0x00000000802730a8                update_metal_water_walking_speed
                0x0000000080273284                update_metal_water_jump_speed
                0x00000000802734bc                act_metal_water_standing
                0x0000000080273664                act_hold_metal_water_standing
                0x0000000080273760                act_metal_water_walking
                0x0000000080273904                act_hold_metal_water_walking
                0x0000000080273ac0                act_metal_water_jump
                0x0000000080273bc4                act_hold_metal_water_jump
                0x0000000080273cf8                act_metal_water_falling
                0x0000000080273e14                act_hold_metal_water_falling
                0x0000000080273f3c                act_metal_water_jump_land
                0x0000000080274010                act_hold_metal_water_jump_land
                0x0000000080274118                act_metal_water_fall_land
                0x00000000802741ec                act_hold_metal_water_fall_land
                0x00000000802742f4                check_common_submerged_cancels
                0x000000008027442c                mario_execute_submerged_action
 build/jp/src/game/mario_actions_object.o(.text)
 .text          0x0000000080274940     0x12e0 build/jp/src/game/mario_actions_object.o
                0x0000000080274940                animated_stationary_ground_step
                0x00000000802749a0                mario_update_punch_sequence
                0x0000000080274db8                act_punching
                0x0000000080274efc                act_picking_up
                0x000000008027508c                act_dive_picking_up
                0x0000000080275158                act_placing_down
                0x0000000080275224                act_throwing
                0x0000000080275350                act_heavy_throw
                0x0000000080275444                act_stomach_slide_stop
                0x0000000080275510                act_picking_up_bowser
                0x00000000802755c4                act_holding_bowser
                0x00000000802758c8                act_releasing_bowser
                0x000000008027595c                check_common_object_cancels
                0x0000000080275a30                mario_execute_object_action
 build/jp/src/game/level_geo.o(.text)
 .text          0x0000000080275c20      0x2e0 build/jp/src/game/level_geo.o
                0x0000000080275c20                geo_exec_level
                0x0000000080275e24                geo_skybox_main
 build/jp/src/game/mario_misc.o(.text)
 .text          0x0000000080275f00     0x1a30 build/jp/src/game/mario_misc.o
                0x0000000080275f00                Geo18_802764B0
                0x0000000080275fcc                bhvToadMessage_faded
                0x000000008027604c                bhvToadMessage_opaque
                0x0000000080276104                bhvToadMessage_talking
                0x0000000080276208                bhvToadMessage_opacifying
                0x0000000080276254                bhvToadMessage_fading
                0x000000008027629c                bhvToadMessage_loop
                0x0000000080276360                bhvToadMessage_init
                0x00000000802764f0                bhvUnlockDoorStar_spawn_particle
                0x0000000080276608                bhvUnlockDoorStar_init
                0x000000008027671c                bhvUnlockDoorStar_loop
                0x00000000802769e0                func_802769E0
                0x0000000080276af4                Geo18_802770A4
                0x0000000080276ba0                geo_switch_mario_stand_run
                0x0000000080276c0c                geo_switch_mario_eyes
                0x0000000080276ce4                Geo18_80277294
                0x0000000080276df4                Geo18_802773A4
                0x0000000080276f44                geo_switch_mario_hand
                0x000000008027701c                Geo18_802775CC
                0x0000000080277128                geo_switch_mario_cap_effect
                0x0000000080277190                geo_switch_mario_cap_on_off
                0x0000000080277274                Geo18_80277824
                0x00000000802773ac                Geo1C_8027795C
                0x0000000080277564                Geo18_80277B14
                0x00000000802777bc                Geo18_80277D6C
 build/jp/src/game/memory.o(.text)
 .text          0x0000000080277930     0x1280 build/jp/src/game/memory.o
                0x0000000080277930                set_segment_base_addr
                0x0000000080277970                get_segment_base_addr
                0x00000000802779a0                segmented_to_virtual
                0x00000000802779f8                virtual_to_segmented
                0x0000000080277a40                move_segment_table_to_dmem
                0x0000000080277ac4                main_pool_init
                0x0000000080277b70                main_pool_alloc
                0x0000000080277c88                main_pool_free
                0x0000000080277da8                main_pool_realloc
                0x0000000080277e18                main_pool_available
                0x0000000080277e38                main_pool_push_state
                0x0000000080277ee8                main_pool_pop_state
                0x0000000080277f54                dma_read
                0x0000000080278060                dynamic_dma_read
                0x00000000802780dc                load_segment
                0x0000000080278140                load_to_fixed_pool_addr
                0x0000000080278228                load_segment_decompress
                0x0000000080278304                func_80278304
                0x00000000802783c4                load_engine_code_segment
                0x0000000080278464                alloc_only_pool_init
                0x0000000080278508                alloc_only_pool_alloc
                0x0000000080278578                alloc_only_pool_resize
                0x00000000802785e8                mem_pool_init
                0x00000000802786a8                mem_pool_alloc
                0x00000000802787c4                mem_pool_free
                0x000000008027897c                alloc_display_list
                0x00000000802789f0                func_802789F0
                0x0000000080278a78                func_80278A78
                0x0000000080278ad4                func_80278AD4
 build/jp/src/game/save_file.o(.text)
 .text          0x0000000080278bb0     0x1670 build/jp/src/game/save_file.o
                0x0000000080278bb0                no_op
                0x0000000080278bc4                read_eeprom_data
                0x0000000080278c68                write_eeprom_data
                0x0000000080278d10                calc_checksum
                0x0000000080278d64                verify_save_block_signature
                0x0000000080278dec                add_save_block_signature
                0x0000000080278e4c                restore_main_menu_data
                0x0000000080278ef0                save_main_menu_data
                0x0000000080278f6c                wipe_main_menu_data
                0x0000000080278ff0                get_coin_score_age
                0x0000000080279024                set_coin_score_age
                0x00000000802790a0                touch_coin_score_age
                0x0000000080279150                touch_high_score_ages
                0x0000000080279198                restore_save_file_data
                0x0000000080279290                save_file_do_save
                0x000000008027934c                save_file_erase
                0x00000000802793b0                save_file_copy
                0x000000008027942c                save_file_load_all
                0x0000000080279618                save_file_reload
                0x0000000080279694                save_file_collect_star_or_key
                0x0000000080279894                save_file_exists
                0x00000000802798d0                save_file_get_max_coin_score
                0x00000000802799d0                save_file_get_course_star_count
                0x0000000080279a60                save_file_get_total_star_count
                0x0000000080279af8                save_file_set_flags
                0x0000000080279b44                save_file_clear_flags
                0x0000000080279bbc                save_file_get_flags
                0x0000000080279c18                save_file_get_star_flags
                0x0000000080279c8c                save_file_set_star_flags
                0x0000000080279d60                save_file_get_course_coin_score
                0x0000000080279d90                save_file_is_cannon_unlocked
                0x0000000080279de0                save_file_set_cannon_unlocked
                0x0000000080279e68                save_file_set_cap_pos
                0x0000000080279efc                save_file_get_cap_pos
                0x0000000080279fb4                save_file_set_sound_mode
                0x000000008027a004                save_file_get_sound_mode
                0x000000008027a024                save_file_move_cap_to_default_location
                0x000000008027a0e8                disable_warp_checkpoint
                0x000000008027a100                check_if_should_set_warp_checkpoint
                0x000000008027a168                check_warp_checkpoint
 build/jp/src/game/area.o(.text)
 .text          0x000000008027a220      0xef0 build/jp/src/game/area.o
                0x000000008027a220                func_8027A220
                0x000000008027a28c                set_warp_transition_rgb
                0x000000008027a300                print_intro_text
                0x000000008027a38c                get_mario_spawn_type
                0x000000008027a418                area_get_warp_node
                0x000000008027a478                func_8027A478
                0x000000008027a4c4                func_8027A4C4
                0x000000008027a554                clear_areas
                0x000000008027a7c4                func_8027A7C4
                0x000000008027a894                load_area
                0x000000008027a998                func_8027A998
                0x000000008027aa0c                load_mario_area
                0x000000008027aa88                func_8027AA88
                0x000000008027ab10                change_area
                0x000000008027abb4                area_update_objects
                0x000000008027abf0                play_transition
                0x000000008027adac                play_transition_after_delay
                0x000000008027ae04                render_game
 build/jp/src/game/rendering_graph_node.o(.text)
 .text          0x000000008027b110     0x2d20 build/jp/src/game/rendering_graph_node.o
                0x000000008027b110                func_8027B110
                0x000000008027b354                func_8027B354
                0x000000008027b450                func_8027B450
                0x000000008027b4e8                func_8027B4E8
                0x000000008027b6c4                func_8027B6C4
                0x000000008027b840                func_8027B840
                0x000000008027b8d4                func_8027B8D4
                0x000000008027b9a8                func_8027B9A8
                0x000000008027bb64                func_8027BB64
                0x000000008027bc88                func_8027BC88
                0x000000008027bdac                func_8027BDAC
                0x000000008027bec4                func_8027BEC4
                0x000000008027bfe4                func_8027BFE4
                0x000000008027c18c                func_8027C18C
                0x000000008027c1f4                func_8027C1F4
                0x000000008027c2a8                func_8027C2A8
                0x000000008027c4c0                func_8027C4C0
                0x000000008027c988                func_8027C988
                0x000000008027cb08                func_8027CB08
                0x000000008027cf68                func_8027CF68
                0x000000008027d14c                func_8027D14C
                0x000000008027d460                func_8027D460
                0x000000008027d4d4                func_8027D4D4
                0x000000008027d8b8                func_8027D8B8
                0x000000008027d8f8                func_8027D8F8
                0x000000008027db80                func_8027DB80
 build/jp/src/game/profiler.o(.text)
 .text          0x000000008027de30     0x1100 build/jp/src/game/profiler.o
                0x000000008027de30                profiler_log_thread5_time
                0x000000008027dee0                profiler_log_thread4_time
                0x000000008027df70                profiler_log_gfx_time
                0x000000008027e01c                profiler_log_vblank_time
                0x000000008027e0ac                draw_profiler_bar
                0x000000008027e3a8                draw_reference_profiler_bars
                0x000000008027e61c                draw_profiler_mode_1
                0x000000008027e8fc                draw_profiler_mode_0
                0x000000008027eeb0                draw_profiler
 build/jp/asm/decompress.o(.text)
 .text          0x000000008027ef30       0xb0 build/jp/asm/decompress.o
                0x000000008027ef30                decompress
 build/jp/src/game/camera.o(.text)
 .text          0x000000008027efe0    0x1d010 build/jp/src/game/camera.o
                0x000000008027efe0                func_8027EFE0
                0x000000008027f308                func_8027F308
                0x000000008027f440                func_8027F440
                0x000000008027f5c4                unused_8027F5C4
                0x000000008027f668                func_8027F668
                0x000000008027f870                func_8027F870
                0x000000008027f950                unused_8027F950
                0x000000008027fa48                func_8027FA48
                0x000000008027fdb8                func_8027FDB8
                0x000000008027ff44                func_8027FF44
                0x00000000802800f4                func_802800F4
                0x0000000080280260                CameraChange01
                0x00000000802803c0                CameraChange0E
                0x0000000080280550                func_80280550
                0x0000000080280bd8                func_80280BD8
                0x0000000080280e0c                func_80280E0C
                0x0000000080280e3c                func_80280E3C
                0x0000000080280ebc                func_80280EBC
                0x0000000080280fd8                func_80280FD8
                0x00000000802810f0                CameraChange02
                0x000000008028124c                func_8028124C
                0x0000000080281354                CameraChange0C
                0x0000000080281cd0                CameraChange0D
                0x00000000802820f0                CameraChange0B
                0x000000008028265c                CameraChange05
                0x0000000080282678                unused_80282678
                0x000000008028268c                func_8028268C
                0x00000000802826cc                func_802826CC
                0x0000000080282730                func_80282730
                0x00000000802827c8                CameraChange03
                0x0000000080282d90                func_80282D90
                0x0000000080282fc8                func_80282FC8
                0x0000000080283434                func_80283434
                0x0000000080283468                CameraChange08
                0x0000000080283484                func_80283484
                0x00000000802834b8                CameraChange040710
                0x0000000080283548                func_80283548
                0x0000000080284708                func_80284708
                0x000000008028474c                camera_lakitu_zoom_distance
                0x0000000080284788                camera_mario_zoom_distance
                0x00000000802847c4                CameraChange11
                0x0000000080284afc                func_80284AFC
                0x0000000080284b3c                CameraChange090F
                0x0000000080284bcc                unused_80284BCC
                0x0000000080284c2c                func_80284C2C
                0x0000000080284cbc                func_80284CBC
                0x0000000080284d44                func_80284D44
                0x0000000080284dc0                func_80284DC0
                0x0000000080285258                CameraChange06
                0x00000000802852f4                func_802852F4
                0x000000008028547c                func_8028547C
                0x0000000080285770                func_80285770
                0x0000000080285928                CameraChange0A
                0x00000000802859b0                func_802859B0
                0x0000000080285a8c                func_80285A8C
                0x0000000080285ad8                func_80285AD8
                0x0000000080285bd8                func_80285BD8
                0x0000000080285e70                func_80285E70
                0x0000000080286348                func_80286348
                0x00000000802869b8                func_802869B8
                0x0000000080286c9c                func_80286C9C
                0x0000000080287404                func_80287404
                0x00000000802875dc                func_802875DC
                0x00000000802875f8                func_802875F8
                0x00000000802876d0                func_802876D0
                0x0000000080287748                Geo0F_80287D30
                0x00000000802877d8                dummy_802877D8
                0x00000000802877ec                dummy_802877EC
                0x0000000080287800                vec3f_sub
                0x0000000080287840                object_pos_to_vec3f
                0x0000000080287868                vec3f_to_object_pos
                0x0000000080287890                unused_object_angle_to_vec3s
                0x00000000802878b8                func_802878B8
                0x0000000080287cfc                func_80287CFC
                0x000000008028803c                func_8028803C
                0x0000000080288130                func_80288130
                0x00000000802882a0                func_802882A0
                0x00000000802883c8                func_802883C8
                0x00000000802886fc                func_802886FC
                0x0000000080288880                update_camera_status
                0x0000000080288974                func_80288974
                0x0000000080288bb0                func_80288BB0
                0x0000000080288c2c                func_80288C2C
                0x0000000080288cf0                func_80288CF0
                0x0000000080288d74                func_80288D74
                0x0000000080288e0c                approach_f32_exponential
                0x0000000080288ea0                approach_f32_exponential_2
                0x0000000080288ecc                approach_s16_exponential
                0x0000000080288f84                approach_s16_exponential_2
                0x0000000080289028                approach_vec3f_exponential
                0x000000008028909c                func_8028909C
                0x0000000080289110                approach_vec3s_exponential
                0x0000000080289184                func_80289184
                0x0000000080289264                func_80289264
                0x0000000080289354                func_80289354
                0x00000000802893e4                func_802893E4
                0x0000000080289524                func_80289524
                0x0000000080289618                func_80289618
                0x0000000080289738                func_80289738
                0x00000000802899a0                func_802899A0
                0x0000000080289a98                func_80289A98
                0x0000000080289b0c                func_80289B0C
                0x0000000080289f04                func_80289F04
                0x000000008028a0d4                func_8028A0D4
                0x000000008028a204                func_8028A204
                0x000000008028a24c                func_8028A24C
                0x000000008028a300                func_8028A300
                0x000000008028a440                func_8028A440
                0x000000008028a4f0                func_8028A4F0
                0x000000008028a578                func_8028A578
                0x000000008028a640                func_8028A640
                0x000000008028a6e4                func_8028A6E4
                0x000000008028a764                func_8028A764
                0x000000008028a834                func_8028A834
                0x000000008028a908                func_8028A908
                0x000000008028a964                func_8028A964
                0x000000008028aa24                func_8028AA24
                0x000000008028aa80                func_8028AA80
                0x000000008028ab34                Unknown8028AB34
                0x000000008028abe8                func_8028ABE8
                0x000000008028ac30                func_8028AC30
                0x000000008028ad44                func_8028AD44
                0x000000008028ae50                func_8028AE50
                0x000000008028af24                func_8028AF24
                0x000000008028b13c                func_8028B13C
                0x000000008028b16c                func_8028B16C
                0x000000008028b19c                func_8028B19C
                0x000000008028b1dc                func_8028B1DC
                0x000000008028b21c                func_8028B21C
                0x000000008028b268                func_8028B268
                0x000000008028b29c                func_8028B29C
                0x000000008028b2d0                func_8028B2D0
                0x000000008028b304                func_8028B304
                0x000000008028b338                func_8028B338
                0x000000008028b36c                func_8028B36C
                0x000000008028b3dc                func_8028B3DC
                0x000000008028b740                StopMario
                0x000000008028b7a4                func_8028B7A4
                0x000000008028ba38                func_8028BA38
                0x000000008028bb3c                func_8028BB3C
                0x000000008028bb8c                func_8028BB8C
                0x000000008028bc6c                func_8028BC6C
                0x000000008028bcc8                func_8028BCC8
                0x000000008028c1a0                func_8028C1A0
                0x000000008028c2f0                func_8028C2F0
                0x000000008028c3ac                Unknown8028C3AC
                0x000000008028c3cc                func_8028C3CC
                0x000000008028c508                unused_8028C508
                0x000000008028c5f0                func_8028C5F0
                0x000000008028c794                func_8028C794
                0x000000008028c7ec                func_8028C7EC
                0x000000008028c824                func_8028C824
                0x000000008028ce1c                Unknown8028CE1C
                0x000000008028ce4c                func_8028CE4C
                0x000000008028cfac                func_8028CFAC
                0x000000008028cffc                func_8028CFFC
                0x000000008028d058                func_8028D058
                0x000000008028d098                func_8028D098
                0x000000008028d19c                func_8028D19C
                0x000000008028d288                func_8028D288
                0x000000008028d32c                func_8028D32C
                0x000000008028d418                CameraRR00
                0x000000008028d450                CameraRR04
                0x000000008028d4ec                CameraRR02
                0x000000008028d538                CameraRR0305
                0x000000008028d5b4                CameraRR01
                0x000000008028d5f4                CameraMetal00
                0x000000008028d61c                CameraSL00
                0x000000008028d670                CameraSL01
                0x000000008028d6a4                func_8028D6A4
                0x000000008028d748                CameraHMC00
                0x000000008028d808                CameraHMC02
                0x000000008028d838                CameraHMC03
                0x000000008028d86c                CameraHMC04
                0x000000008028d8a0                CameraHMC05
                0x000000008028d8d4                CameraSSL00
                0x000000008028d900                CameraSSL0102
                0x000000008028d948                CameraSSL03
                0x000000008028d990                CameraTHI00
                0x000000008028d9c4                CameraTHI01
                0x000000008028d9f8                CameraRR07
                0x000000008028da40                CameraRR08
                0x000000008028da74                CameraHMC01
                0x000000008028dac8                CameraInside20
                0x000000008028db40                CameraInside1E
                0x000000008028dbec                CameraInside1F
                0x000000008028dc74                CameraInside01
                0x000000008028dcdc                CameraInside1213
                0x000000008028dd10                CameraUnused
                0x000000008028dd68                CameraInside00
                0x000000008028dd94                CameraInside0E
                0x000000008028ddcc                CameraInside0F
                0x000000008028ddf8                CameraBBH2B2C
                0x000000008028de2c                CameraBBH24
                0x000000008028de58                CameraBBH2E2F
                0x000000008028df00                CameraBBH020C
                0x000000008028df38                CameraBBH01
                0x000000008028df70                CameraBBH0D0F
                0x000000008028dfa8                CameraBBH1011
                0x000000008028dfe0                CameraBBH12
                0x000000008028e018                CameraBBH1314
                0x000000008028e050                CameraBBH15
                0x000000008028e0a0                CameraBBH16
                0x000000008028e0f0                CameraBBH17
                0x000000008028e134                CameraBBH18
                0x000000008028e16c                CameraBBH28
                0x000000008028e1a4                CameraBBH29
                0x000000008028e1f4                CameraBBH2A
                0x000000008028e244                CameraBBH3033
                0x000000008028e27c                CameraBBH34
                0x000000008028e2a8                CameraBBH38
                0x000000008028e30c                CameraBBH393A
                0x000000008028e350                CameraBBH00
                0x000000008028e37c                CameraBBH1A1B
                0x000000008028e3b4                CameraBBH1C
                0x000000008028e404                CameraBBH1E
                0x000000008028e43c                CameraBBH1D
                0x000000008028e48c                CameraBBH1F20
                0x000000008028e4c4                CameraBBH21
                0x000000008028e514                CameraBBH22
                0x000000008028e564                CameraBBH23
                0x000000008028e59c                CameraBBH3536
                0x000000008028e5e0                CameraCCM00
                0x000000008028e608                CameraCCM01
                0x000000008028e634                func_8028E634
                0x000000008028e70c                func_8028E70C
                0x000000008028e774                func_8028E774
                0x000000008028e88c                func_8028E88C
                0x000000008028f04c                func_8028F04C
                0x000000008028f2f0                func_8028F2F0
                0x000000008028f678                func_8028F678
                0x000000008028f800                func_8028F800
                0x000000008028f834                func_8028F834
                0x000000008028f860                unused_8028F860
                0x000000008028f8e0                func_8028F8E0
                0x000000008028f9a4                func_8028F9A4
                0x000000008028f9e8                func_8028F9E8
                0x000000008028fa74                func_8028FA74
                0x000000008028fabc                func_8028FABC
                0x000000008028fae0                func_8028FAE0
                0x000000008028fb44                func_8028FB44
                0x000000008028fb80                func_8028FB80
                0x000000008028fbd8                func_8028FBD8
                0x000000008028fd94                func_8028FD94
                0x000000008028fde8                unused_8028FDE8
                0x000000008028fe1c                Cutscene26Todo0
                0x000000008028fe50                unused_8028FE50
                0x000000008028fe84                CutsceneIntroPeach0_2
                0x000000008028feb0                CutsceneIntroPeach2_1
                0x000000008028fedc                func_8028FEDC
                0x000000008028fefc                func_8028FEFC
                0x0000000080290144                func_80290144
                0x00000000802901b4                func_802901B4
                0x0000000080290224                func_80290224
                0x00000000802902a8                func_802902A8
                0x00000000802902f8                unused_vec3s_to_vec3f
                0x0000000080290344                unused_vec3f_to_vec3s
                0x0000000080290390                func_80290390
                0x000000008029041c                CutsceneEnterSomething8029041C
                0x0000000080290450                unused_80290450
                0x000000008029047c                func_8029047C
                0x0000000080290514                func_80290514
                0x0000000080290564                func_80290564
                0x0000000080290598                func_80290598
                0x00000000802905c8                unused_802905C8
                0x00000000802905dc                Cutscene0FTodo0
                0x00000000802905f0                Cutscene0FTodo1
                0x0000000080290604                CutscenePeachEnd0_1
                0x000000008029065c                CutscenePeachEnd0_2
                0x0000000080290750                CutscenePeachEnd0
                0x00000000802907c0                CutscenePeachEnd2
                0x0000000080290834                CutscenePeachEndCommon367A
                0x0000000080290870                CutscenePeachEnd3_1
                0x00000000802908dc                CutscenePeachEnd3
                0x000000008029094c                CutscenePeachEnd1
                0x0000000080290a34                CutscenePeachEnd4_1
                0x0000000080290ac8                CutscenePeachEnd4
                0x0000000080290b88                CutscenePeachEnd5_1
                0x0000000080290bc8                CutscenePeachEnd5_2
                0x0000000080290c3c                CutscenePeachEnd5_3
                0x0000000080290c78                CutscenePeachEnd5_4
                0x0000000080290d14                CutscenePeachEnd5
                0x0000000080290dec                CutscenePeachEnd6
                0x0000000080290e8c                CutscenePeachEnd7_1
                0x0000000080290ed4                CutscenePeachEnd7
                0x0000000080290f94                CutscenePeachEnd8
                0x0000000080291014                CutscenePeachEnd9_1
                0x0000000080291078                CutscenePeachEnd9_2
                0x0000000080291134                CutscenePeachEnd9
                0x00000000802911a4                CutscenePeachEndA_1
                0x000000008029120c                CutscenePeachEndA_2
                0x0000000080291230                CutscenePeachEndA
                0x00000000802912e4                CutscenePeachEndB
                0x0000000080291324                CutsceneGrandStar0_1
                0x000000008029139c                CutsceneGrandStar0_2
                0x0000000080291474                CutsceneGrandStar0_4
                0x00000000802914d8                CutsceneGrandStar0_5
                0x0000000080291528                CutsceneGrandStar0_6
                0x00000000802915b4                CutsceneGrandStar0_7
                0x00000000802915fc                CutsceneGrandStar0_3
                0x0000000080291690                CutsceneGrandStar0
                0x0000000080291770                CutsceneGrandStar1_1
                0x0000000080291844                CutsceneGrandStar1_2
                0x00000000802918d8                CutsceneGrandStar1_3
                0x00000000802919f8                CutsceneGrandStar1_4
                0x0000000080291b24                CutsceneGrandStar1
                0x0000000080291bbc                func_80291BBC
                0x0000000080291c4c                CutsceneDanceCommon
                0x0000000080291ce4                CutsceneStarDance1_4
                0x0000000080291d30                CutsceneStarDance1_5
                0x0000000080291d78                CutsceneStarDance1_6
                0x0000000080291dc0                dummy_80291DC0
                0x0000000080291dd4                CutsceneStarDance1_1
                0x0000000080291e0c                CutsceneStarDance1_3
                0x0000000080291e44                CutsceneStarDance1_2
                0x0000000080291e78                CutsceneStarDance1
                0x0000000080291fe8                func_80291FE8
                0x000000008029209c                CutsceneStarDance3_1
                0x0000000080292190                CutsceneStarDance3_2
                0x0000000080292228                CutsceneStarDance3_3
                0x0000000080292334                CutsceneStarDance3_4
                0x00000000802923e0                CutsceneStarDance3_5
                0x000000008029240c                CutsceneStarDance3_6
                0x0000000080292440                CutsceneStarDance3
                0x00000000802925c0                CutsceneStarDance2_1
                0x0000000080292740                CutsceneStarDance2_3
                0x00000000802927ec                CutsceneStarDance2_2
                0x0000000080292884                func_80292884
                0x0000000080292900                CutsceneStarDance2_4
                0x0000000080292958                CutsceneStarDance2_5
                0x00000000802929a4                CutsceneStarDance2_6
                0x00000000802929d8                CutsceneStarDance2
                0x0000000080292ab0                CutsceneKeyDance0_6
                0x0000000080292b24                CutsceneKeyDance0_2
                0x0000000080292b80                CutsceneKeyDance0_3
                0x0000000080292be0                CutsceneKeyDance0_4
                0x0000000080292c4c                CutsceneKeyDance0_5
                0x0000000080292cb4                CutsceneKeyDance0_7
                0x0000000080292ce8                CutsceneKeyDance0_8
                0x0000000080292d14                CutsceneKeyDance0_1
                0x0000000080292d4c                CutsceneKeyDance0
                0x0000000080292e48                CutsceneEnterBowserPlatform0_4
                0x0000000080292e74                CutsceneEnterBowserPlatform0_3
                0x0000000080292e98                CutsceneEnterBowserPlatform0_5
                0x0000000080292f08                CutsceneEnterBowserPlatform0_8
                0x0000000080292fa0                CutsceneEnterBowserPlatform0_9
                0x0000000080292fe4                CutsceneEnterBowserPlatform0_7
                0x000000008029305c                CutsceneEnterBowserPlatform0_6
                0x000000008029309c                CutsceneEnterBowserPlatform0_1
                0x00000000802930c8                func_802930C8
                0x00000000802930f4                CutsceneEnterBowserPlatform0_2
                0x00000000802931a8                CutsceneEnterBowserPlatform1_1
                0x000000008029322c                CutsceneEnterBowserPlatform1
                0x0000000080293288                CutsceneEnterBowserPlatform2
                0x0000000080293304                CutsceneEnterBowserPlatform0
                0x000000008029347c                CutsceneStarSpawn0_1
                0x00000000802934a8                CutsceneStarSpawn0_2
                0x0000000080293530                CutsceneStarSpawn1_1
                0x00000000802935b4                CutsceneStarSpawn1_2
                0x00000000802935ec                CutsceneStarSpawn0
                0x0000000080293670                CutsceneStarSpawn1
                0x000000008029371c                CutsceneStarSpawn2
                0x0000000080293750                CutsceneExitWaterfall0_1
                0x0000000080293794                Cutscene80293794
                0x000000008029383c                CutsceneExitWaterfall0
                0x0000000080293898                CutsceneFallCommon1
                0x00000000802938ec                CutsceneFallToCastleGrounds0_1
                0x0000000080293930                CutsceneFallToCastleGrounds0
                0x000000008029398c                CutsceneSpecialStarSpawn0_1
                0x00000000802939e4                CutsceneSpecialStarSpawn0_3
                0x0000000080293a48                CutsceneSpecialStarSpawn0_4
                0x0000000080293a8c                CutsceneSpecialStarSpawn0_5
                0x0000000080293acc                CutsceneSpecialStarSpawn0_2
                0x0000000080293c8c                CutsceneSpecialStarSpawn0_6
                0x0000000080293cb0                CutsceneSpecialStarSpawn0
                0x0000000080293d94                CutsceneSpecialStarSpawn1
                0x0000000080293de8                func_80293DE8
                0x00000000802940d8                CutscenePrepareCannon0_1
                0x0000000080294164                CutscenePrepareCannon0_2
                0x00000000802941cc                func_802941CC
                0x0000000080294260                CutscenePrepareCannon0_3
                0x00000000802943d4                CutscenePrepareCannon0
                0x0000000080294454                CutscenePrepareCannon1
                0x00000000802944a8                func_802944A8
                0x0000000080294538                func_80294538
                0x0000000080294574                CutsceneDeath1_1
                0x00000000802945e8                CutsceneDeath1_2
                0x000000008029461c                CutsceneDeath1
                0x0000000080294684                CutsceneDeath2_1
                0x0000000080294708                CutsceneDeath2_2
                0x0000000080294748                unused_80294748
                0x0000000080294774                CutsceneDeath2
                0x00000000802947e4                CutsceneBBHDeath0_1
                0x0000000080294868                CutsceneBBHDeath0_2
                0x00000000802948a8                CutsceneBBHDeath0
                0x0000000080294918                CutsceneQuicksandDeath0_1
                0x0000000080294954                CutsceneQuicksandDeath0_2
                0x00000000802949ac                CutsceneQuicksandDeath0
                0x0000000080294a70                Cutscene1ATodo0_3
                0x0000000080294b00                Cutscene1ATodo0_2
                0x0000000080294bb0                Cutscene1ATodo0_1
                0x0000000080294c30                Cutscene1ATodo0
                0x0000000080294cd0                CutsceneEnterPool0_1
                0x0000000080294d9c                CutsceneEnterPool0_2
                0x0000000080294dd8                CutsceneEnterPool0
                0x0000000080294e40                Cutscene26Todo1_1
                0x0000000080294eac                Cutscene26Todo1_5
                0x0000000080294ed8                Cutscene26Todo1_2
                0x0000000080294f40                Cutscene26Todo1_3
                0x0000000080295030                Cutscene26Todo1_4
                0x0000000080295100                Cutscene26Todo1_7
                0x000000008029512c                Cutscene26Todo1_6
                0x0000000080295188                Cutscene26Todo1
                0x0000000080295254                Cutscene26Todo2
                0x0000000080295294                CutsceneEnterPyramidTop0_1
                0x00000000802952f0                CutsceneEnterPyramidTop0
                0x000000008029538c                unused_8029538C
                0x0000000080295418                CutsceneDialog0_1
                0x0000000080295568                CutsceneDialog0_2
                0x000000008029579c                CutsceneDialog0_3
                0x0000000080295804                CutsceneDialog0
                0x0000000080295928                CutsceneDialog1
                0x0000000080295950                CutsceneDialog2
                0x0000000080295998                CutsceneReadMessage0_1
                0x0000000080295a28                unused_80295A28
                0x0000000080295ad8                CutsceneReadMessage0
                0x0000000080295c40                CutsceneReadMessage1
                0x0000000080295c68                CutsceneReadMessage2
                0x0000000080295c90                CutsceneExitSuccess1
                0x0000000080295d30                CutsceneExitSuccess2
                0x0000000080295ea4                CutsceneExitSuccess4
                0x0000000080295fd4                CutsceneExitSuccess3
                0x0000000080296014                CutsceneExitBowserSuccess0_1
                0x000000008029605c                CutsceneExitSuccess5
                0x0000000080296088                CutsceneExitBowserSuccess0
                0x000000008029613c                CutsceneExitNonPainting1
                0x00000000802961d4                CutsceneBBHExitSuccess0_1
                0x0000000080296218                CutsceneBBHExitSuccess0
                0x00000000802962d4                CutsceneNonPaintingDeath0_1
                0x0000000080296370                Cutscene1CTodo_0
                0x00000000802963dc                CutsceneNonPaintingDeath0_2
                0x00000000802964a8                CutsceneNonPaintingDeath0
                0x0000000080296540                CutsceneCapSwitchPress0_1
                0x00000000802965c4                CutsceneCapSwitchPress0_4
                0x00000000802966d8                CutsceneCapSwitchPress0_5
                0x0000000080296720                CutsceneCapSwitchPress0_2
                0x000000008029682c                CutsceneCapSwitchPress0_3
                0x00000000802968b0                CutsceneCapSwitchPress0_6
                0x00000000802968e8                unused_802968E8
                0x0000000080296920                CutsceneCapSwitchPress0
                0x0000000080296ac0                CutsceneUnlockKeyDoor0_1
                0x0000000080296b84                CutsceneUnlockKeyDoor0_2
                0x0000000080296c08                CutsceneUnlockKeyDoor0_5
                0x0000000080296c64                CutsceneUnlockKeyDoor0_6
                0x0000000080296c78                CutsceneUnlockKeyDoor0_3
                0x0000000080296cfc                CutsceneUnlockKeyDoor0_4
                0x0000000080296d28                CutsceneUnlockKeyDoor0
                0x0000000080296ddc                func_80296DDC
                0x0000000080296ed8                CutsceneIntroPeach0_3
                0x0000000080296f04                CutsceneIntroPeachCommon
                0x0000000080296f6c                CutsceneIntroPeach4
                0x0000000080296ffc                CutsceneIntroPeach3_2
                0x0000000080297068                CutsceneIntroPeach2_2
                0x0000000080297088                CutsceneIntroPeach0_1
                0x00000000802970c4                CutsceneIntroPeach3_1
                0x0000000080297108                CutsceneIntroPeach3_3
                0x0000000080297134                CutsceneIntroPeach3_4
                0x0000000080297160                CutsceneIntroPeach2
                0x0000000080297204                CutsceneIntroPeach3
                0x0000000080297334                CutsceneIntroPeach1
                0x0000000080297360                CutsceneIntroPeach0
                0x000000008029743c                CutsceneEndWaving0_1
                0x0000000080297468                CutsceneEndWaving0