Archive member included to satisfy reference by file (symbol)

build/jp/libultra.a(bcopy.o)  build/jp/src/game/save_file.o (bcopy)
build/jp/libultra.a(osWritebackDCacheAll.o)
                              build/jp/src/game/main.o (osWritebackDCacheAll)
build/jp/libultra.a(parameters.o)
                              build/jp/src/buffers/zbuffer.o (osTvType)
build/jp/libultra.a(bzero.o)  build/jp/src/game/memory.o (bzero)
build/jp/libultra.a(osInvalDCache.o)
                              build/jp/src/game/memory.o (osInvalDCache)
build/jp/libultra.a(osUnmapTLBAll.o)
                              build/jp/src/game/main.o (osUnmapTLBAll)
build/jp/libultra.a(osInvalICache.o)
                              build/jp/src/game/memory.o (osInvalICache)
build/jp/libultra.a(osMapTLB.o)
                              build/jp/src/game/main.o (osMapTLB)
build/jp/libultra.a(osWritebackDCache.o)
                              build/jp/src/audio/playback.o (osWritebackDCache)
build/jp/libultra.a(osEepromLongWrite.o)
                              build/jp/src/game/save_file.o (osEepromLongWrite)
build/jp/libultra.a(osGetTime.o)
                              build/jp/src/game/profiler.o (osGetTime)
build/jp/libultra.a(osCreatePiManager.o)
                              build/jp/src/game/main.o (osCreatePiManager)
build/jp/libultra.a(guPerspectiveF.o)
                              build/jp/src/game/rendering_graph_node.o (guPerspective)
build/jp/libultra.a(osInitialize.o)
                              build/jp/src/game/main.o (osClockRate)
build/jp/libultra.a(osSpTaskLoadGo.o)
                              build/jp/src/game/main.o (osSpTaskLoad)
build/jp/libultra.a(osAiGetLength.o)
                              build/jp/src/audio/external.o (osAiGetLength)
build/jp/libultra.a(osPiStartDma.o)
                              build/jp/src/game/memory.o (osPiStartDma)
build/jp/libultra.a(guOrthoF.o)
                              build/jp/src/game/rendering_graph_node.o (guOrtho)
build/jp/libultra.a(osViSetMode.o)
                              build/jp/src/game/main.o (osViSetMode)
build/jp/libultra.a(osContStartReadData.o)
                              build/jp/src/game/game_init.o (osContStartReadData)
build/jp/libultra.a(osViTable.o)
                              build/jp/src/buffers/zbuffer.o (osViModeTable)
build/jp/libultra.a(__osSiCreateAccessQueue.o)
                              build/jp/libultra.a(osContStartReadData.o) (__osSiGetAccess)
build/jp/libultra.a(osEepromLongRead.o)
                              build/jp/src/game/save_file.o (osEepromLongRead)
build/jp/libultra.a(osSetEventMesg.o)
                              build/jp/src/game/main.o (osSetEventMesg)
build/jp/libultra.a(sqrtf.o)  build/jp/src/game/game_init.o (sqrtf)
build/jp/libultra.a(__osSiRawStartDma.o)
                              build/jp/libultra.a(osContStartReadData.o) (__osSiRawStartDma)
build/jp/libultra.a(osViSwapBuffer.o)
                              build/jp/src/game/game_init.o (osViSwapBuffer)
build/jp/libultra.a(osCreateViManager.o)
                              build/jp/src/game/main.o (osCreateViManager)
build/jp/libultra.a(osSetThreadPri.o)
                              build/jp/src/game/main.o (osSetThreadPri)
build/jp/libultra.a(guRotateF.o)
                              build/jp/src/game/paintings.o (guRotate)
build/jp/libultra.a(osGetThreadPri.o)
                              build/jp/libultra.a(osCreatePiManager.o) (osGetThreadPri)
build/jp/libultra.a(osJamMesg.o)
                              build/jp/libultra.a(osPiStartDma.o) (osJamMesg)
build/jp/libultra.a(osSetTimer.o)
                              build/jp/libultra.a(osEepromLongWrite.o) (osSetTimer)
build/jp/libultra.a(__osViInit.o)
                              build/jp/libultra.a(osViSetMode.o) (D_80334914)
build/jp/libultra.a(osViData.o)
                              build/jp/libultra.a(__osViInit.o) (D_80334990)
build/jp/libultra.a(__osSiRawReadIo.o)
                              build/jp/libultra.a(osInitialize.o) (__osSiRawReadIo)
build/jp/libultra.a(osCreateMesgQueue.o)
                              build/jp/src/game/main.o (osCreateMesgQueue)
build/jp/libultra.a(osTimer.o)
                              build/jp/libultra.a(osSetTimer.o) (D_80334830)
build/jp/libultra.a(__osPiCreateAccessQueue.o)
                              build/jp/libultra.a(osCreatePiManager.o) (gOsPiMessageQueue)
build/jp/libultra.a(guMtxF2L.o)
                              build/jp/libultra.a(guPerspectiveF.o) (guMtxF2L)
build/jp/libultra.a(__osSpDeviceBusy.o)
                              build/jp/libultra.a(osSpTaskLoadGo.o) (__osSpDeviceBusy)
build/jp/libultra.a(osEepromProbe.o)
                              build/jp/src/game/game_init.o (osEepromProbe)
build/jp/libultra.a(__osSiRawWriteIo.o)
                              build/jp/libultra.a(osInitialize.o) (__osSiRawWriteIo)
build/jp/libultra.a(osSpTaskYielded.o)
                              build/jp/src/game/main.o (osSpTaskYielded)
[...]
Memory Configuration

Name             Origin             Length             Attributes
*default*        0x0000000000000000 0xffffffffffffffff

Linker script and memory map

                0x0000000080000000                EXCEPTION_TLB_MISS = 0x80000000
                0x00000000a4000000                SP_DMEM = 0xa4000000
                0x00000000a40004c0                SP_DMEM_UNK0 = 0xa40004c0
                0x00000000a4000774                SP_DMEM_UNK1 = 0xa4000774
                0x00000000a4001000                SP_IMEM = 0xa4001000
                0x00000000a4040010                SP_STATUS_REG = 0xa4040010
                0x00000000a4080000                SP_PC = 0xa4080000
                0x00000000a4300000                MI_MODE_REG = 0xa4300000
                0x00000000a4300004                MI_VERSION_REG = 0xa4300004
                0x00000000a4300008                MI_INTR_REG = 0xa4300008
                0x00000000a430000c                MI_INTR_MASK_REG = 0xa430000c
                0x00000000a4400010                VI_CURRENT_REG = 0xa4400010
                0x00000000a450000c                AI_STATUS_REG = 0xa450000c
                0x00000000a4600000                PI_DRAM_ADDR_REG = 0xa4600000
                0x00000000a4600004                PI_CART_ADDR_REG = 0xa4600004
                0x00000000a460000c                PI_WR_LEN_REG = 0xa460000c
                0x00000000a4600010                PI_STATUS_REG = 0xa4600010
                0x00000000a4700000                RI_MODE_REG = 0xa4700000
                0x00000000a4700010                RI_REFRESH_REG = 0xa4700010
                0x00000000a4800018                SI_STATUS_REG = 0xa4800018
                0x00000000b0000008                D_B0000008 = 0xb0000008
                0x00000000b0000010                D_B0000010 = 0xb0000010
                0x00000000b0000014                D_B0000014 = 0xb0000014
                0x00000000c0000000                D_C0000000 = 0xc0000000
                0x00000000c0000008                D_C0000008 = 0xc0000008
                0x00000000c000000c                D_C000000C = 0xc000000c
                0x00000000802f69cc                func_sh_802F69CC = 0x802f69cc
                0x0000000080302ef0                osMotorStop = 0x80302ef0
                0x0000000080303090                osMotorStart = 0x80303090
                0x00000000803033ac                osMotorInit = 0x803033ac
                0x00000000803016a0                func_sh_803016A0 = 0x803016a0
                0x00000000803016d0                func_sh_803016D0 = 0x803016d0
                0x0000000080301820                func_sh_80301820 = 0x80301820
                0x0000000000000000                __romPos = 0x0
                0x0000000004000000                _bootSegmentStart = ADDR (.boot)
                0x0000000000761be0                _bootSegmentRomStart = __romPos

.boot           0x0000000004000000     0x1000 load address 0x0000000000000000
 build/jp/asm/rom_header.o(.text)
 .text          0x0000000004000000       0x40 build/jp/asm/rom_header.o
 build/jp/asm/boot.o(.text)
 .text          0x0000000004000040      0xfc0 build/jp/asm/boot.o
                0x0000000004000040                ipl3_entry
                0x0000000004000b70                ipl3_font
                0x0000000004001000                _bootSegmentEnd = (ADDR (.boot) + SIZEOF (.boot))
                0x0000000000762be0                _bootSegmentRomEnd = (__romPos + SIZEOF (.boot))
                [0x0000000000761be0]                __romPos = (__romPos + SIZEOF (.boot))
                0x0000000080000400                . = 0x80000400
                0x0000000080000400                _zbufferSegmentNoloadStart = ADDR (.zbuffer.noload)

.zbuffer.noload
                0x0000000080000400    0x25800 load address 0x000000007c000400
 build/jp/src/buffers/zbuffer.o(.bss*)
 .bss           0x0000000080000400    0x25800 build/jp/src/buffers/zbuffer.o
                0x0000000080000400                gZBuffer
                0x0000000080246000                _mainSegmentStart = ADDR (.main)
                0x0000000000761be0                _mainSegmentRomStart = __romPos

.main           0x0000000080246000    0xf3210 load address 0x0000000000001000
 build/jp/asm/entry.o(.text)
 .text          0x0000000080246000       0x50 build/jp/asm/entry.o
                0x0000000080246000                entry_point
 build/jp/src/game/crash_screen.o(.text)
 build/jp/src/game/main.o(.text)
 .text          0x0000000080246050      0xdf0 build/jp/src/game/main.o
                0x0000000080246050                handle_debug_key_sequences
                0x0000000080246170                unknown_main_func
                0x00000000802461cc                stub_main_1
                0x00000000802461dc                stub_main_2
                0x00000000802461ec                stub_main_3
                0x00000000802461fc                setup_mesg_queues
                0x00000000802462e0                alloc_pool
                0x0000000080246338                create_thread
                0x000000008024639c                handle_nmi_request
                0x00000000802463ec                receive_new_tasks
                0x000000008024651c                start_sptask
                0x000000008024659c                interrupt_gfx_sptask
                0x00000000802465ec                start_gfx_sptask
                0x0000000080246648                pretend_audio_sptask_done
                0x000000008024669c                handle_vblank
                0x00000000802467fc                handle_sp_complete
                0x000000008024694c                handle_dp_complete
                0x00000000802469b8                thread3_main
                0x0000000080246b14                set_vblank_handler
                0x0000000080246b74                send_sp_task_message
                0x0000000080246bb4                dispatch_audio_sptask
                0x0000000080246c10                send_display_list
                0x0000000080246c9c                turn_on_audio
                0x0000000080246cb8                turn_off_audio
                0x0000000080246cf0                thread1_idle
                0x0000000080246dc4                main_func
 build/jp/src/game/game_init.o(.text)
 .text          0x0000000080246e40     0x1dd0 build/jp/src/game/game_init.o
                0x0000000080246e40                my_rdp_init
                0x0000000080247174                my_rsp_init
                0x0000000080247254                clear_z_buffer
                0x0000000080247398                display_frame_buffer
                0x0000000080247488                clear_frame_buffer
                0x00000000802475f0                clear_viewport
                0x000000008024781c                draw_screen_borders
                0x000000008024798c                make_viewport_clip_rect
                0x0000000080247b0c                create_task_structure
                0x0000000080247c9c                init_render_image
                0x0000000080247ce4                end_master_display_list
                0x0000000080247d84                draw_reset_bars
                0x0000000080247ed8                rendering_init
                0x0000000080247fac                config_gfx_pool
                0x0000000080248060                display_and_vsync
                0x00000000802482d4                adjust_analog_stick
                0x0000000080248468                run_demo_inputs
                0x0000000080248608                read_controller_inputs
                0x00000000802487f4                init_controllers
                0x0000000080248934                setup_game_memory
                0x0000000080248ac0                thread5_game_loop
 build/jp/src/game/sound_init.o(.text)
 .text          0x0000000080248c10      0x9a0 build/jp/src/game/sound_init.o
                0x0000000080248c10                reset_volume
                0x0000000080248c28                lower_background_noise
                0x0000000080248cb8                raise_background_noise
                0x0000000080248d48                disable_background_sound
                0x0000000080248d90                enable_background_sound
                0x0000000080248dd8                set_sound_mode
                0x0000000080248e24                play_menu_sounds
                0x0000000080248fbc                play_painting_eject_sound
                0x0000000080249040                play_infinite_stairs_music
                0x0000000080249148                set_background_music
                0x00000000802491fc                fadeout_music
                0x000000008024924c                fadeout_level_music
                0x00000000802492a0                play_cutscene_music
                0x00000000802492e0                play_shell_music
                0x000000008024931c                stop_shell_music
                0x0000000080249368                play_cap_music
                0x00000000802493d4                fadeout_cap_music
                0x0000000080249418                stop_cap_music
                0x0000000080249464                play_menu_sounds_extra
                0x00000000802494a8                audio_game_loop_tick
                0x00000000802494d0                thread4_sound
 build/jp/src/game/level_update.o(.text)
 .text          0x00000000802495b0     0x28a0 build/jp/src/game/level_update.o
                0x00000000802495b0                level_control_timer
                0x0000000080249688                pressed_pause
                0x0000000080249734                set_play_mode
                0x000000008024975c                warp_special
                0x0000000080249788                fade_into_special_warp
                0x00000000802497fc                stub_level_update_1
                0x000000008024980c                load_level_init_text
                0x000000008024992c                init_door_warp
                0x00000000802499e0                set_mario_initial_cap_powerup
                0x0000000080249a84                set_mario_initial_action
                0x0000000080249ca8                init_mario_after_warp
                0x000000008024a02c                warp_area
                0x000000008024a094                warp_level
                0x000000008024a0e0                warp_credits
                0x000000008024a27c                check_instant_warp
                0x000000008024a48c                music_changed_through_warp
                0x000000008024a594                initiate_warp
                0x000000008024a648                get_painting_warp_node
                0x000000008024a6f0                initiate_painting_warp
                0x000000008024a860                level_trigger_warp
                0x000000008024ad5c                initiate_delayed_warp
                0x000000008024afbc                update_hud_values
                0x000000008024b1f0                basic_update
                0x000000008024b244                play_mode_normal
                0x000000008024b434                play_mode_paused
                0x000000008024b52c                play_mode_frame_advance
                0x000000008024b5f8                level_set_transition
                0x000000008024b620                play_mode_change_area
                0x000000008024b6e0                play_mode_change_level
                0x000000008024b818                update_level
                0x000000008024b8ec                init_level
                0x000000008024bb38                lvl_init_or_update
                0x000000008024bbbc                lvl_init_from_save_file
                0x000000008024bc74                lvl_set_current_level
                0x000000008024be00                lvl_play_the_end_screen_sound
 build/jp/src/game/interaction.o(.text)
 .text          0x000000008024be50     0x4920 build/jp/src/game/interaction.o
                0x000000008024be50                get_mario_cap_flag
                0x000000008024bf18                object_facing_mario
                0x000000008024bfcc                mario_obj_angle_to_object
                0x000000008024c038                determine_interaction
                0x000000008024c37c                attack_object
                0x000000008024c478                mario_stop_riding_object
                0x000000008024c4cc                mario_grab_used_object
                0x000000008024c520                mario_drop_held_object
                0x000000008024c5e0                mario_throw_held_object
                0x000000008024c6f4                mario_stop_riding_and_holding
                0x000000008024c75c                does_mario_have_hat
                0x000000008024c788                mario_blow_off_cap
                0x000000008024c8c8                mario_lose_cap_to_enemy
                0x000000008024c958                mario_retrieve_cap
                0x000000008024c9b8                able_to_grab_object
                0x000000008024ca5c                mario_get_collided_object
                0x000000008024cadc                mario_check_object_grab
                0x000000008024cc68                bully_knock_back_mario
                0x000000008024cf14                bounce_off_object
                0x000000008024cf90                hit_object_from_below
                0x000000008024d11c                determine_knockback_action
                0x000000008024d3d8                push_mario_out_of_object
                0x000000008024d58c                bounce_back_from_attack
                0x000000008024d664                should_push_or_pull_door
                0x000000008024d710                take_damage_from_interact_object
                0x000000008024d7f8                take_damage_and_knock_back
                0x000000008024d90c                reset_mario_pitch
                0x000000008024d98c                interact_coin
                0x000000008024da50                interact_water_ring
                0x000000008024da88                interact_star_or_key
                0x000000008024dca4                interact_bbh_entrance
                0x000000008024dd68                interact_warp
                0x000000008024df1c                interact_warp_door
                0x000000008024e154                get_door_save_file_flag
                0x000000008024e278                interact_door
                0x000000008024e544                interact_cannon_base
                0x000000008024e5d0                interact_igloo_barrier
                0x000000008024e62c                interact_tornado
                0x000000008024e748                interact_whirlpool
                0x000000008024e828                interact_strong_wind
                0x000000008024e930                interact_flame
                0x000000008024eaac                interact_snufit_bullet
                0x000000008024ebdc                interact_clam_or_bubba
                0x000000008024ec9c                interact_bully
                0x000000008024ee50                interact_shock
                0x000000008024efc8                interact_mr_blizzard
                0x000000008024f038                interact_hit_from_below
                0x000000008024f194                interact_bounce_top
                0x000000008024f2d4                interact_unknown_08
                0x000000008024f384                interact_damage
                0x000000008024f3f4                interact_breakable
                0x000000008024f4cc                interact_koopa_shell
                0x000000008024f5d0                check_object_grab_mario
                0x000000008024f6e4                interact_pole
                0x000000008024f888                interact_hoot
                0x000000008024f958                interact_cap
                0x000000008024fb54                interact_grabbable
                0x000000008024fc94                mario_can_talk
                0x000000008024fd2c                check_read_sign
                0x000000008024fec0                check_npc_talk
                0x000000008024ffc0                interact_text
                0x0000000080250058                check_kick_or_punch_wall
                0x0000000080250218                mario_process_interactions
                0x00000000802503f0                check_death_barrier
                0x0000000080250484                check_lava_boost
                0x000000008025054c                pss_begin_slide
                0x00000000802505a0                pss_end_slide
                0x0000000080250624                mario_handle_special_floors
 build/jp/src/game/mario.o(.text)
 .text          0x0000000080250770     0x46b0 build/jp/src/game/mario.o
                0x0000000080250770                is_anim_at_end
                0x00000000802507ac                is_anim_past_end
                0x00000000802507e8                set_mario_animation
                0x0000000080250934                set_mario_anim_with_accel
                0x0000000080250aac                set_anim_to_frame
                0x0000000080250b68                is_anim_past_frame
                0x0000000080250c84                find_mario_anim_flags_and_translation
                0x0000000080250e50                update_mario_pos_for_anim
                0x0000000080250f0c                return_mario_anim_y_translation
                0x0000000080250f50                play_sound_if_no_flag
                0x0000000080250fbc                play_mario_jump_sound
                0x0000000080251048                adjust_sound_for_speed
                0x00000000802510e4                play_sound_and_spawn_particles
                0x0000000080251218                play_mario_action_sound
                0x0000000080251280                play_mario_landing_sound
                0x00000000802512e4                play_mario_landing_sound_once
                0x0000000080251348                play_mario_heavy_landing_sound
                0x00000000802513ac                play_mario_heavy_landing_sound_once
                0x0000000080251410                play_mario_sound
                0x00000000802514dc                mario_set_forward_vel
                0x0000000080251550                mario_get_floor_class
                0x000000008025167c                mario_get_terrain_sound_addend
                0x000000008025181c                resolve_and_return_wall_collisions
                0x00000000802518d0                vec3f_find_ceil
                0x0000000080251928                mario_facing_downhill
                0x00000000802519a8                mario_floor_is_slippery
                0x0000000080251ad0                mario_floor_is_slope
                0x0000000080251bf8                mario_floor_is_steep
                0x0000000080251cf8                find_floor_height_relative_polar
                0x0000000080251dd4                find_floor_slope
                0x0000000080251f74                update_mario_sound_and_camera
                0x0000000080252070                set_steep_jump_action
                0x0000000080252ac8                set_mario_action
                0x0000000080252c30                set_jump_from_landing
                0x0000000080252e74                set_jumping_action
                0x0000000080252f4c                drop_and_set_mario_action
                0x0000000080252f98                hurt_and_set_mario_action
                0x0000000080252fec                check_common_action_exits
                0x00000000802530d4                check_common_hold_action_exits
                0x00000000802531b8                transition_submerged_to_walking
                0x000000008025325c                set_water_plunge_action
                0x000000008025335c                squish_mario_model
                0x00000000802534f4                debug_print_speed_action_normal
                0x000000008025360c                update_mario_button_inputs
                0x0000000080253730                update_mario_joystick_inputs
                0x0000000080253834                update_mario_geometry_inputs
                0x0000000080253b2c                update_mario_inputs
                0x0000000080253c94                set_submerged_cam_preset_and_spawn_bubbles
                0x0000000080253e34                update_mario_health
                0x0000000080254088                update_mario_info_for_cam
                0x000000008025410c                mario_reset_bodystate
                0x0000000080254164                sink_mario_in_quicksand
                0x00000000802541bc                update_and_return_cap_flags
                0x000000008025435c                mario_update_hitbox_and_cap_model
                0x0000000080254604                execute_mario_action
                0x00000000802548bc                init_mario
                0x0000000080254ce0                init_mario_from_save_file
 build/jp/src/game/mario_step.o(.text)
 .text          0x0000000080254e20     0x1e00 build/jp/src/game/mario_step.o
                0x0000000080254e20                get_additive_y_vel_for_jumps
                0x0000000080254e3c                stub_mario_step_1
                0x0000000080254e50                stub_mario_step_2
                0x0000000080254e60                transfer_bully_speed
                0x0000000080254fd8                init_bully_collision_data
                0x000000008025509c                mario_bonk_reflection
                0x00000000802551b4                mario_update_quicksand
                0x00000000802553f4                mario_push_off_steep_floor
                0x00000000802554ac                mario_update_moving_sand
                0x00000000802555ac                mario_update_windy_ground
                0x0000000080255788                stop_and_set_height_to_floor
                0x000000008025580c                stationary_ground_step
                0x0000000080255b60                perform_ground_step
                0x0000000080255c9c                check_ledge_grab
                0x0000000080255e84                perform_air_quarter_step
                0x00000000802562b8                apply_twirl_gravity
                0x000000008025635c                should_strengthen_gravity_for_jump_ascent
                0x00000000802563f4                apply_gravity
                0x00000000802567d0                apply_vertical_wind
                0x0000000080256940                perform_air_step
                0x0000000080256af4                set_vel_from_pitch_and_yaw
                0x0000000080256ba8                set_vel_from_yaw
 build/jp/src/game/mario_actions_cutscene.o(.text)
 .text          0x0000000080256c20     0x6dd0 build/jp/src/game/mario_actions_cutscene.o
                0x0000000080256c20                get_credits_str_width
                0x0000000080256ca8                print_displaying_credits_entry
                0x0000000080256de8                bhv_end_peach_loop
                0x0000000080256e64                bhv_end_toad_loop
                0x0000000080256f20                geo_switch_peach_eyes
                0x0000000080257038                get_star_collection_dialog
                0x00000000802570c4                handle_save_menu
                0x00000000802571d8                spawn_obj_at_mario_rel_yaw
                0x0000000080257270                cutscene_take_cap_off
                0x00000000802572d0                cutscene_put_cap_on
                0x0000000080257330                mario_ready_to_speak
                0x00000000802573c8                set_mario_npc_dialog
                0x00000000802574d0                act_reading_npc_dialog
                0x0000000080257708                act_waiting_for_dialog
                0x0000000080257794                act_disappeared
                0x0000000080257838                act_reading_automatic_dialog
                0x0000000080257a6c                act_reading_sign
                0x0000000080257c34                act_debug_free_move
                0x0000000080257f0c                general_star_dance_handler
                0x00000000802581a8                act_star_dance
                0x0000000080258264                act_star_dance_water
                0x0000000080258348                act_fall_after_star_grab
                0x0000000080258454                common_death_handler
                0x00000000802584cc                act_standing_death
                0x0000000080258574                act_electrocution
                0x00000000802585c4                act_suffocation
                0x0000000080258614                act_death_on_back
                0x0000000080258680                act_death_on_stomach
                0x00000000802586ec                act_quicksand_death
                0x0000000080258804                act_eaten_by_bubba
                0x00000000802588ac                launch_mario_until_land
                0x0000000080258930                act_unlocking_key_door
                0x0000000080258b34                act_unlocking_star_door
                0x0000000080258d1c                act_entering_star_door
                0x0000000080258fec                act_going_through_door
                0x0000000080259154                act_warp_door_spawn
                0x000000008025925c                act_emerge_from_pipe
                0x0000000080259390                act_spawn_spin_airborne
                0x00000000802594c8                act_spawn_spin_landing
                0x0000000080259534                act_exit_airborne
                0x00000000802595dc                act_falling_exit_airborne
                0x0000000080259658                act_exit_land_save_dialog
                0x00000000802599b8                act_death_exit
                0x0000000080259a70                act_unused_death_exit
                0x0000000080259afc                act_falling_death_exit
                0x0000000080259b88                act_special_exit_airborne
                0x0000000080259c80                act_special_death_exit
                0x0000000080259d54                act_spawn_no_spin_airborne
                0x0000000080259dc8                act_spawn_no_spin_landing
                0x0000000080259e44                act_bbh_enter_spin
                0x000000008025a21c                act_bbh_enter_jump
                0x000000008025a398                act_teleport_fade_out
                0x000000008025a484                act_teleport_fade_in
                0x000000008025a5e0                act_shocked
                0x000000008025a734                act_squished
                0x000000008025ab94                act_putting_on_cap
                0x000000008025ac30                stuck_in_ground_handler
                0x000000008025ad84                act_head_stuck_in_ground
                0x000000008025add8                act_butt_stuck_in_ground
                0x000000008025ae2c                act_feet_stuck_in_ground
                0x000000008025b9dc                generate_yellow_sparkles
                0x000000008025d418                mario_execute_cutscene_action
 build/jp/src/game/mario_actions_automatic.o(.text)
 .text          0x000000008025d9f0     0x2af0 build/jp/src/game/mario_actions_automatic.o
                0x000000008025d9f0                add_tree_leaf_particles
                0x000000008025da9c                play_climbing_sounds
                0x000000008025db84                set_pole_position
                0x000000008025de9c                act_holding_pole
                0x000000008025e218                act_climbing_pole
                0x000000008025e3cc                act_grab_pole_slow
                0x000000008025e458                act_grab_pole_fast
                0x000000008025e558                act_top_of_pole_transition
                0x000000008025e658                act_top_of_pole
                0x000000008025e778                perform_hanging_step
                0x000000008025e924                update_hang_moving
                0x000000008025eaf8                update_hang_stationary
                0x000000008025eb80                act_start_hanging
                0x000000008025ecdc                act_hanging
                0x000000008025ee0c                act_hang_moving
                0x000000008025efac                let_go_of_ledge
                0x000000008025f0dc                climb_up_ledge
                0x000000008025f188                update_ledge_climb_camera
                0x000000008025f26c                update_ledge_climb
                0x000000008025f2e8                act_ledge_grab
                0x000000008025f598                act_ledge_climb_slow
                0x000000008025f68c                act_ledge_climb_down
                0x000000008025f710                act_ledge_climb_fast
                0x000000008025f7b8                act_grabbed
                0x000000008025f894                act_in_cannon
                0x000000008025fd7c                act_tornado_twirling
                0x0000000080260190                check_common_automatic_cancels
                0x00000000802601f8                mario_execute_automatic_action
 build/jp/src/game/mario_actions_stationary.o(.text)
 .text          0x00000000802604e0     0x3570 build/jp/src/game/mario_actions_stationary.o
                0x00000000802604e0                check_common_idle_cancels
                0x00000000802606dc                check_common_hold_idle_cancels
                0x00000000802608e4                act_idle
                0x0000000080260bc4                play_anim_sound
                0x0000000080260c30                act_start_sleeping
                0x0000000080260e38                act_sleeping
                0x0000000080261108                act_waking_up
                0x0000000080261280                act_shivering
                0x00000000802614cc                act_coughing
                0x00000000802615c4                act_hold_idle
                0x00000000802616c4                act_hold_heavy_idle
                0x00000000802617ec                act_standing_against_wall
                0x00000000802618e0                act_in_quicksand
                0x00000000802619a8                act_crouching
                0x0000000080261b64                act_panting
                0x0000000080261c74                act_hold_panting_unused
                0x0000000080261d70                stopping_step
                0x0000000080261dd0                act_braking_stop
                0x0000000080261ed0                act_butt_slide_stop
                0x0000000080261f8c                act_hold_butt_slide_stop
                0x0000000080262084                act_slide_kick_slide_stop
                0x0000000080262124                act_start_crouching
                0x0000000080262244                act_stop_crouching
                0x0000000080262364                act_start_crawling
                0x0000000080262484                act_stop_crawling
                0x0000000080262574                act_shockwave_bounce
                0x00000000802627b8                landing_step
                0x0000000080262828                check_common_landing_cancels
                0x000000008026295c                act_jump_land_stop
                0x00000000802629b8                act_double_jump_land_stop
                0x0000000080262a14                act_side_flip_land_stop
                0x0000000080262a88                act_freefall_land_stop
                0x0000000080262ae4                act_triple_jump_land_stop
                0x0000000080262b44                act_backflip_land_stop
                0x0000000080262be0                act_lava_boost_land
                0x0000000080262c50                act_long_jump_land_stop
                0x0000000080262cec                act_hold_jump_land_stop
                0x0000000080262de4                act_hold_freefall_land_stop
                0x0000000080262edc                act_air_throw_land
                0x0000000080262fa8                act_twirl_land
                0x0000000080263100                act_ground_pound_land
                0x00000000802631dc                act_first_person
                0x0000000080263378                check_common_stationary_cancels
                0x000000008026348c                mario_execute_stationary_action
 build/jp/src/game/mario_actions_moving.o(.text)
 .text          0x0000000080263a50     0x6080 build/jp/src/game/mario_actions_moving.o
                0x0000000080263a50                tilt_body_running
                0x0000000080263ad4                play_step_sound
                0x0000000080263c14                align_with_floor
                0x0000000080263c8c                begin_walking_action
                0x0000000080263cec                check_ledge_climb_down
                0x0000000080263ea4                slide_bonk
                0x0000000080263f30                set_triple_jump_action
                0x0000000080263ffc                update_sliding_angle
                0x0000000080264330                update_sliding
                0x0000000080264744                apply_slope_accel
                0x0000000080264970                apply_landing_accel
                0x0000000080264a08                update_shell_speed
                0x0000000080264c70                apply_slope_decel
                0x0000000080264da0                update_decelerating_speed
                0x0000000080264e34                update_walking_speed
                0x0000000080265048                should_begin_sliding
                0x0000000080265104                analog_stick_held_back
                0x0000000080265148                check_ground_dive_or_punch
                0x0000000080265210                begin_braking_action
                0x00000000802652f0                anim_and_audio_for_walk
                0x000000008026570c                anim_and_audio_for_hold_walk
                0x0000000080265980                anim_and_audio_for_heavy_walk
                0x00000000802659e8                push_or_sidle_wall
                0x0000000080265c28                tilt_body_walking
                0x0000000080265dbc                tilt_body_ground_shell
                0x0000000080265f44                act_walking
                0x00000000802661a4                act_move_punching
                0x0000000080266324                act_hold_walking
                0x000000008026658c                act_hold_heavy_walking
                0x00000000802666e8                act_turning_around
                0x000000008026693c                act_finish_turning_around
                0x0000000080266a38                act_braking
                0x0000000080266bb8                act_decelerating
                0x0000000080266e30                act_hold_decelerating
                0x00000000802670f4                act_riding_shell_ground
                0x0000000080267318                act_crawling
                0x000000008026754c                act_burning_ground
                0x0000000080267814                tilt_body_butt_slide
                0x00000000802678d4                common_slide_action
                0x0000000080267b74                common_slide_action_with_jump
                0x0000000080267c44                act_butt_slide
                0x0000000080267ca4                act_hold_butt_slide
                0x0000000080267d38                act_crouch_slide
                0x0000000080267f08                act_slide_kick_slide
                0x000000008026807c                stomach_slide_action
                0x0000000080268190                act_stomach_slide
                0x00000000802681d8                act_hold_stomach_slide
                0x0000000080268254                act_dive_slide
                0x0000000080268388                common_ground_knockback_action
                0x00000000802685c8                act_hard_backward_ground_kb
                0x0000000080268670                act_hard_forward_ground_kb
                0x00000000802686f8                act_backward_ground_kb
                0x0000000080268744                act_forward_ground_kb
                0x0000000080268790                act_soft_backward_ground_kb
                0x00000000802687dc                act_soft_forward_ground_kb
                0x0000000080268828                act_ground_bonk
                0x0000000080268898                act_death_exit_land
                0x0000000080268960                common_landing_action
                0x0000000080268b0c                common_landing_cancels
                0x0000000080268c9c                act_jump_land
                0x0000000080268d04                act_freefall_land
                0x0000000080268d6c                act_side_flip_land
                0x0000000080268df8                act_hold_jump_land
                0x0000000080268e94                act_hold_freefall_land
                0x0000000080268f30                act_long_jump_land
                0x0000000080269010                act_double_jump_land
                0x0000000080269078                act_triple_jump_land
                0x000000008026911c                act_backflip_land
                0x00000000802691d4                quicksand_jump_land_action
                0x000000008026931c                act_quicksand_jump_land
                0x0000000080269370                act_hold_quicksand_jump_land
                0x00000000802693c4                check_common_moving_cancels
                0x00000000802694e8                mario_execute_moving_action
 build/jp/src/game/mario_actions_airborne.o(.text)
 .text          0x0000000080269ad0     0x60d0 build/jp/src/game/mario_actions_airborne.o
                0x0000000080269ad0                play_flip_sounds
                0x0000000080269b50                play_far_fall_sound
                0x0000000080269c20                lava_boost_on_wall
                0x0000000080269d18                check_fall_damage
                0x0000000080269ef4                check_kick_or_dive_in_air
                0x0000000080269f88                should_get_stuck_in_ground
                0x000000008026a08c                check_fall_damage_or_get_stuck
                0x000000008026a120                check_horizontal_wind
                0x000000008026a324                update_air_with_turn
                0x000000008026a554                update_air_without_turn
                0x000000008026a7e4                update_lava_boost_or_twirling
                0x000000008026a968                update_flying_yaw
                0x000000008026ab10                update_flying_pitch
                0x000000008026ac88                update_flying
                0x000000008026af50                common_air_action_step
                0x000000008026b1ac                act_jump
                0x000000008026b24c                act_double_jump
                0x000000008026b320                act_triple_jump
                0x000000008026b41c                act_backflip
                0x000000008026b4bc                act_freefall
                0x000000008026b5c8                act_hold_jump
                0x000000008026b6c4                act_hold_freefall
                0x000000008026b7d0                act_side_flip
                0x000000008026b8dc                act_wall_kick_air
                0x000000008026b988                act_long_jump
                0x000000008026ba50                act_riding_shell_air
                0x000000008026bb44                act_twirling
                0x000000008026bcf0                act_dive
                0x000000008026bfc8                act_air_throw
                0x000000008026c0e0                act_water_jump
                0x000000008026c23c                act_hold_water_jump
                0x000000008026c384                act_steep_jump
                0x000000008026c500                act_ground_pound
                0x000000008026c810                act_burning_jump
                0x000000008026c954                act_burning_fall
                0x000000008026ca2c                act_crazy_box_bounce
                0x000000008026ccb4                common_air_knockback_step
                0x000000008026cdfc                check_wall_kick
                0x000000008026ce88                act_backward_air_kb
                0x000000008026cf08                act_forward_air_kb
                0x000000008026cf88                act_hard_backward_air_kb
                0x000000008026cfec                act_hard_forward_air_kb
                0x000000008026d050                act_thrown_backward
                0x000000008026d0f8                act_thrown_forward
                0x000000008026d1ec                act_soft_bonk
                0x000000008026d26c                act_getting_blown
                0x000000008026d498                act_air_hit_wall
                0x000000008026d664                act_forward_rollout
                0x000000008026d804                act_backward_rollout
                0x000000008026d9a8                act_butt_slide_air
                0x000000008026db98                act_hold_butt_slide_air
                0x000000008026ddc4                act_lava_boost
                0x000000008026e0ac                act_slide_kick
                0x000000008026e320                act_jump_kick
                0x000000008026e478                act_shot_from_cannon
                0x000000008026e710                act_flying
                0x000000008026ec2c                act_riding_hoot
                0x000000008026edc0                act_flying_triple_jump
                0x000000008026f0a8                act_top_of_pole_jump
                0x000000008026f0f4                act_vertical_wind
                0x000000008026f2d4                act_special_triple_jump
                0x000000008026f4ac                check_common_airborne_cancels
                0x000000008026f598                mario_execute_airborne_action
 build/jp/src/game/mario_actions_submerged.o(.text)
 .text          0x000000008026fba0     0x4da0 build/jp/src/game/mario_actions_submerged.o
                0x000000008027442c                mario_execute_submerged_action
 build/jp/src/game/mario_actions_object.o(.text)
 .text          0x0000000080274940     0x12e0 build/jp/src/game/mario_actions_object.o
                0x0000000080274940                animated_stationary_ground_step
                0x00000000802749a0                mario_update_punch_sequence
                0x0000000080274db8                act_punching
                0x0000000080274efc                act_picking_up
                0x000000008027508c                act_dive_picking_up
                0x0000000080275158                act_placing_down
                0x0000000080275224                act_throwing
                0x0000000080275350                act_heavy_throw
                0x0000000080275444                act_stomach_slide_stop
                0x0000000080275510                act_picking_up_bowser
                0x00000000802755c4                act_holding_bowser
                0x00000000802758c8                act_releasing_bowser
                0x000000008027595c                check_common_object_cancels
                0x0000000080275a30                mario_execute_object_action
 build/jp/src/game/level_geo.o(.text)
 .text          0x0000000080275c20      0x2e0 build/jp/src/game/level_geo.o
                0x0000000080275c20                geo_envfx_main
                0x0000000080275e24                geo_skybox_main
 build/jp/src/game/mario_misc.o(.text)
 .text          0x0000000080275f00     0x1a30 build/jp/src/game/mario_misc.o
                0x0000000080275f00                geo_draw_mario_head_goddard
                0x000000008027629c                bhv_toad_message_loop
                0x0000000080276360                bhv_toad_message_init
                0x0000000080276608                bhv_unlock_door_star_init
                0x000000008027671c                bhv_unlock_door_star_loop
                0x0000000080276af4                geo_mirror_mario_set_alpha
                0x0000000080276ba0                geo_switch_mario_stand_run
                0x0000000080276c0c                geo_switch_mario_eyes
                0x0000000080276ce4                geo_mario_tilt_torso
                0x0000000080276df4                geo_mario_head_rotation
                0x0000000080276f44                geo_switch_mario_hand
                0x000000008027701c                geo_mario_hand_foot_scaler
                0x0000000080277128                geo_switch_mario_cap_effect
                0x0000000080277190                geo_switch_mario_cap_on_off
                0x0000000080277274                geo_mario_rotate_wing_cap_wings
                0x00000000802773ac                geo_switch_mario_hand_grab_pos
                0x0000000080277564                geo_render_mirror_mario
                0x00000000802777bc                geo_mirror_mario_backface_culling
 build/jp/src/game/memory.o(.text)
 .text          0x0000000080277930     0x1280 build/jp/src/game/memory.o
                0x0000000080277930                set_segment_base_addr
                0x0000000080277970                get_segment_base_addr
                0x00000000802779a0                segmented_to_virtual
                0x00000000802779f8                virtual_to_segmented
                0x0000000080277a40                move_segment_table_to_dmem
                0x0000000080277ac4                main_pool_init
                0x0000000080277b70                main_pool_alloc
                0x0000000080277c88                main_pool_free
                0x0000000080277da8                main_pool_realloc
                0x0000000080277e18                main_pool_available
                0x0000000080277e38                main_pool_push_state
                0x0000000080277ee8                main_pool_pop_state
                0x00000000802780dc                load_segment
                0x0000000080278140                load_to_fixed_pool_addr
                0x0000000080278228                load_segment_decompress
                0x0000000080278304                load_segment_decompress_heap
                0x00000000802783c4                load_engine_code_segment
                0x0000000080278464                alloc_only_pool_init
                0x0000000080278508                alloc_only_pool_alloc
                0x0000000080278578                alloc_only_pool_resize
                0x00000000802785e8                mem_pool_init
                0x00000000802786a8                mem_pool_alloc
                0x00000000802787c4                mem_pool_free
                0x000000008027897c                alloc_display_list
                0x0000000080278a78                func_80278A78
                0x0000000080278ad4                load_patchable_table
 build/jp/src/game/save_file.o(.text)
 .text          0x0000000080278bb0     0x1670 build/jp/src/game/save_file.o
                0x0000000080279290                save_file_do_save
                0x000000008027934c                save_file_erase
                0x00000000802793b0                save_file_copy
                0x000000008027942c                save_file_load_all
                0x0000000080279618                save_file_reload
                0x0000000080279694                save_file_collect_star_or_key
                0x0000000080279894                save_file_exists
                0x00000000802798d0                save_file_get_max_coin_score
                0x00000000802799d0                save_file_get_course_star_count
                0x0000000080279a60                save_file_get_total_star_count
                0x0000000080279af8                save_file_set_flags
                0x0000000080279b44                save_file_clear_flags
                0x0000000080279bbc                save_file_get_flags
                0x0000000080279c18                save_file_get_star_flags
                0x0000000080279c8c                save_file_set_star_flags
                0x0000000080279d60                save_file_get_course_coin_score
                0x0000000080279d90                save_file_is_cannon_unlocked
                0x0000000080279de0                save_file_set_cannon_unlocked
                0x0000000080279e68                save_file_set_cap_pos
                0x0000000080279efc                save_file_get_cap_pos
                0x0000000080279fb4                save_file_set_sound_mode
                0x000000008027a004                save_file_get_sound_mode
                0x000000008027a024                save_file_move_cap_to_default_location
                0x000000008027a0e8                disable_warp_checkpoint
                0x000000008027a100                check_if_should_set_warp_checkpoint
                0x000000008027a168                check_warp_checkpoint
 build/jp/src/game/area.o(.text)
 .text          0x000000008027a220      0xef0 build/jp/src/game/area.o
                0x000000008027a220                override_viewport_and_clip
                0x000000008027a28c                set_warp_transition_rgb
                0x000000008027a300                print_intro_text
                0x000000008027a38c                get_mario_spawn_type
                0x000000008027a418                area_get_warp_node
                0x000000008027a478                area_get_warp_node_from_params
                0x000000008027a4c4                load_obj_warp_nodes
                0x000000008027a554                clear_areas
                0x000000008027a7c4                clear_area_graph_nodes
                0x000000008027a894                load_area
                0x000000008027a998                unload_area
                0x000000008027aa0c                load_mario_area
                0x000000008027aa88                unload_mario_area
                0x000000008027ab10                change_area
                0x000000008027abb4                area_update_objects
                0x000000008027abf0                play_transition
                0x000000008027adac                play_transition_after_delay
                0x000000008027ae04                render_game
 build/jp/src/game/rendering_graph_node.o(.text)
 .text          0x000000008027b110     0x2d20 build/jp/src/game/rendering_graph_node.o
                0x000000008027c988                geo_set_animation_globals
                0x000000008027d4d4                geo_process_held_object
                0x000000008027d8b8                geo_try_process_children
                0x000000008027d8f8                geo_process_node_and_siblings
                0x000000008027db80                geo_process_root
 build/jp/src/game/profiler.o(.text)
 .text          0x000000008027de30     0x1100 build/jp/src/game/profiler.o
                0x000000008027de30                profiler_log_thread5_time
                0x000000008027dee0                profiler_log_thread4_time
                0x000000008027df70                profiler_log_gfx_time
                0x000000008027e01c                profiler_log_vblank_time
                0x000000008027e0ac                draw_profiler_bar
                0x000000008027e3a8                draw_reference_profiler_bars
                0x000000008027e61c                draw_profiler_mode_1
                0x000000008027e8fc                draw_profiler_mode_0
                0x000000008027eeb0                draw_profiler
 build/jp/asm/decompress.o(.text)
 .text          0x000000008027ef30       0xb0 build/jp/asm/decompress.o
                0x000000008027ef30                decompress
 build/jp/src/game/camera.o(.text)
 .text          0x000000008027efe0    0x1d010 build/jp/src/game/camera.o
                0x000000008027efe0                set_camera_shake_from_hit
                0x000000008027f308                set_environmental_camera_shake
                0x000000008027f440                set_camera_shake_from_point
                0x000000008027f5c4                unused_set_camera_pitch_shake_env
                0x000000008027f668                calc_y_to_curr_floor
                0x000000008027f870                focus_on_mario
                0x000000008027fa48                set_camera_height
                0x000000008027fdb8                look_down_slopes
                0x000000008027ff44                pan_ahead_of_player
                0x00000000802800f4                find_in_bounds_yaw_wdw_bob_thi
                0x0000000080280260                update_radial_camera
                0x00000000802803c0                update_8_directions_camera
                0x0000000080280550                radial_camera_move
                0x0000000080280bd8                lakitu_zoom
                0x0000000080280e0c                radial_camera_input_default
                0x0000000080280e3c                update_yaw_and_dist_from_c_up
                0x0000000080280ebc                mode_radial_camera
                0x0000000080280fd8                mode_8_directions_camera
                0x00000000802810f0                update_outward_radial_camera
                0x000000008028124c                mode_outward_radial_camera
                0x0000000080281354                update_parallel_tracking_camera
                0x0000000080281cd0                update_fixed_camera
                0x00000000802820f0                update_boss_fight_camera
                0x000000008028265c                unused_update_mode_5_camera
                0x000000008028268c                mode_boss_fight_camera
                0x00000000802826cc                mode_parallel_tracking_camera
                0x0000000080282730                mode_fixed_camera
                0x00000000802827c8                update_behind_mario_camera
                0x0000000080282d90                mode_behind_mario
                0x0000000080282fc8                update_slide_camera
                0x0000000080283434                mode_behind_mario_camera
                0x0000000080283468                nop_update_water_camera
                0x0000000080283484                mode_water_surface_camera
                0x00000000802834b8                update_mario_camera
                0x0000000080283548                update_default_camera
                0x0000000080284708                mode_default_camera
                0x000000008028474c                mode_lakitu_camera
                0x0000000080284788                mode_mario_camera
                0x00000000802847c4                update_spiral_stairs_camera
                0x0000000080284afc                mode_spiral_stairs_camera
                0x0000000080284b3c                update_slide_or_0f_camera
                0x0000000080284c2c                mode_slide_camera
                0x0000000080284cbc                store_lakitu_cam_info_for_c_up
                0x0000000080284d44                set_mode_c_up
                0x0000000080284dc0                exit_c_up
                0x0000000080285258                update_c_up
                0x00000000802852f4                move_mario_head_c_up
                0x000000008028547c                move_into_c_up
                0x0000000080285770                mode_c_up_camera
                0x0000000080285928                update_in_cannon
                0x00000000802859b0                mode_cannon_camera
                0x0000000080285a8c                transition_next_state
                0x0000000080285ad8                transition_to_camera_mode
                0x0000000080285bd8                set_camera_mode
                0x0000000080285e70                update_lakitu
                0x0000000080286348                update_camera
                0x00000000802869b8                reset_camera
                0x0000000080286c9c                init_camera
                0x0000000080287404                zoom_out_if_paused_and_outside
                0x00000000802875dc                select_mario_cam_mode
                0x00000000802875f8                create_camera
                0x00000000802876d0                update_graph_node_camera
                0x0000000080287748                geo_camera_main
                0x00000000802877d8                stub_camera_2
                0x00000000802877ec                stub_camera_3
                0x0000000080287800                vec3f_sub
                0x0000000080287840                object_pos_to_vec3f
                0x0000000080287868                vec3f_to_object_pos
                0x0000000080287890                unused_object_angle_to_vec3s
                0x00000000802878b8                evaluate_cubic_spline
                0x0000000080287cfc                move_point_along_spline
                0x000000008028803c                cam_select_alt_mode
                0x0000000080288130                set_cam_angle
                0x00000000802882a0                set_handheld_shake
                0x00000000802883c8                shake_camera_handheld
                0x00000000802886fc                find_c_buttons_pressed
                0x0000000080288880                update_camera_hud_status
                0x0000000080288974                collide_with_walls
                0x0000000080288bb0                vec3f_compare
                0x0000000080288c2c                clamp_pitch
                0x0000000080288cf0                is_within_100_units_of_mario
                0x0000000080288d74                set_or_approach_f32_asymptotic
                0x0000000080288e0c                approach_f32_asymptotic_bool
                0x0000000080288ea0                approach_f32_asymptotic
                0x0000000080288ecc                approach_s16_asymptotic_bool
                0x0000000080288f84                approach_s16_asymptotic
                0x0000000080289028                approach_vec3f_asymptotic
                0x000000008028909c                set_or_approach_vec3f_asymptotic
                0x0000000080289110                approach_vec3s_asymptotic
                0x0000000080289184                camera_approach_s16_symmetric_bool
                0x0000000080289264                camera_approach_s16_symmetric
                0x0000000080289354                set_or_approach_s16_symmetric
                0x00000000802893e4                camera_approach_f32_symmetric_bool
                0x0000000080289524                camera_approach_f32_symmetric
                0x0000000080289618                random_vec3s
                0x0000000080289738                reduce_by_dist_from_camera
                0x00000000802899a0                clamp_positions_and_find_yaw
                0x0000000080289a98                calc_avoid_yaw
                0x0000000080289b0c                is_surf_within_bounding_box
                0x0000000080289f04                is_behind_surface
                0x000000008028a0d4                is_range_behind_surface
                0x000000008028a204                is_mario_behind_surface
                0x000000008028a24c                scale_along_line
                0x000000008028a300                is_pos_in_bounds
                0x000000008028a440                calculate_pitch
                0x000000008028a4f0                calculate_yaw
                0x000000008028a578                calculate_angles
                0x000000008028a640                calc_abs_dist
                0x000000008028a6e4                calc_hor_dist
                0x000000008028a764                rotate_in_xz
                0x000000008028a834                rotate_in_yz
                0x000000008028a908                set_camera_pitch_shake
                0x000000008028a964                set_camera_yaw_shake
                0x000000008028aa24                set_camera_roll_shake
                0x000000008028aa80                set_pitch_shake_from_point
                0x000000008028ab34                set_yaw_shake_from_point
                0x000000008028abe8                increment_shake_offset
                0x000000008028ac30                shake_camera_pitch
                0x000000008028ad44                shake_camera_yaw
                0x000000008028ae50                shake_camera_roll
                0x000000008028af24                offset_yaw_outward_radial
                0x000000008028b13c                cutscene_intro_peach_play_message_music
                0x000000008028b16c                cutscene_intro_peach_play_lakitu_flying_music
                0x000000008028b19c                play_camera_buzz_if_cdown
                0x000000008028b1dc                play_camera_buzz_if_cbutton
                0x000000008028b21c                play_camera_buzz_if_c_sideways
                0x000000008028b268                play_sound_cbutton_up
                0x000000008028b29c                play_sound_cbutton_down
                0x000000008028b2d0                play_sound_cbutton_side
                0x000000008028b304                play_sound_button_change_blocked
                0x000000008028b338                play_sound_rbutton_changed
                0x000000008028b36c                play_sound_if_cam_switched_to_lakitu_or_mario
                0x000000008028b3dc                radial_camera_input
                0x000000008028b740                trigger_cutscene_dialog
                0x000000008028b7a4                handle_c_button_movement
                0x000000008028ba38                clear_cutscene_vars
                0x000000008028bb3c                start_cutscene
                0x000000008028bb8c                determine_dance_cutscene
                0x000000008028bc6c                open_door_cutscene
                0x000000008028bcc8                get_cutscene_from_mario_status
                0x000000008028c1a0                warp_camera
                0x000000008028c2f0                approach_camera_height
                0x000000008028c3ac                stub_camera_4
                0x000000008028c3cc                set_focus_rel_mario
                0x000000008028c5f0                offset_rotated
                0x000000008028c794                offset_rotated_coords
                0x000000008028c7ec                determine_pushing_or_pulling_door
                0x000000008028c824                next_lakitu_state
                0x000000008028ce4c                set_camera_mode_fixed
                0x000000008028cfac                set_camera_mode_8_directions
                0x000000008028cffc                set_camera_mode_boss_fight
                0x000000008028d058                set_camera_mode_close_cam
                0x000000008028d098                set_camera_mode_radial
                0x000000008028d19c                parallel_tracking_init
                0x000000008028d288                set_fixed_cam_axis_sa_lobby
                0x000000008028d32c                check_blocking_area_processing
                0x000000008028d418                cam_rr_exit_building_side
                0x000000008028d450                cam_rr_exit_building_top
                0x000000008028d4ec                cam_rr_enter_building_window
                0x000000008028d538                cam_rr_enter_building
                0x000000008028d5b4                cam_rr_enter_building_side
                0x000000008028d5f4                cam_cotmc_exit_waterfall
                0x000000008028d61c                cam_sl_snowman_head_8dir
                0x000000008028d670                cam_sl_free_roam
                0x000000008028d6a4                move_camera_through_floor_while_descending
                0x000000008028d748                cam_hmc_enter_maze
                0x000000008028d808                cam_hmc_elevator_black_hole
                0x000000008028d838                cam_hmc_elevator_maze_emergency_exit
                0x000000008028d86c                cam_hmc_elevator_lake
                0x000000008028d8a0                cam_hmc_elevator_maze
                0x000000008028d8d4                cam_ssl_enter_pyramid_top
                0x000000008028d900                cam_ssl_pyramid_center
                0x000000008028d948                cam_ssl_boss_room
                0x000000008028d990                cam_thi_move_cam_through_tunnel
                0x000000008028d9c4                cam_thi_look_through_tunnel
                0x000000008028d9f8                cam_bob_tower
                0x000000008028da40                cam_bob_default_free_roam
                0x000000008028da74                cam_castle_hmc_start_pool_cutscene
                0x000000008028dac8                cam_castle_lobby_entrance
                0x000000008028db40                cam_castle_look_upstairs
                0x000000008028dbec                cam_castle_basement_look_downstairs
                0x000000008028dc74                cam_castle_enter_lobby
                0x000000008028dcdc                cam_castle_enter_spiral_stairs
                0x000000008028dd68                cam_castle_close_mode
                0x000000008028dd94                cam_castle_leave_lobby_sliding_door
                0x000000008028ddcc                cam_castle_enter_lobby_sliding_door
                0x000000008028ddf8                cam_bbh_room_6
                0x000000008028de2c                cam_bbh_fall_off_roof
                0x000000008028de58                cam_bbh_fall_into_pool
                0x000000008028df00                cam_bbh_room_1
                0x000000008028df38                cam_bbh_leave_front_door
                0x000000008028df70                cam_bbh_room_2_lower
                0x000000008028dfa8                cam_bbh_room_4
                0x000000008028dfe0                cam_bbh_room_8
                0x000000008028e018                cam_bbh_room_5_library
                0x000000008028e050                cam_bbh_room_5_library_to_hidden_transition
                0x000000008028e0a0                cam_bbh_room_5_hidden_to_library_transition
                0x000000008028e0f0                cam_bbh_room_5_hidden
                0x000000008028e134                cam_bbh_room_3
                0x000000008028e16c                cam_bbh_room_7_mr_i
                0x000000008028e1a4                cam_bbh_room_7_mr_i_to_coffins_transition
                0x000000008028e1f4                cam_bbh_room_7_coffins_to_mr_i_transition
                0x000000008028e244                cam_bbh_elevator_room_lower
                0x000000008028e27c                cam_bbh_room_0_back_entrance
                0x000000008028e2a8                cam_bbh_elevator
                0x000000008028e30c                cam_bbh_room_12_upper
                0x000000008028e350                cam_bbh_enter_front_door
                0x000000008028e37c                cam_bbh_room_2_library
                0x000000008028e3b4                cam_bbh_room_2_library_to_trapdoor_transition
                0x000000008028e404                cam_bbh_room_2_trapdoor
                0x000000008028e43c                cam_bbh_room_2_trapdoor_transition
                0x000000008028e48c                cam_bbh_room_9_attic
                0x000000008028e4c4                cam_bbh_room_9_attic_transition
                0x000000008028e514                cam_bbh_room_9_mr_i_transition
                0x000000008028e564                cam_bbh_room_13_balcony
                0x000000008028e59c                cam_bbh_room_0
                0x000000008028e5e0                cam_ccm_enter_slide_shortcut
                0x000000008028e608                cam_ccm_leave_slide_shortcut
                0x000000008028e634                surface_type_modes
                0x000000008028e70c                set_mode_if_not_set_by_surface
                0x000000008028e774                surface_type_modes_thi
                0x000000008028e88c                camera_course_processing
                0x000000008028f04c                resolve_geometry_collisions
                0x000000008028f2f0                rotate_camera_around_walls
                0x000000008028f678                find_mario_floor_and_ceil
                0x000000008028f800                start_object_cutscene
                0x000000008028f834                start_object_cutscene_without_focus
                0x000000008028f860                unused_dialog_cutscene_response
                0x000000008028f8e0                cutscene_object_with_dialog
                0x000000008028f9a4                cutscene_object_without_dialog
                0x000000008028f9e8                cutscene_object
                0x000000008028fa74                update_camera_yaw
                0x000000008028fabc                cutscene_reset_spline
                0x000000008028fae0                stop_cutscene_and_retrieve_stored_info
                0x000000008028fb44                cap_switch_save
                0x000000008028fb80                init_spline_point
                0x000000008028fbd8                copy_spline_segment
                0x000000008028fd94                cutscene_common_set_dialog_state
                0x000000008028fe84                cutscene_intro_peach_start_letter_music
                0x000000008028feb0                cutscene_intro_peach_start_flying_music
                0x000000008028fedc                reset_pan_distance
                0x000000008028fefc                player2_rotate_cam
                0x0000000080290144                store_info_cannon
                0x00000000802901b4                retrieve_info_cannon
                0x0000000080290224                store_info_star
                0x00000000802902a8                retrieve_info_star
                0x0000000080290390                pan_camera
                0x000000008029041c                cutscene_shake_explosion
                0x000000008029047c                rotate_and_move_vec3f
                0x0000000080290514                set_flag_post_door
                0x0000000080290564                cutscene_soften_music
                0x0000000080290598                cutscene_unsoften_music
                0x00000000802905dc                cutscene_unused_start
                0x00000000802905f0                cutscene_unused_loop
                0x0000000080290604                cutscene_ending_mario_fall_start
                0x000000008029065c                cutscene_ending_mario_fall_focus_mario
                0x0000000080290750                cutscene_ending_mario_fall
                0x00000000802907c0                cutscene_ending_mario_land_closeup
                0x0000000080290834                cutscene_ending_reset_spline
                0x0000000080290870                cutscene_ending_fly_up_to_window
                0x00000000802908dc                cutscene_ending_stars_free_peach
                0x000000008029094c                cutscene_ending_mario_land
                0x0000000080290a34                cutscene_ending_peach_appear_closeup
                0x0000000080290ac8                cutscene_ending_peach_appears
                0x0000000080290b88                cutscene_ending_peach_descends_start
                0x0000000080290bc8                cutscene_ending_follow_peach_descent
                0x0000000080290c3c                cutscene_ending_peach_descent_lower_focus
                0x0000000080290c78                cutscene_ending_peach_descent_back_to_mario
                0x0000000080290d14                cutscene_ending_peach_descends
                0x0000000080290dec                cutscene_ending_mario_to_peach
                0x0000000080290e8c                cutscene_ending_look_up_at_castle
                0x0000000080290ed4                cutscene_ending_peach_wakeup
                0x0000000080290f94                cutscene_ending_dialog
                0x0000000080291014                cutscene_ending_kiss_closeup
                0x0000000080291078                cutscene_ending_kiss_here_we_go
                0x0000000080291134                cutscene_ending_kiss
                0x00000000802911a4                cutscene_ending_look_at_sky
                0x000000008029120c                cutscene_ending_zoom_fov
                0x0000000080291230                cutscene_ending_cake_for_mario
                0x00000000802912e4                cutscene_ending_stop
                0x0000000080291324                cutscene_grand_star_start
                0x000000008029139c                cutscene_grand_star_front_of_mario
                0x0000000080291474                cutscene_grand_star_mario_jump
                0x00000000802914d8                cutscene_grand_star_accel_cvar2
                0x0000000080291528                cutscene_grand_star_approach_mario
                0x00000000802915b4                cutscene_grand_star_move_cvar2
                0x00000000802915fc                cutscene_grand_star_focus_mario
                0x0000000080291690                cutscene_grand_star
                0x0000000080291770                cutscene_grand_star_fly_start
                0x0000000080291844                cutscene_grand_star_fly_move_to_mario
                0x00000000802918d8                cutscene_grand_star_fly_mario_offscreen
                0x00000000802919f8                cutscene_grand_star_fly_app_cvars
                0x0000000080291b24                cutscene_grand_star_fly
                0x0000000080291bbc                focus_in_front_of_mario
                0x0000000080291c4c                cutscene_dance_move_to_mario
                0x0000000080291ce4                cutscene_dance_rotate
                0x0000000080291d30                cutscene_dance_rotate_move_back
                0x0000000080291d78                cutscene_dance_rotate_move_towards_mario
                0x0000000080291dd4                cutscene_dance_default_focus_mario
                0x0000000080291e0c                cutscene_dance_rotate_focus_mario
                0x0000000080291e44                cutscene_dance_shake_fov
                0x0000000080291e78                cutscene_dance_default_rotate
                0x0000000080291fe8                star_dance_bound_yaw
                0x000000008029209c                cutscene_dance_closeup_start
                0x0000000080292190                cutscene_dance_closeup_focus_mario
                0x0000000080292228                cutscene_dance_closeup_fly_above
                0x0000000080292334                cutscene_dance_closeup_fly_closer
                0x00000000802923e0                cutscene_dance_closeup_zoom
                0x000000008029240c                cutscene_dance_closeup_shake_fov
                0x0000000080292440                cutscene_dance_closeup
                0x00000000802925c0                cutscene_dance_fly_away_start
                0x0000000080292740                cutscene_dance_fly_away_approach_mario
                0x00000000802927ec                cutscene_dance_fly_away_focus_mario
                0x0000000080292884                cutscene_pan_cvar9
                0x0000000080292900                cutscene_dance_fly_rotate_around_mario
                0x0000000080292958                cutscene_dance_fly_away_rotate_while_flying
                0x00000000802929a4                cutscene_dance_fly_away_shake_fov
                0x00000000802929d8                cutscene_dance_fly_away
                0x0000000080292ab0                cutscene_key_dance_jump_cvar
                0x0000000080292b24                cutscene_key_dance_jump_closeup
                0x0000000080292b80                cutscene_key_dance_jump_lower_left
                0x0000000080292be0                cutscene_key_dance_jump_above
                0x0000000080292c4c                cutscene_key_dance_jump_last
                0x0000000080292cb4                cutscene_key_dance_shake_fov
                0x0000000080292ce8                cutscene_key_dance_handheld_shake
                0x0000000080292d14                cutscene_key_dance_focus_mario
                0x0000000080292d4c                cutscene_key_dance
                0x0000000080292e48                cutscene_bowser_area_shake_fov
                0x0000000080292e74                cutscene_bowser_area_start_bowser_walking
                0x0000000080292e98                cutscene_bowser_arena_set_pos
                0x0000000080292f08                cutscene_bowser_arena_focus_sine
                0x0000000080292fa0                cutscene_bowser_arena_set_focus
                0x0000000080292fe4                cutscene_bowser_arena_adjust_offsets
                0x000000008029305c                cutscene_bowser_arena_pan_left
                0x000000008029309c                cutscene_bowser_arena_mario_dialog
                0x00000000802930c8                cutscene_stop_dialog
                0x00000000802930f4                cutscene_bowser_arena_start
                0x00000000802931a8                bowser_fight_intro_dialog
                0x000000008029322c                cutscene_bowser_arena_dialog
                0x0000000080293288                cutscene_bowser_arena_end
                0x0000000080293304                cutscene_bowser_arena
                0x000000008029347c                cutscene_star_spawn_store_info
                0x00000000802934a8                cutscene_star_spawn_focus_star
                0x0000000080293530                cutscene_star_spawn_update_boss_fight
                0x00000000802935b4                cutscene_star_spawn_fly_back
                0x00000000802935ec                cutscene_star_spawn
                0x0000000080293670                cutscene_star_spawn_back
                0x000000008029371c                cutscene_star_spawn_end
                0x0000000080293750                cutscene_exit_waterfall_warp
                0x0000000080293794                cutscene_exit_to_castle_grounds_focus_mario
                0x000000008029383c                cutscene_exit_waterfall
                0x0000000080293898                cutscene_exit_to_castle_grounds_end
                0x00000000802938ec                cutscene_exit_fall_to_castle_grounds_warp
                0x0000000080293930                cutscene_exit_fall_to_castle_grounds
                0x000000008029398c                cutscene_red_coin_star_start
                0x00000000802939e4                cutscene_red_coin_star_focus_xz
                0x0000000080293a48                cutscene_red_coin_star_focus_y
                0x0000000080293a8c                cutscene_red_coin_star_look_up_at_star
                0x0000000080293acc                cutscene_red_coin_star_warp
                0x0000000080293c8c                cutscene_red_coin_star_set_fov
                0x0000000080293cb0                cutscene_red_coin_star
                0x0000000080293d94                cutscene_red_coin_star_end
                0x0000000080293de8                cutscene_goto_cvar_pos
                0x00000000802940d8                cutscene_prepare_cannon_start
                0x0000000080294164                cutscene_prepare_cannon_fly_to_cannon
                0x00000000802941cc                cannon_approach_prev
                0x0000000080294260                cutscene_prepare_cannon_fly_back
                0x00000000802943d4                cutscene_prepare_cannon
                0x0000000080294454                cutscene_prepare_cannon_end
                0x00000000802944a8                water_death_move_to_mario_side
                0x0000000080294538                death_goto_mario
                0x0000000080294574                cutscene_death_standing_start
                0x00000000802945e8                cutscene_death_standing_goto_mario
                0x000000008029461c                cutscene_death_standing
                0x0000000080294684                cutscene_death_stomach_start
                0x0000000080294708                cutscene_death_stomach_goto_mario
                0x0000000080294774                cutscene_death_stomach
                0x00000000802947e4                cutscene_bbh_death_start
                0x0000000080294868                cutscene_bbh_death_goto_mario
                0x00000000802948a8                cutscene_bbh_death
                0x0000000080294918                cutscene_quicksand_death_start
                0x0000000080294954                cutscene_quicksand_death_goto_mario
                0x00000000802949ac                cutscene_quicksand_death
                0x0000000080294a70                cutscene_suffocation_fly_away
                0x0000000080294b00                cutscene_suffocation_stay_above_gas
                0x0000000080294bb0                cutscene_suffocation_rotate
                0x0000000080294c30                cutscene_suffocation
                0x0000000080294cd0                cutscene_enter_pool_start
                0x0000000080294d9c                cutscene_enter_pool_loop
                0x0000000080294dd8                cutscene_enter_pool
                0x0000000080294e40                cutscene_pyramid_top_explode_start
                0x0000000080294eac                cutscene_pyramid_top_explode_zoom_in
                0x0000000080294ed8                cutscene_pyramid_top_explode_focus
                0x0000000080294f40                cutscene_pyramid_top_explode_warp
                0x0000000080295030                cutscene_pyramid_top_explode_closeup
                0x0000000080295100                cutscene_pyramid_top_explode_cam_shake
                0x000000008029512c                cutscene_pyramid_top_explode_warp_back
                0x0000000080295188                cutscene_pyramid_top_explode
                0x0000000080295254                cutscene_pyramid_top_explode_end
                0x0000000080295294                cutscene_enter_pyramid_top_start
                0x00000000802952f0                cutscene_enter_pyramid_top
                0x0000000080295418                cutscene_dialog_start
                0x0000000080295568                cutscene_dialog_move_mario_shoulder
                0x000000008029579c                cutscene_dialog_create_dialog_box
                0x0000000080295804                cutscene_dialog
                0x0000000080295928                cutscene_dialog_set_flag
                0x0000000080295950                cutscene_dialog_end
                0x0000000080295998                cutscene_read_message_start
                0x0000000080295ad8                cutscene_read_message
                0x0000000080295c40                cutscene_read_message_set_flag
                0x0000000080295c68                cutscene_read_message_end
                0x0000000080295c90                cutscene_exit_succ_start
                0x0000000080295d30                cutscene_non_painting_set_cam_pos
                0x0000000080295ea4                cutscene_non_painting_set_cam_focus
                0x0000000080295fd4                cutscene_exit_bowser_succ_focus_left
                0x0000000080296014                cutscene_exit_bowser_key_toss_shake
                0x000000008029605c                cutscene_exit_succ_shake_landing
                0x0000000080296088                cutscene_exit_bowser_succ
                0x000000008029613c                cutscene_non_painting_end
                0x00000000802961d4                cutscene_exit_non_painting_succ_override_cvar
                0x0000000080296218                cutscene_exit_non_painting_succ
                0x00000000802962d4                cutscene_non_painting_death_start
                0x0000000080296370                cutscene_exit_bowser_death
                0x00000000802963dc                cutscene_non_painting_death_override_offset
                0x00000000802964a8                cutscene_non_painting_death
                0x0000000080296540                cutscene_cap_switch_press_start
                0x00000000802965c4                cutscene_cap_switch_press_rotate_around_mario
                0x00000000802966d8                cutscene_cap_switch_press_lower_cam
                0x0000000080296720                cutscene_cap_switch_press_approach_mario
                0x000000008029682c                cutscene_cap_switch_press_pan_left
                0x00000000802968b0                cutscene_cap_switch_press_create_dialog
                0x0000000080296920                cutscene_cap_switch_press
                0x0000000080296ac0                cutscene_unlock_key_door_start
                0x0000000080296b84                cutscene_unlock_key_door_approach_mario
                0x0000000080296c08                cutscene_unlock_key_door_focus_lock
                0x0000000080296c64                cutscene_unlock_key_door_stub
                0x0000000080296c78                cutscene_unlock_key_door_fly_back
                0x0000000080296cfc                cutscene_unlock_key_door_fov_shake
                0x0000000080296d28                cutscene_unlock_key_door
                0x0000000080296ddc                intro_peach_move_camera_start_to_pipe
                0x0000000080296ed8                peach_letter_text
                0x0000000080296f04                cutscene_intro_peach_start_to_pipe_spline
                0x0000000080296f6c                cutscene_intro_peach_dialog
                0x0000000080296ffc                cutscene_intro_peach_follow_pipe_spline
                0x0000000080297068                cutscene_intro_peach_clear_cutscene_status
                0x0000000080297088                cutscene_intro_peach_zoom_fov
                0x00000000802970c4                cutscene_intro_peach_reset_spline
                0x0000000080297108                cutscene_intro_peach_handheld_shake_off
                0x0000000080297134                intro_pipe_exit_text
                0x0000000080297160                cutscene_intro_peach_fly_to_pipe
                0x0000000080297204                cutscene_intro_peach_mario_appears
                0x0000000080297334                cutscene_intro_peach_reset_fov
                0x0000000080297360                cutscene_intro_peach_letter
                0x000000008029743c                cutscene_end_waving_start
                0x0000000080297468                cutscene_end_waving
                0x00000000802974f8                cutscene_credits_reset_spline
                0x0000000080297524                cutscene_credits
                0x00000000802979c0                cutscene_sliding_doors_open_start
                0x0000000080297a80                cutscene_sliding_doors_open_set_cvars
                0x0000000080297afc                cutscene_sliding_doors_go_under_doorway
                0x0000000080297b38                cutscene_sliding_doors_fly_back_up
                0x0000000080297b74                cutscene_sliding_doors_follow_mario
                0x0000000080297c98                cutscene_sliding_doors_open
                0x0000000080297d3c                cutscene_double_doors_end
                0x0000000080297d84                cutscene_enter_painting_stub
                0x0000000080297d98                cutscene_enter_painting
                0x0000000080298094                cutscene_exit_painting_start
                0x0000000080298230                cutscene_exit_painting_move_to_mario
                0x00000000802982cc                cutscene_exit_painting_move_to_floor
                0x00000000802983dc                cutscene_exit_painting
                0x0000000080298484                cutscene_unused_exit_start
                0x0000000080298510                cutscene_unused_exit_focus_mario
                0x00000000802985b0                cutscene_exit_painting_end
                0x0000000080298628                cutscene_enter_cannon_end
                0x0000000080298680                cutscene_enter_cannon_raise
                0x00000000802988cc                cutscene_enter_cannon_start
                0x00000000802989e4                cutscene_door_start
                0x0000000080298a38                cutscene_door_fix_cam
                0x0000000080298a8c                cutscene_door_loop
                0x0000000080298ad4                cutscene_door_move_behind_mario
                0x0000000080298bb0                cutscene_door_follow_mario
                0x0000000080298c44                cutscene_door_end
                0x0000000080298ce8                cutscene_door_mode
                0x0000000080298dcc                play_cutscene
                0x0000000080299bdc                cutscene_event
                0x0000000080299c60                cutscene_spawn_obj
                0x0000000080299c98                set_fov_shake
                0x0000000080299d00                set_fov_shake_from_point
                0x0000000080299db4                shake_camera_fov
                0x0000000080299ecc                set_fov_30
                0x0000000080299ef0                approach_fov_20
                0x0000000080299f30                set_fov_45
                0x0000000080299f54                set_fov_29
                0x0000000080299f78                zoom_fov_30
                0x0000000080299fd8                fov_default
                0x000000008029a13c                approach_fov_30
                0x000000008029a178                approach_fov_60
                0x000000008029a1b4                approach_fov_45
                0x000000008029a24c                approach_fov_80
                0x000000008029a288                set_fov_bbh
                0x000000008029a320                geo_camera_fov
                0x000000008029a478                set_fov_function
                0x000000008029a494                cutscene_set_fov_shake_preset
                0x000000008029a514                set_fov_shake_from_point_preset
                0x000000008029a7dc                obj_rotate_towards_point
                0x000000008029a87c                intro_peach_set_pos_and_opacity
                0x000000008029a970                bhv_intro_peach_loop
                0x000000008029ab70                intro_lakitu_set_offset_from_camera
                0x000000008029ac3c                intro_lakitu_set_focus
                0x000000008029acac                intro_lakitu_set_pos_and_focus
                0x000000008029ad80                bhv_intro_lakitu_loop
                0x000000008029b664                bhv_end_birds_1_loop
                0x000000008029b7e4                bhv_end_birds_2_loop
                0x000000008029b964                spawn_child_obj_relative
                0x000000008029bad4                bhv_intro_scene_loop
 build/jp/src/game/debug_course.o(.text)
 .text          0x000000008029bff0       0x10 build/jp/src/game/debug_course.o
                0x000000008029bff0                nop_change_course
 build/jp/src/game/object_list_processor.o(.text)
 .text          0x000000008029c000     0x1100 build/jp/src/game/object_list_processor.o
                0x000000008029c000                copy_mario_state_to_object
                0x000000008029c24c                spawn_particle
                0x000000008029c2d8                bhv_mario_update
                0x000000008029c3b4                update_objects_starting_at
                0x000000008029c448                update_objects_during_time_stop
                0x000000008029c5a8                update_objects_in_list
                0x000000008029c618                unload_deactivated_objects_in_list
                0x000000008029c6d8                set_object_respawn_info_bits
                0x000000008029c75c                unload_objects_from_area
                0x000000008029c830                spawn_objects_from_info
                0x000000008029ca50                stub_obj_list_processor_1
                0x000000008029ca60                clear_objects
                0x000000008029cb9c                update_terrain_objects
                0x000000008029cbec                update_non_terrain_objects
                0x000000008029cca0                unload_deactivated_objects
                0x000000008029cf08                update_objects
 build/jp/src/game/object_helpers.o(.text)
 .text          0x000000008029d100     0x7cb0 build/jp/src/game/object_helpers.o
                0x000000008029d100                geo_update_projectile_pos_from_parent
                0x000000008029d194                geo_update_layer_transparency
                0x000000008029d3cc                geo_switch_anim_state
                0x000000008029d458                geo_switch_area
                0x000000008029d558                obj_update_pos_from_parent_transformation
                0x000000008029d62c                obj_apply_scale_to_matrix
                0x000000008029d704                create_transformation_from_matrices
                0x000000008029da34                obj_set_held_state
                0x000000008029db00                lateral_dist_between_objects
                0x000000008029db7c                dist_between_objects
                0x000000008029dc1c                cur_obj_forward_vel_approach_upward
                0x000000008029dc6c                approach_f32_signed
                0x000000008029dd18                approach_f32_symmetric
                0x000000008029ddb4                approach_s16_symmetric
                0x000000008029de70                cur_obj_rotate_yaw_toward
                0x000000008029df18                obj_angle_to_object